../Core/Src/frucd_display.c:67:6:Display_Init	8	static
../Core/Src/frucd_display.c:85:6:Display_CalibrateScreen	16	static
../Core/Src/frucd_display.c:106:6:Display_DebugTemplate	8	static
../Core/Src/frucd_display.c:127:6:Display_DriveTemplate	16	static
../Core/Src/frucd_display.c:172:6:Display_Update	8	static
../Core/Src/frucd_display.c:186:6:draw_soc	16	static
../Core/Src/frucd_display.c:191:6:draw_bms_temp	16	static
../Core/Src/frucd_display.c:196:6:draw_state	40	static
../Core/Src/frucd_display.c:326:6:draw_glv_v	24	static
../Core/Src/frucd_display.c:348:10:value_to_color	8	static
../Core/Src/frucd_display.c:390:6:draw_value_textbox	80	static
../Core/Src/frucd_display.c:406:6:draw_textbox	48	static
