../Drivers/CMSIS/Include/core_cm7.h:1896:22:__NVIC_EnableIRQ	16	static
../Core/Inc/sd_card.h:21:6:bufclear	16	static
../Core/Inc/sd_card.h:27:6:mount_sd_card	4160	static
../Core/Inc/sd_card.h:64:6:write_rx_to_sd	72	static
../Core/Inc/sd_card.h:74:6:write_tx_to_sd	72	static
../Core/Inc/sd_card.h:84:6:sd_card_close_file	4	static
../Core/Src/main.c:110:9:traction_control_enable	8	static
../Core/Src/main.c:114:9:display_debug_enabled	8	static
../Core/Src/main.c:118:9:hv_switch	8	static
../Core/Src/main.c:122:9:drive_switch	8	static
../Core/Src/main.c:127:9:shutdown_closed	4	static
../Core/Src/main.c:134:6:HAL_TIM_PeriodElapsedCallback	16	static
../Core/Src/main.c:149:6:HAL_GPIO_EXTI_Callback	16	static
../Core/Src/main.c:169:5:main	120	static
../Core/Src/main.c:458:6:SystemClock_Config	88	static
../Core/Src/main.c:511:13:MX_ADC1_Init	24	static
../Core/Src/main.c:563:13:MX_ADC3_Init	24	static
../Core/Src/main.c:615:13:MX_CAN1_Init	48	static
../Core/Src/main.c:686:13:MX_CAN2_Init	8	static
../Core/Src/main.c:723:13:MX_SDMMC1_SD_Init	4	static
../Core/Src/main.c:751:13:MX_TIM2_Init	40	static
../Core/Src/main.c:800:13:MX_TIM4_Init	40	static
../Core/Src/main.c:849:13:MX_TIM7_Init	24	static
../Core/Src/main.c:888:13:MX_UART4_Init	8	static
../Core/Src/main.c:923:13:MX_UART7_Init	8	static
../Core/Src/main.c:958:13:MX_USART3_UART_Init	8	static
../Core/Src/main.c:991:13:MX_DMA_Init	16	static
../Core/Src/main.c:1014:13:MX_FMC_Init	40	static
../Core/Src/main.c:1072:13:MX_GPIO_Init	64	static
../Core/Src/main.c:1146:6:Error_Handler	8	static,ignoring_inline_asm
