../Drivers/CMSIS/Include/core_cm7.h:1896:22:__NVIC_EnableIRQ	16	static
../Core/Inc/sd_card.h:21:6:bufclear	16	static
../Core/Inc/sd_card.h:27:6:mount_sd_card	4160	static
../Core/Inc/sd_card.h:63:6:write_rx_to_sd	72	static
../Core/Inc/sd_card.h:73:6:write_tx_to_sd	72	static
../Core/Inc/sd_card.h:83:6:sd_card_close_file	4	static
../Core/Src/main.c:121:9:traction_control_enable	8	static
../Core/Src/main.c:125:9:display_debug_enabled	8	static
../Core/Src/main.c:129:9:hv_switch	8	static
../Core/Src/main.c:133:9:drive_switch	8	static
../Core/Src/main.c:138:9:shutdown_closed	4	static
../Core/Src/main.c:145:6:HAL_TIM_PeriodElapsedCallback	16	static
../Core/Src/main.c:161:6:HAL_GPIO_EXTI_Callback	16	static
../Core/Src/main.c:175:5:main	120	static
../Core/Src/main.c:446:6:SystemClock_Config	88	static
../Core/Src/main.c:499:13:MX_ADC1_Init	24	static
../Core/Src/main.c:551:13:MX_ADC3_Init	24	static
../Core/Src/main.c:603:13:MX_CAN1_Init	48	static
../Core/Src/main.c:674:13:MX_CAN2_Init	8	static
../Core/Src/main.c:711:13:MX_SDMMC1_SD_Init	4	static
../Core/Src/main.c:739:13:MX_TIM2_Init	40	static
../Core/Src/main.c:788:13:MX_TIM4_Init	40	static
../Core/Src/main.c:837:13:MX_TIM7_Init	24	static
../Core/Src/main.c:876:13:MX_UART4_Init	8	static
../Core/Src/main.c:911:13:MX_UART7_Init	8	static
../Core/Src/main.c:946:13:MX_USART3_UART_Init	8	static
../Core/Src/main.c:979:13:MX_DMA_Init	16	static
../Core/Src/main.c:1002:13:MX_FMC_Init	40	static
../Core/Src/main.c:1060:13:MX_GPIO_Init	64	static
../Core/Src/main.c:1134:6:Error_Handler	8	static,ignoring_inline_asm
