../Core/Src/sensors.c:23:10:get_adc_conversion	24	static
../Core/Src/sensors.c:40:6:run_calibration	8	static
../Core/Src/sensors.c:46:6:update_sensor_vals	8	static
../Core/Src/sensors.c:78:10:requested_throttle	16	static
../Core/Src/sensors.c:94:6:temp_attenuate	16	static
../Core/Src/sensors.c:105:6:sensors_calibrated	4	static
../Core/Src/sensors.c:112:6:braking	4	static
../Core/Src/sensors.c:117:6:brake_mashed	4	static
../Core/Src/sensors.c:125:6:has_discrepancy	4	static
../Core/Src/sensors.c:138:6:brake_implausible	4	static
../Core/Src/sensors.c:151:6:update_percent	24	static
../Core/Src/sensors.c:156:6:update_minmax	16	static
../Core/Src/sensors.c:162:10:clamp	16	static
../Core/Src/sensors.c:168:6:init_sensors	4	static
