../Core/Src/stm32f7xx_hal_msp.c:64:6:HAL_MspInit	16	static
../Core/Src/stm32f7xx_hal_msp.c:86:6:HAL_ADC_MspInit	56	static
../Core/Src/stm32f7xx_hal_msp.c:142:6:HAL_ADC_MspDeInit	16	static
../Core/Src/stm32f7xx_hal_msp.c:191:6:HAL_CAN_MspInit	56	static
../Core/Src/stm32f7xx_hal_msp.c:261:6:HAL_CAN_MspDeInit	16	static
../Core/Src/stm32f7xx_hal_msp.c:317:6:HAL_SD_MspInit	184	static
../Core/Src/stm32f7xx_hal_msp.c:378:6:HAL_SD_MspDeInit	16	static
../Core/Src/stm32f7xx_hal_msp.c:414:6:HAL_TIM_Base_MspInit	56	static
../Core/Src/stm32f7xx_hal_msp.c:472:6:HAL_TIM_Base_MspDeInit	16	static
../Core/Src/stm32f7xx_hal_msp.c:517:6:HAL_UART_MspInit	184	static
../Core/Src/stm32f7xx_hal_msp.c:598:6:HAL_UART_MspDeInit	16	static
../Core/Src/stm32f7xx_hal_msp.c:641:13:HAL_FMC_MspInit	32	static
../Core/Src/stm32f7xx_hal_msp.c:706:6:HAL_SRAM_MspInit	16	static
../Core/Src/stm32f7xx_hal_msp.c:718:13:HAL_FMC_MspDeInit	8	static
../Core/Src/stm32f7xx_hal_msp.c:766:6:HAL_SRAM_MspDeInit	16	static
