Archive member included to satisfy reference by file (symbol)

C:/ST/STM32CubeIDE_1.13.1/STM32CubeIDE/plugins/com.st.stm32cube.ide.mcu.externaltools.gnu-tools-for-stm32.11.3.rel1.win32_1.1.100.202309141235/tools/bin/../lib/gcc/arm-none-eabi/11.3.1/../../../../arm-none-eabi/lib/thumb/v7e-m+fp/hard\libc_nano.a(libc_a-exit.o)
                              C:/ST/STM32CubeIDE_1.13.1/STM32CubeIDE/plugins/com.st.stm32cube.ide.mcu.externaltools.gnu-tools-for-stm32.11.3.rel1.win32_1.1.100.202309141235/tools/bin/../lib/gcc/arm-none-eabi/11.3.1/../../../../arm-none-eabi/lib/thumb/v7e-m+fp/hard/crt0.o (exit)
C:/ST/STM32CubeIDE_1.13.1/STM32CubeIDE/plugins/com.st.stm32cube.ide.mcu.externaltools.gnu-tools-for-stm32.11.3.rel1.win32_1.1.100.202309141235/tools/bin/../lib/gcc/arm-none-eabi/11.3.1/../../../../arm-none-eabi/lib/thumb/v7e-m+fp/hard\libc_nano.a(libc_a-malloc.o)
                              ./Middlewares/ST/STM32_USB_Device_Library/Class/CDC/Src/usbd_cdc.o (malloc)
C:/ST/STM32CubeIDE_1.13.1/STM32CubeIDE/plugins/com.st.stm32cube.ide.mcu.externaltools.gnu-tools-for-stm32.11.3.rel1.win32_1.1.100.202309141235/tools/bin/../lib/gcc/arm-none-eabi/11.3.1/../../../../arm-none-eabi/lib/thumb/v7e-m+fp/hard\libc_nano.a(libc_a-mallocr.o)
                              C:/ST/STM32CubeIDE_1.13.1/STM32CubeIDE/plugins/com.st.stm32cube.ide.mcu.externaltools.gnu-tools-for-stm32.11.3.rel1.win32_1.1.100.202309141235/tools/bin/../lib/gcc/arm-none-eabi/11.3.1/../../../../arm-none-eabi/lib/thumb/v7e-m+fp/hard\libc_nano.a(libc_a-malloc.o) (_malloc_r)
C:/ST/STM32CubeIDE_1.13.1/STM32CubeIDE/plugins/com.st.stm32cube.ide.mcu.externaltools.gnu-tools-for-stm32.11.3.rel1.win32_1.1.100.202309141235/tools/bin/../lib/gcc/arm-none-eabi/11.3.1/../../../../arm-none-eabi/lib/thumb/v7e-m+fp/hard\libc_nano.a(libc_a-mlock.o)
                              C:/ST/STM32CubeIDE_1.13.1/STM32CubeIDE/plugins/com.st.stm32cube.ide.mcu.externaltools.gnu-tools-for-stm32.11.3.rel1.win32_1.1.100.202309141235/tools/bin/../lib/gcc/arm-none-eabi/11.3.1/../../../../arm-none-eabi/lib/thumb/v7e-m+fp/hard\libc_nano.a(libc_a-mallocr.o) (__malloc_lock)
C:/ST/STM32CubeIDE_1.13.1/STM32CubeIDE/plugins/com.st.stm32cube.ide.mcu.externaltools.gnu-tools-for-stm32.11.3.rel1.win32_1.1.100.202309141235/tools/bin/../lib/gcc/arm-none-eabi/11.3.1/../../../../arm-none-eabi/lib/thumb/v7e-m+fp/hard\libc_nano.a(libc_a-findfp.o)
                              C:/ST/STM32CubeIDE_1.13.1/STM32CubeIDE/plugins/com.st.stm32cube.ide.mcu.externaltools.gnu-tools-for-stm32.11.3.rel1.win32_1.1.100.202309141235/tools/bin/../lib/gcc/arm-none-eabi/11.3.1/../../../../arm-none-eabi/lib/thumb/v7e-m+fp/hard\libc_nano.a(libc_a-exit.o) (__stdio_exit_handler)
C:/ST/STM32CubeIDE_1.13.1/STM32CubeIDE/plugins/com.st.stm32cube.ide.mcu.externaltools.gnu-tools-for-stm32.11.3.rel1.win32_1.1.100.202309141235/tools/bin/../lib/gcc/arm-none-eabi/11.3.1/../../../../arm-none-eabi/lib/thumb/v7e-m+fp/hard\libc_nano.a(libc_a-fwalk.o)
                              C:/ST/STM32CubeIDE_1.13.1/STM32CubeIDE/plugins/com.st.stm32cube.ide.mcu.externaltools.gnu-tools-for-stm32.11.3.rel1.win32_1.1.100.202309141235/tools/bin/../lib/gcc/arm-none-eabi/11.3.1/../../../../arm-none-eabi/lib/thumb/v7e-m+fp/hard\libc_nano.a(libc_a-findfp.o) (_fwalk_sglue)
C:/ST/STM32CubeIDE_1.13.1/STM32CubeIDE/plugins/com.st.stm32cube.ide.mcu.externaltools.gnu-tools-for-stm32.11.3.rel1.win32_1.1.100.202309141235/tools/bin/../lib/gcc/arm-none-eabi/11.3.1/../../../../arm-none-eabi/lib/thumb/v7e-m+fp/hard\libc_nano.a(libc_a-sprintf.o)
                              ./Core/Src/frucd_display.o (sprintf)
C:/ST/STM32CubeIDE_1.13.1/STM32CubeIDE/plugins/com.st.stm32cube.ide.mcu.externaltools.gnu-tools-for-stm32.11.3.rel1.win32_1.1.100.202309141235/tools/bin/../lib/gcc/arm-none-eabi/11.3.1/../../../../arm-none-eabi/lib/thumb/v7e-m+fp/hard\libc_nano.a(libc_a-stdio.o)
                              C:/ST/STM32CubeIDE_1.13.1/STM32CubeIDE/plugins/com.st.stm32cube.ide.mcu.externaltools.gnu-tools-for-stm32.11.3.rel1.win32_1.1.100.202309141235/tools/bin/../lib/gcc/arm-none-eabi/11.3.1/../../../../arm-none-eabi/lib/thumb/v7e-m+fp/hard\libc_nano.a(libc_a-findfp.o) (__sread)
C:/ST/STM32CubeIDE_1.13.1/STM32CubeIDE/plugins/com.st.stm32cube.ide.mcu.externaltools.gnu-tools-for-stm32.11.3.rel1.win32_1.1.100.202309141235/tools/bin/../lib/gcc/arm-none-eabi/11.3.1/../../../../arm-none-eabi/lib/thumb/v7e-m+fp/hard\libc_nano.a(libc_a-memset.o)
                              C:/ST/STM32CubeIDE_1.13.1/STM32CubeIDE/plugins/com.st.stm32cube.ide.mcu.externaltools.gnu-tools-for-stm32.11.3.rel1.win32_1.1.100.202309141235/tools/bin/../lib/gcc/arm-none-eabi/11.3.1/../../../../arm-none-eabi/lib/thumb/v7e-m+fp/hard/crt0.o (memset)
C:/ST/STM32CubeIDE_1.13.1/STM32CubeIDE/plugins/com.st.stm32cube.ide.mcu.externaltools.gnu-tools-for-stm32.11.3.rel1.win32_1.1.100.202309141235/tools/bin/../lib/gcc/arm-none-eabi/11.3.1/../../../../arm-none-eabi/lib/thumb/v7e-m+fp/hard\libc_nano.a(libc_a-closer.o)
[...]
Memory Configuration

Name             Origin             Length             Attributes
RAM              0x0000000020000000 0x0000000000050000 xrw
FLASH            0x0000000008000000 0x0000000000100000 xr
*default*        0x0000000000000000 0xffffffffffffffff

Linker script and memory map

LOAD C:/ST/STM32CubeIDE_1.13.1/STM32CubeIDE/plugins/com.st.stm32cube.ide.mcu.externaltools.gnu-tools-for-stm32.11.3.rel1.win32_1.1.100.202309141235/tools/bin/../lib/gcc/arm-none-eabi/11.3.1/thumb/v7e-m+fp/hard/crti.o
LOAD C:/ST/STM32CubeIDE_1.13.1/STM32CubeIDE/plugins/com.st.stm32cube.ide.mcu.externaltools.gnu-tools-for-stm32.11.3.rel1.win32_1.1.100.202309141235/tools/bin/../lib/gcc/arm-none-eabi/11.3.1/thumb/v7e-m+fp/hard/crtbegin.o
LOAD C:/ST/STM32CubeIDE_1.13.1/STM32CubeIDE/plugins/com.st.stm32cube.ide.mcu.externaltools.gnu-tools-for-stm32.11.3.rel1.win32_1.1.100.202309141235/tools/bin/../lib/gcc/arm-none-eabi/11.3.1/../../../../arm-none-eabi/lib/thumb/v7e-m+fp/hard/crt0.o
LOAD ./Core/Src/can_manager.o
LOAD ./Core/Src/frucd_display.o
LOAD ./Core/Src/fsm.o
LOAD ./Core/Src/main.o
LOAD ./Core/Src/sensors.o
LOAD ./Core/Src/serial_print.o
LOAD ./Core/Src/stm32f7xx_hal_msp.o
LOAD ./Core/Src/stm32f7xx_it.o
LOAD ./Core/Src/syscalls.o
LOAD ./Core/Src/sysmem.o
LOAD ./Core/Src/system_stm32f7xx.o
LOAD ./Core/Src/traction_control.o
LOAD ./Core/Src/ugui.o
LOAD ./Core/Src/ugui_SSD1963.o
LOAD ./Core/Startup/startup_stm32f746zgtx.o
LOAD ./Drivers/STM32F7xx_HAL_Driver/Src/stm32f7xx_hal.o
LOAD ./Drivers/STM32F7xx_HAL_Driver/Src/stm32f7xx_hal_adc.o
LOAD ./Drivers/STM32F7xx_HAL_Driver/Src/stm32f7xx_hal_adc_ex.o
LOAD ./Drivers/STM32F7xx_HAL_Driver/Src/stm32f7xx_hal_can.o
LOAD ./Drivers/STM32F7xx_HAL_Driver/Src/stm32f7xx_hal_cortex.o
LOAD ./Drivers/STM32F7xx_HAL_Driver/Src/stm32f7xx_hal_dma.o
LOAD ./Drivers/STM32F7xx_HAL_Driver/Src/stm32f7xx_hal_dma_ex.o
LOAD ./Drivers/STM32F7xx_HAL_Driver/Src/stm32f7xx_hal_exti.o
LOAD ./Drivers/STM32F7xx_HAL_Driver/Src/stm32f7xx_hal_flash.o
LOAD ./Drivers/STM32F7xx_HAL_Driver/Src/stm32f7xx_hal_flash_ex.o
LOAD ./Drivers/STM32F7xx_HAL_Driver/Src/stm32f7xx_hal_gpio.o
LOAD ./Drivers/STM32F7xx_HAL_Driver/Src/stm32f7xx_hal_i2c.o
LOAD ./Drivers/STM32F7xx_HAL_Driver/Src/stm32f7xx_hal_i2c_ex.o
LOAD ./Drivers/STM32F7xx_HAL_Driver/Src/stm32f7xx_hal_pcd.o
LOAD ./Drivers/STM32F7xx_HAL_Driver/Src/stm32f7xx_hal_pcd_ex.o
LOAD ./Drivers/STM32F7xx_HAL_Driver/Src/stm32f7xx_hal_pwr.o
LOAD ./Drivers/STM32F7xx_HAL_Driver/Src/stm32f7xx_hal_pwr_ex.o
LOAD ./Drivers/STM32F7xx_HAL_Driver/Src/stm32f7xx_hal_rcc.o
LOAD ./Drivers/STM32F7xx_HAL_Driver/Src/stm32f7xx_hal_rcc_ex.o
LOAD ./Drivers/STM32F7xx_HAL_Driver/Src/stm32f7xx_hal_sd.o
LOAD ./Drivers/STM32F7xx_HAL_Driver/Src/stm32f7xx_hal_sram.o
LOAD ./Drivers/STM32F7xx_HAL_Driver/Src/stm32f7xx_hal_tim.o
LOAD ./Drivers/STM32F7xx_HAL_Driver/Src/stm32f7xx_hal_tim_ex.o
LOAD ./Drivers/STM32F7xx_HAL_Driver/Src/stm32f7xx_hal_uart.o
LOAD ./Drivers/STM32F7xx_HAL_Driver/Src/stm32f7xx_hal_uart_ex.o
LOAD ./Drivers/STM32F7xx_HAL_Driver/Src/stm32f7xx_ll_fmc.o
LOAD ./Drivers/STM32F7xx_HAL_Driver/Src/stm32f7xx_ll_sdmmc.o
LOAD ./Drivers/STM32F7xx_HAL_Driver/Src/stm32f7xx_ll_usb.o
LOAD ./Middlewares/ST/STM32_USB_Device_Library/Class/CDC/Src/usbd_cdc.o
LOAD ./Middlewares/ST/STM32_USB_Device_Library/Core/Src/usbd_core.o
LOAD ./Middlewares/ST/STM32_USB_Device_Library/Core/Src/usbd_ctlreq.o
LOAD ./Middlewares/ST/STM32_USB_Device_Library/Core/Src/usbd_ioreq.o
LOAD ./USB_DEVICE/App/usb_device.o
LOAD ./USB_DEVICE/App/usbd_cdc_if.o
LOAD ./USB_DEVICE/App/usbd_desc.o
LOAD ./USB_DEVICE/Target/usbd_conf.o
START GROUP
LOAD C:/ST/STM32CubeIDE_1.13.1/STM32CubeIDE/plugins/com.st.stm32cube.ide.mcu.externaltools.gnu-tools-for-stm32.11.3.rel1.win32_1.1.100.202309141235/tools/bin/../lib/gcc/arm-none-eabi/11.3.1/../../../../arm-none-eabi/lib/thumb/v7e-m+fp/hard\libc_nano.a
LOAD C:/ST/STM32CubeIDE_1.13.1/STM32CubeIDE/plugins/com.st.stm32cube.ide.mcu.externaltools.gnu-tools-for-stm32.11.3.rel1.win32_1.1.100.202309141235/tools/bin/../lib/gcc/arm-none-eabi/11.3.1/../../../../arm-none-eabi/lib/thumb/v7e-m+fp/hard\libm.a
END GROUP
START GROUP
LOAD C:/ST/STM32CubeIDE_1.13.1/STM32CubeIDE/plugins/com.st.stm32cube.ide.mcu.externaltools.gnu-tools-for-stm32.11.3.rel1.win32_1.1.100.202309141235/tools/bin/../lib/gcc/arm-none-eabi/11.3.1/thumb/v7e-m+fp/hard\libgcc.a
LOAD C:/ST/STM32CubeIDE_1.13.1/STM32CubeIDE/plugins/com.st.stm32cube.ide.mcu.externaltools.gnu-tools-for-stm32.11.3.rel1.win32_1.1.100.202309141235/tools/bin/../lib/gcc/arm-none-eabi/11.3.1/../../../../arm-none-eabi/lib/thumb/v7e-m+fp/hard\libc_nano.a
END GROUP
START GROUP
LOAD C:/ST/STM32CubeIDE_1.13.1/STM32CubeIDE/plugins/com.st.stm32cube.ide.mcu.externaltools.gnu-tools-for-stm32.11.3.rel1.win32_1.1.100.202309141235/tools/bin/../lib/gcc/arm-none-eabi/11.3.1/thumb/v7e-m+fp/hard\libgcc.a
LOAD C:/ST/STM32CubeIDE_1.13.1/STM32CubeIDE/plugins/com.st.stm32cube.ide.mcu.externaltools.gnu-tools-for-stm32.11.3.rel1.win32_1.1.100.202309141235/tools/bin/../lib/gcc/arm-none-eabi/11.3.1/../../../../arm-none-eabi/lib/thumb/v7e-m+fp/hard\libc_nano.a
LOAD C:/ST/STM32CubeIDE_1.13.1/STM32CubeIDE/plugins/com.st.stm32cube.ide.mcu.externaltools.gnu-tools-for-stm32.11.3.rel1.win32_1.1.100.202309141235/tools/bin/../lib/gcc/arm-none-eabi/11.3.1/../../../../arm-none-eabi/lib/thumb/v7e-m+fp/hard\libnosys.a
END GROUP
START GROUP
LOAD C:/ST/STM32CubeIDE_1.13.1/STM32CubeIDE/plugins/com.st.stm32cube.ide.mcu.externaltools.gnu-tools-for-stm32.11.3.rel1.win32_1.1.100.202309141235/tools/bin/../lib/gcc/arm-none-eabi/11.3.1/thumb/v7e-m+fp/hard\libgcc.a
LOAD C:/ST/STM32CubeIDE_1.13.1/STM32CubeIDE/plugins/com.st.stm32cube.ide.mcu.externaltools.gnu-tools-for-stm32.11.3.rel1.win32_1.1.100.202309141235/tools/bin/../lib/gcc/arm-none-eabi/11.3.1/../../../../arm-none-eabi/lib/thumb/v7e-m+fp/hard\libc_nano.a
LOAD C:/ST/STM32CubeIDE_1.13.1/STM32CubeIDE/plugins/com.st.stm32cube.ide.mcu.externaltools.gnu-tools-for-stm32.11.3.rel1.win32_1.1.100.202309141235/tools/bin/../lib/gcc/arm-none-eabi/11.3.1/../../../../arm-none-eabi/lib/thumb/v7e-m+fp/hard\libnosys.a
END GROUP
LOAD C:/ST/STM32CubeIDE_1.13.1/STM32CubeIDE/plugins/com.st.stm32cube.ide.mcu.externaltools.gnu-tools-for-stm32.11.3.rel1.win32_1.1.100.202309141235/tools/bin/../lib/gcc/arm-none-eabi/11.3.1/thumb/v7e-m+fp/hard/crtend.o
LOAD C:/ST/STM32CubeIDE_1.13.1/STM32CubeIDE/plugins/com.st.stm32cube.ide.mcu.externaltools.gnu-tools-for-stm32.11.3.rel1.win32_1.1.100.202309141235/tools/bin/../lib/gcc/arm-none-eabi/11.3.1/thumb/v7e-m+fp/hard/crtn.o
                0x0000000020050000                _estack = (ORIGIN (RAM) + LENGTH (RAM))
                0x0000000000000200                _Min_Heap_Size = 0x200
                0x0000000000000400                _Min_Stack_Size = 0x400

.isr_vector     0x0000000008000000      0x1c8
                0x0000000008000000                . = ALIGN (0x4)
 *(.isr_vector)
 .isr_vector    0x0000000008000000      0x1c8 ./Core/Startup/startup_stm32f746zgtx.o
                0x0000000008000000                g_pfnVectors
                0x00000000080001c8                . = ALIGN (0x4)

.text           0x00000000080001d0     0xcd68
                0x00000000080001d0                . = ALIGN (0x4)
 *(.text)
 .text          0x00000000080001d0       0x40 C:/ST/STM32CubeIDE_1.13.1/STM32CubeIDE/plugins/com.st.stm32cube.ide.mcu.externaltools.gnu-tools-for-stm32.11.3.rel1.win32_1.1.100.202309141235/tools/bin/../lib/gcc/arm-none-eabi/11.3.1/thumb/v7e-m+fp/hard/crtbegin.o
 .text          0x0000000008000210       0xa0 C:/ST/STM32CubeIDE_1.13.1/STM32CubeIDE/plugins/com.st.stm32cube.ide.mcu.externaltools.gnu-tools-for-stm32.11.3.rel1.win32_1.1.100.202309141235/tools/bin/../lib/gcc/arm-none-eabi/11.3.1/../../../../arm-none-eabi/lib/thumb/v7e-m+fp/hard\libc_nano.a(libc_a-memchr.o)
                0x0000000008000210                memchr
 .text          0x00000000080002b0       0x30 C:/ST/STM32CubeIDE_1.13.1/STM32CubeIDE/plugins/com.st.stm32cube.ide.mcu.externaltools.gnu-tools-for-stm32.11.3.rel1.win32_1.1.100.202309141235/tools/bin/../lib/gcc/arm-none-eabi/11.3.1/thumb/v7e-m+fp/hard\libgcc.a(_aeabi_uldivmod.o)
                0x00000000080002b0                __aeabi_uldivmod
 .text          0x00000000080002e0      0x2c8 C:/ST/STM32CubeIDE_1.13.1/STM32CubeIDE/plugins/com.st.stm32cube.ide.mcu.externaltools.gnu-tools-for-stm32.11.3.rel1.win32_1.1.100.202309141235/tools/bin/../lib/gcc/arm-none-eabi/11.3.1/thumb/v7e-m+fp/hard\libgcc.a(_udivmoddi4.o)
                0x00000000080002e0                __udivmoddi4
 .text          0x00000000080005a8        0x4 C:/ST/STM32CubeIDE_1.13.1/STM32CubeIDE/plugins/com.st.stm32cube.ide.mcu.externaltools.gnu-tools-for-stm32.11.3.rel1.win32_1.1.100.202309141235/tools/bin/../lib/gcc/arm-none-eabi/11.3.1/thumb/v7e-m+fp/hard\libgcc.a(_dvmd_tls.o)
                0x00000000080005a8                __aeabi_idiv0
                0x00000000080005a8                __aeabi_ldiv0
 *(.text*)
 .text.save_can_rx_data
                0x00000000080005ac      0x1d0 ./Core/Src/can_manager.o
                0x00000000080005ac                save_can_rx_data
 .text.Display_Init
                0x000000000800077c       0x54 ./Core/Src/frucd_display.o
                0x000000000800077c                Display_Init
 .text.Display_CalibrateScreen
                0x00000000080007d0       0x58 ./Core/Src/frucd_display.o
                0x00000000080007d0                Display_CalibrateScreen
 .text.Display_DriveTemplate
                0x0000000008000828      0x140 ./Core/Src/frucd_display.o
                0x0000000008000828                Display_DriveTemplate
 .text.Display_Update
                0x0000000008000968       0x54 ./Core/Src/frucd_display.o
                0x0000000008000968                Display_Update
 .text.draw_soc
                0x00000000080009bc       0x20 ./Core/Src/frucd_display.o
                0x00000000080009bc                draw_soc
 .text.draw_bms_temp
                0x00000000080009dc       0x20 ./Core/Src/frucd_display.o
                0x00000000080009dc                draw_bms_temp
 .text.draw_state
                0x00000000080009fc      0x374 ./Core/Src/frucd_display.o
                0x00000000080009fc                draw_state
 .text.draw_glv_v
                0x0000000008000d70       0x80 ./Core/Src/frucd_display.o
                0x0000000008000d70                draw_glv_v
 .text.value_to_color
                0x0000000008000df0       0x7e ./Core/Src/frucd_display.o
                0x0000000008000df0                value_to_color
 *fill*         0x0000000008000e6e        0x2 
 .text.draw_value_textbox
                0x0000000008000e70       0x74 ./Core/Src/frucd_display.o
                0x0000000008000e70                draw_value_textbox
 .text.draw_textbox
                0x0000000008000ee4       0xca ./Core/Src/frucd_display.o
                0x0000000008000ee4                draw_textbox
 *fill*         0x0000000008000fae        0x2 
 .text.HAL_CAN_RxFifo0MsgPendingCallback
                0x0000000008000fb0       0x4c ./Core/Src/main.o
                0x0000000008000fb0                HAL_CAN_RxFifo0MsgPendingCallback
 .text.main     0x0000000008000ffc       0x70 ./Core/Src/main.o
                0x0000000008000ffc                main
 .text.SystemClock_Config
                0x000000000800106c       0xd8 ./Core/Src/main.o
                0x000000000800106c                SystemClock_Config
 .text.MX_ADC1_Init
                0x0000000008001144       0xa4 ./Core/Src/main.o
 .text.MX_ADC3_Init
                0x00000000080011e8       0xa4 ./Core/Src/main.o
 .text.MX_CAN1_Init
                0x000000000800128c       0x68 ./Core/Src/main.o
 .text.MX_CAN2_Init
                0x00000000080012f4       0x68 ./Core/Src/main.o
 .text.MX_TIM2_Init
                0x000000000800135c       0xac ./Core/Src/main.o
 .text.MX_TIM4_Init
                0x0000000008001408       0xac ./Core/Src/main.o
 .text.MX_UART4_Init
                0x00000000080014b4       0x60 ./Core/Src/main.o
 .text.MX_UART7_Init
                0x0000000008001514       0x60 ./Core/Src/main.o
 .text.MX_DMA_Init
                0x0000000008001574       0x3c ./Core/Src/main.o
 .text.MX_FMC_Init
                0x00000000080015b0       0xc4 ./Core/Src/main.o
 .text.MX_GPIO_Init
                0x0000000008001674      0x180 ./Core/Src/main.o
 .text.Error_Handler
                0x00000000080017f4        0xa ./Core/Src/main.o
                0x00000000080017f4                Error_Handler
 *fill*         0x00000000080017fe        0x2 
 .text.temp_attenuate
                0x0000000008001800       0x58 ./Core/Src/sensors.o
                0x0000000008001800                temp_attenuate
 .text.init_sensors
                0x0000000008001858       0x58 ./Core/Src/sensors.o
                0x0000000008001858                init_sensors
 .text.HAL_MspInit
                0x00000000080018b0       0x48 ./Core/Src/stm32f7xx_hal_msp.o
                0x00000000080018b0                HAL_MspInit
 .text.HAL_ADC_MspInit
                0x00000000080018f8      0x144 ./Core/Src/stm32f7xx_hal_msp.o
                0x00000000080018f8                HAL_ADC_MspInit
 .text.HAL_CAN_MspInit
                0x0000000008001a3c      0x140 ./Core/Src/stm32f7xx_hal_msp.o
                0x0000000008001a3c                HAL_CAN_MspInit
 .text.HAL_TIM_Base_MspInit
                0x0000000008001b7c       0xe8 ./Core/Src/stm32f7xx_hal_msp.o
                0x0000000008001b7c                HAL_TIM_Base_MspInit
 .text.HAL_UART_MspInit
                0x0000000008001c64      0x148 ./Core/Src/stm32f7xx_hal_msp.o
                0x0000000008001c64                HAL_UART_MspInit
 .text.HAL_FMC_MspInit
                0x0000000008001dac       0xb8 ./Core/Src/stm32f7xx_hal_msp.o
 .text.HAL_SRAM_MspInit
                0x0000000008001e64       0x14 ./Core/Src/stm32f7xx_hal_msp.o
                0x0000000008001e64                HAL_SRAM_MspInit
 .text.NMI_Handler
                0x0000000008001e78        0x6 ./Core/Src/stm32f7xx_it.o
                0x0000000008001e78                NMI_Handler
 .text.HardFault_Handler
                0x0000000008001e7e        0x6 ./Core/Src/stm32f7xx_it.o
                0x0000000008001e7e                HardFault_Handler
 .text.MemManage_Handler
                0x0000000008001e84        0x6 ./Core/Src/stm32f7xx_it.o
                0x0000000008001e84                MemManage_Handler
 .text.BusFault_Handler
                0x0000000008001e8a        0x6 ./Core/Src/stm32f7xx_it.o
                0x0000000008001e8a                BusFault_Handler
 .text.UsageFault_Handler
                0x0000000008001e90        0x6 ./Core/Src/stm32f7xx_it.o
                0x0000000008001e90                UsageFault_Handler
 .text.SVC_Handler
                0x0000000008001e96        0xe ./Core/Src/stm32f7xx_it.o
                0x0000000008001e96                SVC_Handler
 .text.DebugMon_Handler
                0x0000000008001ea4        0xe ./Core/Src/stm32f7xx_it.o
                0x0000000008001ea4                DebugMon_Handler
 .text.PendSV_Handler
                0x0000000008001eb2        0xe ./Core/Src/stm32f7xx_it.o
                0x0000000008001eb2                PendSV_Handler
 .text.SysTick_Handler
                0x0000000008001ec0        0xc ./Core/Src/stm32f7xx_it.o
                0x0000000008001ec0                SysTick_Handler
 .text.CAN1_RX0_IRQHandler
                0x0000000008001ecc       0x14 ./Core/Src/stm32f7xx_it.o
                0x0000000008001ecc                CAN1_RX0_IRQHandler
 .text.DMA2_Stream0_IRQHandler
                0x0000000008001ee0       0x14 ./Core/Src/stm32f7xx_it.o
                0x0000000008001ee0                DMA2_Stream0_IRQHandler
 .text.OTG_HS_IRQHandler
                0x0000000008001ef4       0x14 ./Core/Src/stm32f7xx_it.o
                0x0000000008001ef4                OTG_HS_IRQHandler
 .text._sbrk    0x0000000008001f08       0x6c ./Core/Src/sysmem.o
                0x0000000008001f08                _sbrk
 .text.SystemInit
                0x0000000008001f74       0x24 ./Core/Src/system_stm32f7xx.o
                0x0000000008001f74                SystemInit
 .text.UG_Init  0x0000000008001f98      0x12c ./Core/Src/ugui.o
                0x0000000008001f98                UG_Init
 .text.UG_FontSelect
                0x00000000080020c4       0x2c ./Core/Src/ugui.o
                0x00000000080020c4                UG_FontSelect
 .text.UG_FillScreen
                0x00000000080020f0       0x44 ./Core/Src/ugui.o
                0x00000000080020f0                UG_FillScreen
 .text.UG_FillFrame
                0x0000000008002134       0xe0 ./Core/Src/ugui.o
                0x0000000008002134                UG_FillFrame
 .text.UG_PutString
                0x0000000008002214      0x10c ./Core/Src/ugui.o
                0x0000000008002214                UG_PutString
 .text.UG_PutColorString
                0x0000000008002320      0x108 ./Core/Src/ugui.o
                0x0000000008002320                UG_PutColorString
 .text.UG_PutChar
                0x0000000008002428       0x48 ./Core/Src/ugui.o
                0x0000000008002428                UG_PutChar
 .text.UG_SetForecolor
                0x0000000008002470       0x24 ./Core/Src/ugui.o
                0x0000000008002470                UG_SetForecolor
 .text.UG_SetBackcolor
                0x0000000008002494       0x24 ./Core/Src/ugui.o
                0x0000000008002494                UG_SetBackcolor
 .text.UG_FontSetHSpace
                0x00000000080024b8       0x28 ./Core/Src/ugui.o
                0x00000000080024b8                UG_FontSetHSpace
 .text.UG_FontSetVSpace
                0x00000000080024e0       0x28 ./Core/Src/ugui.o
                0x00000000080024e0                UG_FontSetVSpace
 .text._UG_PutChar
                0x0000000008002508      0x530 ./Core/Src/ugui.o
                0x0000000008002508                _UG_PutChar
 .text.UG_DriverRegister
                0x0000000008002a38       0x44 ./Core/Src/ugui.o
                0x0000000008002a38                UG_DriverRegister
 .text.SSD1963_Reset
                0x0000000008002a7c       0x14 ./Core/Src/ugui_SSD1963.o
                0x0000000008002a7c                SSD1963_Reset
 .text.SSD1963_Init
                0x0000000008002a90      0x130 ./Core/Src/ugui_SSD1963.o
                0x0000000008002a90                SSD1963_Init
 .text.SSD1963_WindowSet
                0x0000000008002bc0       0x92 ./Core/Src/ugui_SSD1963.o
                0x0000000008002bc0                SSD1963_WindowSet
 .text.SSD1963_PSet
                0x0000000008002c52       0x62 ./Core/Src/ugui_SSD1963.o
                0x0000000008002c52                SSD1963_PSet
 .text.SSD1963_WriteMemoryStart
                0x0000000008002cb4        0xe ./Core/Src/ugui_SSD1963.o
                0x0000000008002cb4                SSD1963_WriteMemoryStart
 .text.SSD1963_ConsecutivePSet
                0x0000000008002cc2       0x1a ./Core/Src/ugui_SSD1963.o
                0x0000000008002cc2                SSD1963_ConsecutivePSet
 .text.HW_FillFrame
                0x0000000008002cdc       0xca ./Core/Src/ugui_SSD1963.o
                0x0000000008002cdc                HW_FillFrame
 .text.HW_DrawLine
                0x0000000008002da6       0xb4 ./Core/Src/ugui_SSD1963.o
                0x0000000008002da6                HW_DrawLine
 .text.HW_DrawImage
                0x0000000008002e5a       0xa8 ./Core/Src/ugui_SSD1963.o
                0x0000000008002e5a                HW_DrawImage
 .text.write_command
                0x0000000008002f02       0x34 ./Core/Src/ugui_SSD1963.o
                0x0000000008002f02                write_command
 *fill*         0x0000000008002f36        0x2 
 .text.write_data
                0x0000000008002f38       0x34 ./Core/Src/ugui_SSD1963.o
                0x0000000008002f38                write_data
 .text.write_multi_data
                0x0000000008002f6c       0x5c ./Core/Src/ugui_SSD1963.o
                0x0000000008002f6c                write_multi_data
 .text.Reset_Handler
                0x0000000008002fc8       0x50 ./Core/Startup/startup_stm32f746zgtx.o
                0x0000000008002fc8                Reset_Handler
 .text.Default_Handler
                0x0000000008003018        0x2 ./Core/Startup/startup_stm32f746zgtx.o
                0x0000000008003018                RTC_Alarm_IRQHandler
                0x0000000008003018                EXTI2_IRQHandler
                0x0000000008003018                TIM8_CC_IRQHandler
                0x0000000008003018                UART8_IRQHandler
                0x0000000008003018                SPI4_IRQHandler
                0x0000000008003018                TIM1_CC_IRQHandler
                0x0000000008003018                DMA2_Stream5_IRQHandler
                0x0000000008003018                DMA1_Stream5_IRQHandler
                0x0000000008003018                PVD_IRQHandler
                0x0000000008003018                TAMP_STAMP_IRQHandler
                0x0000000008003018                CAN2_RX1_IRQHandler
                0x0000000008003018                EXTI3_IRQHandler
                0x0000000008003018                TIM8_TRG_COM_TIM14_IRQHandler
                0x0000000008003018                TIM1_UP_TIM10_IRQHandler
                0x0000000008003018                TIM8_UP_TIM13_IRQHandler
                0x0000000008003018                I2C3_ER_IRQHandler
                0x0000000008003018                EXTI0_IRQHandler
                0x0000000008003018                I2C2_EV_IRQHandler
                0x0000000008003018                DMA1_Stream2_IRQHandler
                0x0000000008003018                FPU_IRQHandler
                0x0000000008003018                OTG_HS_WKUP_IRQHandler
                0x0000000008003018                LTDC_ER_IRQHandler
                0x0000000008003018                CAN2_SCE_IRQHandler
                0x0000000008003018                DMA2_Stream2_IRQHandler
                0x0000000008003018                SPI1_IRQHandler
                0x0000000008003018                TIM6_DAC_IRQHandler
                0x0000000008003018                TIM1_BRK_TIM9_IRQHandler
                0x0000000008003018                DCMI_IRQHandler
                0x0000000008003018                CAN2_RX0_IRQHandler
                0x0000000008003018                DMA2_Stream3_IRQHandler
                0x0000000008003018                SAI2_IRQHandler
                0x0000000008003018                USART6_IRQHandler
                0x0000000008003018                USART3_IRQHandler
                0x0000000008003018                CAN1_RX1_IRQHandler
                0x0000000008003018                UART5_IRQHandler
                0x0000000008003018                TIM4_IRQHandler
                0x0000000008003018                QUADSPI_IRQHandler
                0x0000000008003018                I2C1_EV_IRQHandler
                0x0000000008003018                DMA1_Stream6_IRQHandler
                0x0000000008003018                DMA1_Stream1_IRQHandler
                0x0000000008003018                UART4_IRQHandler
                0x0000000008003018                TIM3_IRQHandler
                0x0000000008003018                RCC_IRQHandler
                0x0000000008003018                TIM8_BRK_TIM12_IRQHandler
                0x0000000008003018                Default_Handler
                0x0000000008003018                CEC_IRQHandler
                0x0000000008003018                EXTI15_10_IRQHandler
                0x0000000008003018                ADC_IRQHandler
                0x0000000008003018                DMA1_Stream7_IRQHandler
                0x0000000008003018                SPI5_IRQHandler
                0x0000000008003018                TIM7_IRQHandler
                0x0000000008003018                SDMMC1_IRQHandler
                0x0000000008003018                CAN2_TX_IRQHandler
                0x0000000008003018                TIM5_IRQHandler
                0x0000000008003018                DMA2_Stream7_IRQHandler
                0x0000000008003018                I2C3_EV_IRQHandler
                0x0000000008003018                EXTI9_5_IRQHandler
                0x0000000008003018                RTC_WKUP_IRQHandler
                0x0000000008003018                LTDC_IRQHandler
                0x0000000008003018                ETH_WKUP_IRQHandler
                0x0000000008003018                SPDIF_RX_IRQHandler
                0x0000000008003018                SPI2_IRQHandler
                0x0000000008003018                OTG_HS_EP1_IN_IRQHandler
                0x0000000008003018                DMA1_Stream0_IRQHandler
                0x0000000008003018                CAN1_TX_IRQHandler
                0x0000000008003018                EXTI4_IRQHandler
                0x0000000008003018                RNG_IRQHandler
                0x0000000008003018                ETH_IRQHandler
                0x0000000008003018                OTG_HS_EP1_OUT_IRQHandler
                0x0000000008003018                WWDG_IRQHandler
                0x0000000008003018                SPI6_IRQHandler
                0x0000000008003018                I2C4_EV_IRQHandler
                0x0000000008003018                TIM2_IRQHandler
                0x0000000008003018                OTG_FS_WKUP_IRQHandler
                0x0000000008003018                TIM1_TRG_COM_TIM11_IRQHandler
                0x0000000008003018                DMA2D_IRQHandler
                0x0000000008003018                EXTI1_IRQHandler
                0x0000000008003018                UART7_IRQHandler
                0x0000000008003018                USART2_IRQHandler
                0x0000000008003018                I2C2_ER_IRQHandler
                0x0000000008003018                DMA2_Stream1_IRQHandler
                0x0000000008003018                CAN1_SCE_IRQHandler
                0x0000000008003018                FLASH_IRQHandler
                0x0000000008003018                DMA2_Stream4_IRQHandler
                0x0000000008003018                USART1_IRQHandler
                0x0000000008003018                OTG_FS_IRQHandler
                0x0000000008003018                SPI3_IRQHandler
                0x0000000008003018                DMA1_Stream4_IRQHandler
                0x0000000008003018                I2C1_ER_IRQHandler
                0x0000000008003018                FMC_IRQHandler
                0x0000000008003018                LPTIM1_IRQHandler
                0x0000000008003018                I2C4_ER_IRQHandler
                0x0000000008003018                DMA2_Stream6_IRQHandler
                0x0000000008003018                SAI1_IRQHandler
                0x0000000008003018                DMA1_Stream3_IRQHandler
 .text.HAL_Init
                0x000000000800301a       0x1a ./Drivers/STM32F7xx_HAL_Driver/Src/stm32f7xx_hal.o
                0x000000000800301a                HAL_Init
 .text.HAL_InitTick
                0x0000000008003034       0x60 ./Drivers/STM32F7xx_HAL_Driver/Src/stm32f7xx_hal.o
                0x0000000008003034                HAL_InitTick
 .text.HAL_IncTick
                0x0000000008003094       0x28 ./Drivers/STM32F7xx_HAL_Driver/Src/stm32f7xx_hal.o
                0x0000000008003094                HAL_IncTick
 .text.HAL_GetTick
                0x00000000080030bc       0x18 ./Drivers/STM32F7xx_HAL_Driver/Src/stm32f7xx_hal.o
                0x00000000080030bc                HAL_GetTick
 .text.HAL_Delay
                0x00000000080030d4       0x48 ./Drivers/STM32F7xx_HAL_Driver/Src/stm32f7xx_hal.o
                0x00000000080030d4                HAL_Delay
 .text.HAL_ADC_Init
                0x000000000800311c       0x88 ./Drivers/STM32F7xx_HAL_Driver/Src/stm32f7xx_hal_adc.o
                0x000000000800311c                HAL_ADC_Init
 .text.HAL_ADC_ConfigChannel
                0x00000000080031a4      0x2ac ./Drivers/STM32F7xx_HAL_Driver/Src/stm32f7xx_hal_adc.o
                0x00000000080031a4                HAL_ADC_ConfigChannel
 .text.ADC_Init
                0x0000000008003450      0x1f4 ./Drivers/STM32F7xx_HAL_Driver/Src/stm32f7xx_hal_adc.o
 .text.HAL_CAN_Init
                0x0000000008003644      0x1f6 ./Drivers/STM32F7xx_HAL_Driver/Src/stm32f7xx_hal_can.o
                0x0000000008003644                HAL_CAN_Init
 .text.HAL_CAN_GetRxMessage
                0x000000000800383a      0x224 ./Drivers/STM32F7xx_HAL_Driver/Src/stm32f7xx_hal_can.o
                0x000000000800383a                HAL_CAN_GetRxMessage
 .text.HAL_CAN_IRQHandler
                0x0000000008003a5e      0x36e ./Drivers/STM32F7xx_HAL_Driver/Src/stm32f7xx_hal_can.o
                0x0000000008003a5e                HAL_CAN_IRQHandler
 .text.HAL_CAN_TxMailbox0CompleteCallback
                0x0000000008003dcc       0x14 ./Drivers/STM32F7xx_HAL_Driver/Src/stm32f7xx_hal_can.o
                0x0000000008003dcc                HAL_CAN_TxMailbox0CompleteCallback
 .text.HAL_CAN_TxMailbox1CompleteCallback
                0x0000000008003de0       0x14 ./Drivers/STM32F7xx_HAL_Driver/Src/stm32f7xx_hal_can.o
                0x0000000008003de0                HAL_CAN_TxMailbox1CompleteCallback
 .text.HAL_CAN_TxMailbox2CompleteCallback
                0x0000000008003df4       0x14 ./Drivers/STM32F7xx_HAL_Driver/Src/stm32f7xx_hal_can.o
                0x0000000008003df4                HAL_CAN_TxMailbox2CompleteCallback
 .text.HAL_CAN_TxMailbox0AbortCallback
                0x0000000008003e08       0x14 ./Drivers/STM32F7xx_HAL_Driver/Src/stm32f7xx_hal_can.o
                0x0000000008003e08                HAL_CAN_TxMailbox0AbortCallback
 .text.HAL_CAN_TxMailbox1AbortCallback
                0x0000000008003e1c       0x14 ./Drivers/STM32F7xx_HAL_Driver/Src/stm32f7xx_hal_can.o
                0x0000000008003e1c                HAL_CAN_TxMailbox1AbortCallback
 .text.HAL_CAN_TxMailbox2AbortCallback
                0x0000000008003e30       0x14 ./Drivers/STM32F7xx_HAL_Driver/Src/stm32f7xx_hal_can.o
                0x0000000008003e30                HAL_CAN_TxMailbox2AbortCallback
 .text.HAL_CAN_RxFifo0FullCallback
                0x0000000008003e44       0x14 ./Drivers/STM32F7xx_HAL_Driver/Src/stm32f7xx_hal_can.o
                0x0000000008003e44                HAL_CAN_RxFifo0FullCallback
 .text.HAL_CAN_RxFifo1MsgPendingCallback
                0x0000000008003e58       0x14 ./Drivers/STM32F7xx_HAL_Driver/Src/stm32f7xx_hal_can.o
                0x0000000008003e58                HAL_CAN_RxFifo1MsgPendingCallback
 .text.HAL_CAN_RxFifo1FullCallback
                0x0000000008003e6c       0x14 ./Drivers/STM32F7xx_HAL_Driver/Src/stm32f7xx_hal_can.o
                0x0000000008003e6c                HAL_CAN_RxFifo1FullCallback
 .text.HAL_CAN_SleepCallback
                0x0000000008003e80       0x14 ./Drivers/STM32F7xx_HAL_Driver/Src/stm32f7xx_hal_can.o
                0x0000000008003e80                HAL_CAN_SleepCallback
 .text.HAL_CAN_WakeUpFromRxMsgCallback
                0x0000000008003e94       0x14 ./Drivers/STM32F7xx_HAL_Driver/Src/stm32f7xx_hal_can.o
                0x0000000008003e94                HAL_CAN_WakeUpFromRxMsgCallback
 .text.HAL_CAN_ErrorCallback
                0x0000000008003ea8       0x14 ./Drivers/STM32F7xx_HAL_Driver/Src/stm32f7xx_hal_can.o
                0x0000000008003ea8                HAL_CAN_ErrorCallback
 .text.__NVIC_SetPriorityGrouping
                0x0000000008003ebc       0x48 ./Drivers/STM32F7xx_HAL_Driver/Src/stm32f7xx_hal_cortex.o
 .text.__NVIC_GetPriorityGrouping
                0x0000000008003f04       0x1c ./Drivers/STM32F7xx_HAL_Driver/Src/stm32f7xx_hal_cortex.o
 .text.__NVIC_EnableIRQ
                0x0000000008003f20       0x3c ./Drivers/STM32F7xx_HAL_Driver/Src/stm32f7xx_hal_cortex.o
 .text.__NVIC_SetPriority
                0x0000000008003f5c       0x54 ./Drivers/STM32F7xx_HAL_Driver/Src/stm32f7xx_hal_cortex.o
 .text.NVIC_EncodePriority
                0x0000000008003fb0       0x66 ./Drivers/STM32F7xx_HAL_Driver/Src/stm32f7xx_hal_cortex.o
 *fill*         0x0000000008004016        0x2 
 .text.SysTick_Config
                0x0000000008004018       0x44 ./Drivers/STM32F7xx_HAL_Driver/Src/stm32f7xx_hal_cortex.o
 .text.HAL_NVIC_SetPriorityGrouping
                0x000000000800405c       0x16 ./Drivers/STM32F7xx_HAL_Driver/Src/stm32f7xx_hal_cortex.o
                0x000000000800405c                HAL_NVIC_SetPriorityGrouping
 .text.HAL_NVIC_SetPriority
                0x0000000008004072       0x38 ./Drivers/STM32F7xx_HAL_Driver/Src/stm32f7xx_hal_cortex.o
                0x0000000008004072                HAL_NVIC_SetPriority
 .text.HAL_NVIC_EnableIRQ
                0x00000000080040aa       0x1c ./Drivers/STM32F7xx_HAL_Driver/Src/stm32f7xx_hal_cortex.o
                0x00000000080040aa                HAL_NVIC_EnableIRQ
 .text.HAL_SYSTICK_Config
                0x00000000080040c6       0x18 ./Drivers/STM32F7xx_HAL_Driver/Src/stm32f7xx_hal_cortex.o
                0x00000000080040c6                HAL_SYSTICK_Config
 *fill*         0x00000000080040de        0x2 
 .text.HAL_DMA_Init
                0x00000000080040e0      0x15c ./Drivers/STM32F7xx_HAL_Driver/Src/stm32f7xx_hal_dma.o
                0x00000000080040e0                HAL_DMA_Init
 .text.HAL_DMA_IRQHandler
                0x000000000800423c      0x314 ./Drivers/STM32F7xx_HAL_Driver/Src/stm32f7xx_hal_dma.o
                0x000000000800423c                HAL_DMA_IRQHandler
 .text.DMA_CalcBaseAndBitshift
                0x0000000008004550       0x6c ./Drivers/STM32F7xx_HAL_Driver/Src/stm32f7xx_hal_dma.o
 .text.DMA_CheckFifoParam
                0x00000000080045bc       0xf8 ./Drivers/STM32F7xx_HAL_Driver/Src/stm32f7xx_hal_dma.o
 .text.HAL_GPIO_Init
                0x00000000080046b4      0x358 ./Drivers/STM32F7xx_HAL_Driver/Src/stm32f7xx_hal_gpio.o
                0x00000000080046b4                HAL_GPIO_Init
 .text.HAL_GPIO_WritePin
                0x0000000008004a0c       0x32 ./Drivers/STM32F7xx_HAL_Driver/Src/stm32f7xx_hal_gpio.o
                0x0000000008004a0c                HAL_GPIO_WritePin
 .text.HAL_GPIO_TogglePin
                0x0000000008004a3e       0x34 ./Drivers/STM32F7xx_HAL_Driver/Src/stm32f7xx_hal_gpio.o
                0x0000000008004a3e                HAL_GPIO_TogglePin
 .text.HAL_PCD_Init
                0x0000000008004a72      0x248 ./Drivers/STM32F7xx_HAL_Driver/Src/stm32f7xx_hal_pcd.o
                0x0000000008004a72                HAL_PCD_Init
 .text.HAL_PCD_Start
                0x0000000008004cba       0x44 ./Drivers/STM32F7xx_HAL_Driver/Src/stm32f7xx_hal_pcd.o
                0x0000000008004cba                HAL_PCD_Start
 .text.HAL_PCD_IRQHandler
                0x0000000008004cfe      0x998 ./Drivers/STM32F7xx_HAL_Driver/Src/stm32f7xx_hal_pcd.o
                0x0000000008004cfe                HAL_PCD_IRQHandler
 .text.HAL_PCD_SetAddress
                0x0000000008005696       0x4a ./Drivers/STM32F7xx_HAL_Driver/Src/stm32f7xx_hal_pcd.o
                0x0000000008005696                HAL_PCD_SetAddress
 .text.HAL_PCD_EP_Open
                0x00000000080056e0       0xd0 ./Drivers/STM32F7xx_HAL_Driver/Src/stm32f7xx_hal_pcd.o
                0x00000000080056e0                HAL_PCD_EP_Open
 .text.HAL_PCD_EP_Close
                0x00000000080057b0       0x94 ./Drivers/STM32F7xx_HAL_Driver/Src/stm32f7xx_hal_pcd.o
                0x00000000080057b0                HAL_PCD_EP_Close
 .text.HAL_PCD_EP_Receive
                0x0000000008005844       0x96 ./Drivers/STM32F7xx_HAL_Driver/Src/stm32f7xx_hal_pcd.o
                0x0000000008005844                HAL_PCD_EP_Receive
 .text.HAL_PCD_EP_GetRxCount
                0x00000000080058da       0x30 ./Drivers/STM32F7xx_HAL_Driver/Src/stm32f7xx_hal_pcd.o
                0x00000000080058da                HAL_PCD_EP_GetRxCount
 .text.HAL_PCD_EP_Transmit
                0x000000000800590a       0x94 ./Drivers/STM32F7xx_HAL_Driver/Src/stm32f7xx_hal_pcd.o
                0x000000000800590a                HAL_PCD_EP_Transmit
 .text.HAL_PCD_EP_SetStall
                0x000000000800599e       0xc8 ./Drivers/STM32F7xx_HAL_Driver/Src/stm32f7xx_hal_pcd.o
                0x000000000800599e                HAL_PCD_EP_SetStall
 .text.HAL_PCD_EP_ClrStall
                0x0000000008005a66       0xac ./Drivers/STM32F7xx_HAL_Driver/Src/stm32f7xx_hal_pcd.o
                0x0000000008005a66                HAL_PCD_EP_ClrStall
 .text.HAL_PCD_EP_Abort
                0x0000000008005b12       0x62 ./Drivers/STM32F7xx_HAL_Driver/Src/stm32f7xx_hal_pcd.o
                0x0000000008005b12                HAL_PCD_EP_Abort
 .text.PCD_WriteEmptyTxFifo
                0x0000000008005b74      0x11a ./Drivers/STM32F7xx_HAL_Driver/Src/stm32f7xx_hal_pcd.o
 *fill*         0x0000000008005c8e        0x2 
 .text.PCD_EP_OutXfrComplete_int
                0x0000000008005c90      0x1d0 ./Drivers/STM32F7xx_HAL_Driver/Src/stm32f7xx_hal_pcd.o
 .text.PCD_EP_OutSetupPacket_int
                0x0000000008005e60       0x8c ./Drivers/STM32F7xx_HAL_Driver/Src/stm32f7xx_hal_pcd.o
 .text.HAL_PCDEx_SetTxFiFo
                0x0000000008005eec       0x8e ./Drivers/STM32F7xx_HAL_Driver/Src/stm32f7xx_hal_pcd_ex.o
                0x0000000008005eec                HAL_PCDEx_SetTxFiFo
 .text.HAL_PCDEx_SetRxFiFo
                0x0000000008005f7a       0x22 ./Drivers/STM32F7xx_HAL_Driver/Src/stm32f7xx_hal_pcd_ex.o
                0x0000000008005f7a                HAL_PCDEx_SetRxFiFo
 .text.HAL_PCDEx_ActivateLPM
                0x0000000008005f9c       0x48 ./Drivers/STM32F7xx_HAL_Driver/Src/stm32f7xx_hal_pcd_ex.o
                0x0000000008005f9c                HAL_PCDEx_ActivateLPM
 .text.HAL_PWREx_EnableOverDrive
                0x0000000008005fe4       0xa0 ./Drivers/STM32F7xx_HAL_Driver/Src/stm32f7xx_hal_pwr_ex.o
                0x0000000008005fe4                HAL_PWREx_EnableOverDrive
 .text.HAL_RCC_OscConfig
                0x0000000008006084      0x548 ./Drivers/STM32F7xx_HAL_Driver/Src/stm32f7xx_hal_rcc.o
                0x0000000008006084                HAL_RCC_OscConfig
 .text.HAL_RCC_ClockConfig
                0x00000000080065cc      0x1d8 ./Drivers/STM32F7xx_HAL_Driver/Src/stm32f7xx_hal_rcc.o
                0x00000000080065cc                HAL_RCC_ClockConfig
 .text.HAL_RCC_GetSysClockFreq
                0x00000000080067a4      0x208 ./Drivers/STM32F7xx_HAL_Driver/Src/stm32f7xx_hal_rcc.o
                0x00000000080067a4                HAL_RCC_GetSysClockFreq
 .text.HAL_RCC_GetHCLKFreq
                0x00000000080069ac       0x18 ./Drivers/STM32F7xx_HAL_Driver/Src/stm32f7xx_hal_rcc.o
                0x00000000080069ac                HAL_RCC_GetHCLKFreq
 .text.HAL_RCC_GetPCLK1Freq
                0x00000000080069c4       0x28 ./Drivers/STM32F7xx_HAL_Driver/Src/stm32f7xx_hal_rcc.o
                0x00000000080069c4                HAL_RCC_GetPCLK1Freq
 .text.HAL_RCC_GetPCLK2Freq
                0x00000000080069ec       0x28 ./Drivers/STM32F7xx_HAL_Driver/Src/stm32f7xx_hal_rcc.o
                0x00000000080069ec                HAL_RCC_GetPCLK2Freq
 .text.HAL_RCCEx_PeriphCLKConfig
                0x0000000008006a14      0x7e0 ./Drivers/STM32F7xx_HAL_Driver/Src/stm32f7xx_hal_rcc_ex.o
                0x0000000008006a14                HAL_RCCEx_PeriphCLKConfig
 .text.HAL_SRAM_Init
                0x00000000080071f4       0x90 ./Drivers/STM32F7xx_HAL_Driver/Src/stm32f7xx_hal_sram.o
                0x00000000080071f4                HAL_SRAM_Init
 .text.HAL_TIM_Base_Init
                0x0000000008007284       0xae ./Drivers/STM32F7xx_HAL_Driver/Src/stm32f7xx_hal_tim.o
                0x0000000008007284                HAL_TIM_Base_Init
 .text.HAL_TIM_SlaveConfigSynchro
                0x0000000008007332       0x84 ./Drivers/STM32F7xx_HAL_Driver/Src/stm32f7xx_hal_tim.o
                0x0000000008007332                HAL_TIM_SlaveConfigSynchro
 *fill*         0x00000000080073b6        0x2 
 .text.TIM_Base_SetConfig
                0x00000000080073b8      0x140 ./Drivers/STM32F7xx_HAL_Driver/Src/stm32f7xx_hal_tim.o
                0x00000000080073b8                TIM_Base_SetConfig
 .text.TIM_SlaveTimer_SetConfig
                0x00000000080074f8      0x128 ./Drivers/STM32F7xx_HAL_Driver/Src/stm32f7xx_hal_tim.o
 .text.TIM_TI1_ConfigInputStage
                0x0000000008007620       0x5e ./Drivers/STM32F7xx_HAL_Driver/Src/stm32f7xx_hal_tim.o
 .text.TIM_TI2_ConfigInputStage
                0x000000000800767e       0x60 ./Drivers/STM32F7xx_HAL_Driver/Src/stm32f7xx_hal_tim.o
 .text.TIM_ETR_SetConfig
                0x00000000080076de       0x40 ./Drivers/STM32F7xx_HAL_Driver/Src/stm32f7xx_hal_tim.o
                0x00000000080076de                TIM_ETR_SetConfig
 *fill*         0x000000000800771e        0x2 
 .text.HAL_TIMEx_MasterConfigSynchronization
                0x0000000008007720      0x11c ./Drivers/STM32F7xx_HAL_Driver/Src/stm32f7xx_hal_tim_ex.o
                0x0000000008007720                HAL_TIMEx_MasterConfigSynchronization
 .text.HAL_UART_Init
                0x000000000800783c       0x9c ./Drivers/STM32F7xx_HAL_Driver/Src/stm32f7xx_hal_uart.o
                0x000000000800783c                HAL_UART_Init
 .text.UART_SetConfig
                0x00000000080078d8      0x4c8 ./Drivers/STM32F7xx_HAL_Driver/Src/stm32f7xx_hal_uart.o
                0x00000000080078d8                UART_SetConfig
 .text.UART_AdvFeatureConfig
                0x0000000008007da0      0x144 ./Drivers/STM32F7xx_HAL_Driver/Src/stm32f7xx_hal_uart.o
                0x0000000008007da0                UART_AdvFeatureConfig
 .text.UART_CheckIdleState
                0x0000000008007ee4       0x6e ./Drivers/STM32F7xx_HAL_Driver/Src/stm32f7xx_hal_uart.o
                0x0000000008007ee4                UART_CheckIdleState
 .text.UART_WaitOnFlagUntilTimeout
                0x0000000008007f52      0x18c ./Drivers/STM32F7xx_HAL_Driver/Src/stm32f7xx_hal_uart.o
                0x0000000008007f52                UART_WaitOnFlagUntilTimeout
 *fill*         0x00000000080080de        0x2 
 .text.FMC_NORSRAM_Init
                0x00000000080080e0      0x120 ./Drivers/STM32F7xx_HAL_Driver/Src/stm32f7xx_ll_fmc.o
                0x00000000080080e0                FMC_NORSRAM_Init
 .text.FMC_NORSRAM_Timing_Init
                0x0000000008008200       0xa0 ./Drivers/STM32F7xx_HAL_Driver/Src/stm32f7xx_ll_fmc.o
                0x0000000008008200                FMC_NORSRAM_Timing_Init
 .text.FMC_NORSRAM_Extended_Timing_Init
                0x00000000080082a0       0x70 ./Drivers/STM32F7xx_HAL_Driver/Src/stm32f7xx_ll_fmc.o
                0x00000000080082a0                FMC_NORSRAM_Extended_Timing_Init
 .text.USB_CoreInit
                0x0000000008008310       0xb0 ./Drivers/STM32F7xx_HAL_Driver/Src/stm32f7xx_ll_usb.o
                0x0000000008008310                USB_CoreInit
 .text.USB_SetTurnaroundTime
                0x00000000080083c0      0x144 ./Drivers/STM32F7xx_HAL_Driver/Src/stm32f7xx_ll_usb.o
                0x00000000080083c0                USB_SetTurnaroundTime
 .text.USB_EnableGlobalInt
                0x0000000008008504       0x22 ./Drivers/STM32F7xx_HAL_Driver/Src/stm32f7xx_ll_usb.o
                0x0000000008008504                USB_EnableGlobalInt
 .text.USB_DisableGlobalInt
                0x0000000008008526       0x22 ./Drivers/STM32F7xx_HAL_Driver/Src/stm32f7xx_ll_usb.o
                0x0000000008008526                USB_DisableGlobalInt
 .text.USB_SetCurrentMode
                0x0000000008008548       0x98 ./Drivers/STM32F7xx_HAL_Driver/Src/stm32f7xx_ll_usb.o
                0x0000000008008548                USB_SetCurrentMode
 .text.USB_DevInit
                0x00000000080085e0      0x2bc ./Drivers/STM32F7xx_HAL_Driver/Src/stm32f7xx_ll_usb.o
                0x00000000080085e0                USB_DevInit
 .text.USB_FlushTxFifo
                0x000000000800889c       0x68 ./Drivers/STM32F7xx_HAL_Driver/Src/stm32f7xx_ll_usb.o
                0x000000000800889c                USB_FlushTxFifo
 .text.USB_FlushRxFifo
                0x0000000008008904       0x60 ./Drivers/STM32F7xx_HAL_Driver/Src/stm32f7xx_ll_usb.o
                0x0000000008008904                USB_FlushRxFifo
 .text.USB_SetDevSpeed
                0x0000000008008964       0x32 ./Drivers/STM32F7xx_HAL_Driver/Src/stm32f7xx_ll_usb.o
                0x0000000008008964                USB_SetDevSpeed
 .text.USB_GetDevSpeed
                0x0000000008008996       0x4a ./Drivers/STM32F7xx_HAL_Driver/Src/stm32f7xx_ll_usb.o
                0x0000000008008996                USB_GetDevSpeed
 .text.USB_ActivateEndpoint
                0x00000000080089e0      0x110 ./Drivers/STM32F7xx_HAL_Driver/Src/stm32f7xx_ll_usb.o
                0x00000000080089e0                USB_ActivateEndpoint
 .text.USB_DeactivateEndpoint
                0x0000000008008af0      0x1b8 ./Drivers/STM32F7xx_HAL_Driver/Src/stm32f7xx_ll_usb.o
                0x0000000008008af0                USB_DeactivateEndpoint
 .text.USB_EPStartXfer
                0x0000000008008ca8      0x4a0 ./Drivers/STM32F7xx_HAL_Driver/Src/stm32f7xx_ll_usb.o
                0x0000000008008ca8                USB_EPStartXfer
 .text.USB_EP0StartXfer
                0x0000000008009148      0x2b8 ./Drivers/STM32F7xx_HAL_Driver/Src/stm32f7xx_ll_usb.o
                0x0000000008009148                USB_EP0StartXfer
 .text.USB_EPStopXfer
                0x0000000008009400      0x154 ./Drivers/STM32F7xx_HAL_Driver/Src/stm32f7xx_ll_usb.o
                0x0000000008009400                USB_EPStopXfer
 .text.USB_WritePacket
                0x0000000008009554       0x7c ./Drivers/STM32F7xx_HAL_Driver/Src/stm32f7xx_ll_usb.o
                0x0000000008009554                USB_WritePacket
 .text.USB_ReadPacket
                0x00000000080095d0       0xb0 ./Drivers/STM32F7xx_HAL_Driver/Src/stm32f7xx_ll_usb.o
                0x00000000080095d0                USB_ReadPacket
 .text.USB_EPSetStall
                0x0000000008009680       0xdc ./Drivers/STM32F7xx_HAL_Driver/Src/stm32f7xx_ll_usb.o
                0x0000000008009680                USB_EPSetStall
 .text.USB_EPClearStall
                0x000000000800975c       0xcc ./Drivers/STM32F7xx_HAL_Driver/Src/stm32f7xx_ll_usb.o
                0x000000000800975c                USB_EPClearStall
 .text.USB_SetDevAddress
                0x0000000008009828       0x4c ./Drivers/STM32F7xx_HAL_Driver/Src/stm32f7xx_ll_usb.o
                0x0000000008009828                USB_SetDevAddress
 .text.USB_DevConnect
                0x0000000008009874       0x42 ./Drivers/STM32F7xx_HAL_Driver/Src/stm32f7xx_ll_usb.o
                0x0000000008009874                USB_DevConnect
 .text.USB_DevDisconnect
                0x00000000080098b6       0x42 ./Drivers/STM32F7xx_HAL_Driver/Src/stm32f7xx_ll_usb.o
                0x00000000080098b6                USB_DevDisconnect
 .text.USB_ReadInterrupts
                0x00000000080098f8       0x26 ./Drivers/STM32F7xx_HAL_Driver/Src/stm32f7xx_ll_usb.o
                0x00000000080098f8                USB_ReadInterrupts
 .text.USB_ReadDevAllOutEpInterrupt
                0x000000000800991e       0x34 ./Drivers/STM32F7xx_HAL_Driver/Src/stm32f7xx_ll_usb.o
                0x000000000800991e                USB_ReadDevAllOutEpInterrupt
 .text.USB_ReadDevAllInEpInterrupt
                0x0000000008009952       0x34 ./Drivers/STM32F7xx_HAL_Driver/Src/stm32f7xx_ll_usb.o
                0x0000000008009952                USB_ReadDevAllInEpInterrupt
 .text.USB_ReadDevOutEPInterrupt
                0x0000000008009986       0x3c ./Drivers/STM32F7xx_HAL_Driver/Src/stm32f7xx_ll_usb.o
                0x0000000008009986                USB_ReadDevOutEPInterrupt
 .text.USB_ReadDevInEPInterrupt
                0x00000000080099c2       0x5c ./Drivers/STM32F7xx_HAL_Driver/Src/stm32f7xx_ll_usb.o
                0x00000000080099c2                USB_ReadDevInEPInterrupt
 .text.USB_GetMode
                0x0000000008009a1e       0x1c ./Drivers/STM32F7xx_HAL_Driver/Src/stm32f7xx_ll_usb.o
                0x0000000008009a1e                USB_GetMode
 *fill*         0x0000000008009a3a        0x2 
 .text.USB_ActivateSetup
                0x0000000008009a3c       0x48 ./Drivers/STM32F7xx_HAL_Driver/Src/stm32f7xx_ll_usb.o
                0x0000000008009a3c                USB_ActivateSetup
 .text.USB_EP0_OutStart
                0x0000000008009a84       0xbc ./Drivers/STM32F7xx_HAL_Driver/Src/stm32f7xx_ll_usb.o
                0x0000000008009a84                USB_EP0_OutStart
 .text.USB_CoreReset
                0x0000000008009b40       0x68 ./Drivers/STM32F7xx_HAL_Driver/Src/stm32f7xx_ll_usb.o
 .text.USBD_CDC_Init
                0x0000000008009ba8      0x1f0 ./Middlewares/ST/STM32_USB_Device_Library/Class/CDC/Src/usbd_cdc.o
 .text.USBD_CDC_DeInit
                0x0000000008009d98      0x104 ./Middlewares/ST/STM32_USB_Device_Library/Class/CDC/Src/usbd_cdc.o
 .text.USBD_CDC_Setup
                0x0000000008009e9c      0x1b8 ./Middlewares/ST/STM32_USB_Device_Library/Class/CDC/Src/usbd_cdc.o
 .text.USBD_CDC_DataIn
                0x000000000800a054       0xfe ./Middlewares/ST/STM32_USB_Device_Library/Class/CDC/Src/usbd_cdc.o
 .text.USBD_CDC_DataOut
                0x000000000800a152       0x70 ./Middlewares/ST/STM32_USB_Device_Library/Class/CDC/Src/usbd_cdc.o
 .text.USBD_CDC_EP0_RxReady
                0x000000000800a1c2       0x76 ./Middlewares/ST/STM32_USB_Device_Library/Class/CDC/Src/usbd_cdc.o
 .text.USBD_CDC_GetFSCfgDesc
                0x000000000800a238       0x70 ./Middlewares/ST/STM32_USB_Device_Library/Class/CDC/Src/usbd_cdc.o
 .text.USBD_CDC_GetHSCfgDesc
                0x000000000800a2a8       0x70 ./Middlewares/ST/STM32_USB_Device_Library/Class/CDC/Src/usbd_cdc.o
 .text.USBD_CDC_GetOtherSpeedCfgDesc
                0x000000000800a318       0x70 ./Middlewares/ST/STM32_USB_Device_Library/Class/CDC/Src/usbd_cdc.o
 .text.USBD_CDC_GetDeviceQualifierDescriptor
                0x000000000800a388       0x20 ./Middlewares/ST/STM32_USB_Device_Library/Class/CDC/Src/usbd_cdc.o
                0x000000000800a388                USBD_CDC_GetDeviceQualifierDescriptor
 .text.USBD_CDC_RegisterInterface
                0x000000000800a3a8       0x34 ./Middlewares/ST/STM32_USB_Device_Library/Class/CDC/Src/usbd_cdc.o
                0x000000000800a3a8                USBD_CDC_RegisterInterface
 .text.USBD_CDC_SetTxBuffer
                0x000000000800a3dc       0x44 ./Middlewares/ST/STM32_USB_Device_Library/Class/CDC/Src/usbd_cdc.o
                0x000000000800a3dc                USBD_CDC_SetTxBuffer
 .text.USBD_CDC_SetRxBuffer
                0x000000000800a420       0x3a ./Middlewares/ST/STM32_USB_Device_Library/Class/CDC/Src/usbd_cdc.o
                0x000000000800a420                USBD_CDC_SetRxBuffer
 *fill*         0x000000000800a45a        0x2 
 .text.USBD_CDC_ReceivePacket
                0x000000000800a45c       0x6c ./Middlewares/ST/STM32_USB_Device_Library/Class/CDC/Src/usbd_cdc.o
                0x000000000800a45c                USBD_CDC_ReceivePacket
 .text.USBD_Init
                0x000000000800a4c8       0x60 ./Middlewares/ST/STM32_USB_Device_Library/Core/Src/usbd_core.o
                0x000000000800a4c8                USBD_Init
 .text.USBD_RegisterClass
                0x000000000800a528       0x6c ./Middlewares/ST/STM32_USB_Device_Library/Core/Src/usbd_core.o
                0x000000000800a528                USBD_RegisterClass
 .text.USBD_Start
                0x000000000800a594       0x18 ./Middlewares/ST/STM32_USB_Device_Library/Core/Src/usbd_core.o
                0x000000000800a594                USBD_Start
 .text.USBD_RunTestMode
                0x000000000800a5ac       0x16 ./Middlewares/ST/STM32_USB_Device_Library/Core/Src/usbd_core.o
                0x000000000800a5ac                USBD_RunTestMode
 .text.USBD_SetClassConfig
                0x000000000800a5c2       0x38 ./Middlewares/ST/STM32_USB_Device_Library/Core/Src/usbd_core.o
                0x000000000800a5c2                USBD_SetClassConfig
 .text.USBD_ClrClassConfig
                0x000000000800a5fa       0x34 ./Middlewares/ST/STM32_USB_Device_Library/Core/Src/usbd_core.o
                0x000000000800a5fa                USBD_ClrClassConfig
 .text.USBD_LL_SetupStage
                0x000000000800a62e       0xaa ./Middlewares/ST/STM32_USB_Device_Library/Core/Src/usbd_core.o
                0x000000000800a62e                USBD_LL_SetupStage
 .text.USBD_LL_DataOutStage
                0x000000000800a6d8      0x166 ./Middlewares/ST/STM32_USB_Device_Library/Core/Src/usbd_core.o
                0x000000000800a6d8                USBD_LL_DataOutStage
 .text.USBD_LL_DataInStage
                0x000000000800a83e      0x164 ./Middlewares/ST/STM32_USB_Device_Library/Core/Src/usbd_core.o
                0x000000000800a83e                USBD_LL_DataInStage
 .text.USBD_LL_Reset
                0x000000000800a9a2       0xa4 ./Middlewares/ST/STM32_USB_Device_Library/Core/Src/usbd_core.o
                0x000000000800a9a2                USBD_LL_Reset
 .text.USBD_LL_SetSpeed
                0x000000000800aa46       0x20 ./Middlewares/ST/STM32_USB_Device_Library/Core/Src/usbd_core.o
                0x000000000800aa46                USBD_LL_SetSpeed
 .text.USBD_LL_Suspend
                0x000000000800aa66       0x2c ./Middlewares/ST/STM32_USB_Device_Library/Core/Src/usbd_core.o
                0x000000000800aa66                USBD_LL_Suspend
 .text.USBD_LL_Resume
                0x000000000800aa92       0x30 ./Middlewares/ST/STM32_USB_Device_Library/Core/Src/usbd_core.o
                0x000000000800aa92                USBD_LL_Resume
 .text.USBD_LL_SOF
                0x000000000800aac2       0x40 ./Middlewares/ST/STM32_USB_Device_Library/Core/Src/usbd_core.o
                0x000000000800aac2                USBD_LL_SOF
 .text.USBD_LL_IsoINIncomplete
                0x000000000800ab02       0x64 ./Middlewares/ST/STM32_USB_Device_Library/Core/Src/usbd_core.o
                0x000000000800ab02                USBD_LL_IsoINIncomplete
 .text.USBD_LL_IsoOUTIncomplete
                0x000000000800ab66       0x64 ./Middlewares/ST/STM32_USB_Device_Library/Core/Src/usbd_core.o
                0x000000000800ab66                USBD_LL_IsoOUTIncomplete
 .text.USBD_LL_DevConnected
                0x000000000800abca       0x16 ./Middlewares/ST/STM32_USB_Device_Library/Core/Src/usbd_core.o
                0x000000000800abca                USBD_LL_DevConnected
 .text.USBD_LL_DevDisconnected
                0x000000000800abe0       0x46 ./Middlewares/ST/STM32_USB_Device_Library/Core/Src/usbd_core.o
                0x000000000800abe0                USBD_LL_DevDisconnected
 .text.USBD_CoreFindIF
                0x000000000800ac26       0x1a ./Middlewares/ST/STM32_USB_Device_Library/Core/Src/usbd_core.o
                0x000000000800ac26                USBD_CoreFindIF
 .text.USBD_CoreFindEP
                0x000000000800ac40       0x1a ./Middlewares/ST/STM32_USB_Device_Library/Core/Src/usbd_core.o
                0x000000000800ac40                USBD_CoreFindEP
 .text.USBD_GetEpDesc
                0x000000000800ac5a       0x74 ./Middlewares/ST/STM32_USB_Device_Library/Core/Src/usbd_core.o
                0x000000000800ac5a                USBD_GetEpDesc
 .text.USBD_GetNextDesc
                0x000000000800acce       0x3a ./Middlewares/ST/STM32_USB_Device_Library/Core/Src/usbd_core.o
                0x000000000800acce                USBD_GetNextDesc
 .text.SWAPBYTE
                0x000000000800ad08       0x3c ./Middlewares/ST/STM32_USB_Device_Library/Core/Src/usbd_ctlreq.o
 .text.USBD_StdDevReq
                0x000000000800ad44       0xe4 ./Middlewares/ST/STM32_USB_Device_Library/Core/Src/usbd_ctlreq.o
                0x000000000800ad44                USBD_StdDevReq
 .text.USBD_StdItfReq
                0x000000000800ae28       0xd8 ./Middlewares/ST/STM32_USB_Device_Library/Core/Src/usbd_ctlreq.o
                0x000000000800ae28                USBD_StdItfReq
 .text.USBD_StdEPReq
                0x000000000800af00      0x33a ./Middlewares/ST/STM32_USB_Device_Library/Core/Src/usbd_ctlreq.o
                0x000000000800af00                USBD_StdEPReq
 *fill*         0x000000000800b23a        0x2 
 .text.USBD_GetDescriptor
                0x000000000800b23c      0x328 ./Middlewares/ST/STM32_USB_Device_Library/Core/Src/usbd_ctlreq.o
 .text.USBD_SetAddress
                0x000000000800b564       0x88 ./Middlewares/ST/STM32_USB_Device_Library/Core/Src/usbd_ctlreq.o
 .text.USBD_SetConfig
                0x000000000800b5ec      0x154 ./Middlewares/ST/STM32_USB_Device_Library/Core/Src/usbd_ctlreq.o
 .text.USBD_GetConfig
                0x000000000800b740       0x6c ./Middlewares/ST/STM32_USB_Device_Library/Core/Src/usbd_ctlreq.o
 .text.USBD_GetStatus
                0x000000000800b7ac       0x68 ./Middlewares/ST/STM32_USB_Device_Library/Core/Src/usbd_ctlreq.o
 .text.USBD_SetFeature
                0x000000000800b814       0x52 ./Middlewares/ST/STM32_USB_Device_Library/Core/Src/usbd_ctlreq.o
 .text.USBD_ClrFeature
                0x000000000800b866       0x44 ./Middlewares/ST/STM32_USB_Device_Library/Core/Src/usbd_ctlreq.o
 .text.USBD_ParseSetupRequest
                0x000000000800b8aa       0x74 ./Middlewares/ST/STM32_USB_Device_Library/Core/Src/usbd_ctlreq.o
                0x000000000800b8aa                USBD_ParseSetupRequest
 .text.USBD_CtlError
                0x000000000800b91e       0x22 ./Middlewares/ST/STM32_USB_Device_Library/Core/Src/usbd_ctlreq.o
                0x000000000800b91e                USBD_CtlError
 .text.USBD_GetString
                0x000000000800b940       0x8c ./Middlewares/ST/STM32_USB_Device_Library/Core/Src/usbd_ctlreq.o
                0x000000000800b940                USBD_GetString
 .text.USBD_GetLen
                0x000000000800b9cc       0x34 ./Middlewares/ST/STM32_USB_Device_Library/Core/Src/usbd_ctlreq.o
 .text.USBD_CtlSendData
                0x000000000800ba00       0x36 ./Middlewares/ST/STM32_USB_Device_Library/Core/Src/usbd_ioreq.o
                0x000000000800ba00                USBD_CtlSendData
 .text.USBD_CtlContinueSendData
                0x000000000800ba36       0x22 ./Middlewares/ST/STM32_USB_Device_Library/Core/Src/usbd_ioreq.o
                0x000000000800ba36                USBD_CtlContinueSendData
 .text.USBD_CtlPrepareRx
                0x000000000800ba58       0x3a ./Middlewares/ST/STM32_USB_Device_Library/Core/Src/usbd_ioreq.o
                0x000000000800ba58                USBD_CtlPrepareRx
 .text.USBD_CtlContinueRx
                0x000000000800ba92       0x22 ./Middlewares/ST/STM32_USB_Device_Library/Core/Src/usbd_ioreq.o
                0x000000000800ba92                USBD_CtlContinueRx
 .text.USBD_CtlSendStatus
                0x000000000800bab4       0x26 ./Middlewares/ST/STM32_USB_Device_Library/Core/Src/usbd_ioreq.o
                0x000000000800bab4                USBD_CtlSendStatus
 .text.USBD_CtlReceiveStatus
                0x000000000800bada       0x26 ./Middlewares/ST/STM32_USB_Device_Library/Core/Src/usbd_ioreq.o
                0x000000000800bada                USBD_CtlReceiveStatus
 .text.MX_USB_DEVICE_Init
                0x000000000800bb00       0x60 ./USB_DEVICE/App/usb_device.o
                0x000000000800bb00                MX_USB_DEVICE_Init
 .text.CDC_Init_HS
                0x000000000800bb60       0x28 ./USB_DEVICE/App/usbd_cdc_if.o
 .text.CDC_DeInit_HS
                0x000000000800bb88       0x10 ./USB_DEVICE/App/usbd_cdc_if.o
 .text.CDC_Control_HS
                0x000000000800bb98       0xbc ./USB_DEVICE/App/usbd_cdc_if.o
 .text.CDC_Receive_HS
                0x000000000800bc54       0x28 ./USB_DEVICE/App/usbd_cdc_if.o
 .text.CDC_TransmitCplt_HS
                0x000000000800bc7c       0x22 ./USB_DEVICE/App/usbd_cdc_if.o
 *fill*         0x000000000800bc9e        0x2 
 .text.USBD_HS_DeviceDescriptor
                0x000000000800bca0       0x24 ./USB_DEVICE/App/usbd_desc.o
                0x000000000800bca0                USBD_HS_DeviceDescriptor
 .text.USBD_HS_LangIDStrDescriptor
                0x000000000800bcc4       0x24 ./USB_DEVICE/App/usbd_desc.o
                0x000000000800bcc4                USBD_HS_LangIDStrDescriptor
 .text.USBD_HS_ProductStrDescriptor
                0x000000000800bce8       0x3c ./USB_DEVICE/App/usbd_desc.o
                0x000000000800bce8                USBD_HS_ProductStrDescriptor
 .text.USBD_HS_ManufacturerStrDescriptor
                0x000000000800bd24       0x28 ./USB_DEVICE/App/usbd_desc.o
                0x000000000800bd24                USBD_HS_ManufacturerStrDescriptor
 .text.USBD_HS_SerialStrDescriptor
                0x000000000800bd4c       0x24 ./USB_DEVICE/App/usbd_desc.o
                0x000000000800bd4c                USBD_HS_SerialStrDescriptor
 .text.USBD_HS_ConfigStrDescriptor
                0x000000000800bd70       0x3c ./USB_DEVICE/App/usbd_desc.o
                0x000000000800bd70                USBD_HS_ConfigStrDescriptor
 .text.USBD_HS_InterfaceStrDescriptor
                0x000000000800bdac       0x3c ./USB_DEVICE/App/usbd_desc.o
                0x000000000800bdac                USBD_HS_InterfaceStrDescriptor
 .text.USBD_HS_USR_BOSDescriptor
                0x000000000800bde8       0x24 ./USB_DEVICE/App/usbd_desc.o
                0x000000000800bde8                USBD_HS_USR_BOSDescriptor
 .text.Get_SerialNum
                0x000000000800be0c       0x58 ./USB_DEVICE/App/usbd_desc.o
 .text.IntToUnicode
                0x000000000800be64       0x7e ./USB_DEVICE/App/usbd_desc.o
 *fill*         0x000000000800bee2        0x2 
 .text.HAL_PCD_MspInit
                0x000000000800bee4       0xd0 ./USB_DEVICE/Target/usbd_conf.o
                0x000000000800bee4                HAL_PCD_MspInit
 .text.HAL_PCD_SetupStageCallback
                0x000000000800bfb4       0x24 ./USB_DEVICE/Target/usbd_conf.o
                0x000000000800bfb4                HAL_PCD_SetupStageCallback
 .text.HAL_PCD_DataOutStageCallback
                0x000000000800bfd8       0x36 ./USB_DEVICE/Target/usbd_conf.o
                0x000000000800bfd8                HAL_PCD_DataOutStageCallback
 .text.HAL_PCD_DataInStageCallback
                0x000000000800c00e       0x34 ./USB_DEVICE/Target/usbd_conf.o
                0x000000000800c00e                HAL_PCD_DataInStageCallback
 .text.HAL_PCD_SOFCallback
                0x000000000800c042       0x1c ./USB_DEVICE/Target/usbd_conf.o
                0x000000000800c042                HAL_PCD_SOFCallback
 .text.HAL_PCD_ResetCallback
                0x000000000800c05e       0x50 ./USB_DEVICE/Target/usbd_conf.o
                0x000000000800c05e                HAL_PCD_ResetCallback
 *fill*         0x000000000800c0ae        0x2 
 .text.HAL_PCD_SuspendCallback
                0x000000000800c0b0       0x4c ./USB_DEVICE/Target/usbd_conf.o
                0x000000000800c0b0                HAL_PCD_SuspendCallback
 .text.HAL_PCD_ResumeCallback
                0x000000000800c0fc       0x1c ./USB_DEVICE/Target/usbd_conf.o
                0x000000000800c0fc                HAL_PCD_ResumeCallback
 .text.HAL_PCD_ISOOUTIncompleteCallback
                0x000000000800c118       0x24 ./USB_DEVICE/Target/usbd_conf.o
                0x000000000800c118                HAL_PCD_ISOOUTIncompleteCallback
 .text.HAL_PCD_ISOINIncompleteCallback
                0x000000000800c13c       0x24 ./USB_DEVICE/Target/usbd_conf.o
                0x000000000800c13c                HAL_PCD_ISOINIncompleteCallback
 .text.HAL_PCD_ConnectCallback
                0x000000000800c160       0x1c ./USB_DEVICE/Target/usbd_conf.o
                0x000000000800c160                HAL_PCD_ConnectCallback
 .text.HAL_PCD_DisconnectCallback
                0x000000000800c17c       0x1c ./USB_DEVICE/Target/usbd_conf.o
                0x000000000800c17c                HAL_PCD_DisconnectCallback
 .text.USBD_LL_Init
                0x000000000800c198       0xa4 ./USB_DEVICE/Target/usbd_conf.o
                0x000000000800c198                USBD_LL_Init
 .text.USBD_LL_Start
                0x000000000800c23c       0x36 ./USB_DEVICE/Target/usbd_conf.o
                0x000000000800c23c                USBD_LL_Start
 .text.USBD_LL_OpenEP
                0x000000000800c272       0x4c ./USB_DEVICE/Target/usbd_conf.o
                0x000000000800c272                USBD_LL_OpenEP
 .text.USBD_LL_CloseEP
                0x000000000800c2be       0x3e ./USB_DEVICE/Target/usbd_conf.o
                0x000000000800c2be                USBD_LL_CloseEP
 .text.USBD_LL_StallEP
                0x000000000800c2fc       0x3e ./USB_DEVICE/Target/usbd_conf.o
                0x000000000800c2fc                USBD_LL_StallEP
 .text.USBD_LL_ClearStallEP
                0x000000000800c33a       0x3e ./USB_DEVICE/Target/usbd_conf.o
                0x000000000800c33a                USBD_LL_ClearStallEP
 .text.USBD_LL_IsStallEP
                0x000000000800c378       0x58 ./USB_DEVICE/Target/usbd_conf.o
                0x000000000800c378                USBD_LL_IsStallEP
 .text.USBD_LL_SetUSBAddress
                0x000000000800c3d0       0x3e ./USB_DEVICE/Target/usbd_conf.o
                0x000000000800c3d0                USBD_LL_SetUSBAddress
 .text.USBD_LL_Transmit
                0x000000000800c40e       0x42 ./USB_DEVICE/Target/usbd_conf.o
                0x000000000800c40e                USBD_LL_Transmit
 .text.USBD_LL_PrepareReceive
                0x000000000800c450       0x42 ./USB_DEVICE/Target/usbd_conf.o
                0x000000000800c450                USBD_LL_PrepareReceive
 .text.USBD_LL_GetRxDataSize
                0x000000000800c492       0x26 ./USB_DEVICE/Target/usbd_conf.o
                0x000000000800c492                USBD_LL_GetRxDataSize
 .text.HAL_PCDEx_LPM_Callback
                0x000000000800c4b8       0x9c ./USB_DEVICE/Target/usbd_conf.o
                0x000000000800c4b8                HAL_PCDEx_LPM_Callback
 .text.SystemClockConfig_Resume
                0x000000000800c554        0xc ./USB_DEVICE/Target/usbd_conf.o
 .text.USBD_Get_USB_Status
                0x000000000800c560       0x58 ./USB_DEVICE/Target/usbd_conf.o
                0x000000000800c560                USBD_Get_USB_Status
 .text.malloc   0x000000000800c5b8       0x10 C:/ST/STM32CubeIDE_1.13.1/STM32CubeIDE/plugins/com.st.stm32cube.ide.mcu.externaltools.gnu-tools-for-stm32.11.3.rel1.win32_1.1.100.202309141235/tools/bin/../lib/gcc/arm-none-eabi/11.3.1/../../../../arm-none-eabi/lib/thumb/v7e-m+fp/hard\libc_nano.a(libc_a-malloc.o)
                0x000000000800c5b8                malloc
 .text.free     0x000000000800c5c8       0x10 C:/ST/STM32CubeIDE_1.13.1/STM32CubeIDE/plugins/com.st.stm32cube.ide.mcu.externaltools.gnu-tools-for-stm32.11.3.rel1.win32_1.1.100.202309141235/tools/bin/../lib/gcc/arm-none-eabi/11.3.1/../../../../arm-none-eabi/lib/thumb/v7e-m+fp/hard\libc_nano.a(libc_a-malloc.o)
                0x000000000800c5c8                free
 .text.sbrk_aligned
                0x000000000800c5d8       0x40 C:/ST/STM32CubeIDE_1.13.1/STM32CubeIDE/plugins/com.st.stm32cube.ide.mcu.externaltools.gnu-tools-for-stm32.11.3.rel1.win32_1.1.100.202309141235/tools/bin/../lib/gcc/arm-none-eabi/11.3.1/../../../../arm-none-eabi/lib/thumb/v7e-m+fp/hard\libc_nano.a(libc_a-mallocr.o)
 .text._malloc_r
                0x000000000800c618      0x100 C:/ST/STM32CubeIDE_1.13.1/STM32CubeIDE/plugins/com.st.stm32cube.ide.mcu.externaltools.gnu-tools-for-stm32.11.3.rel1.win32_1.1.100.202309141235/tools/bin/../lib/gcc/arm-none-eabi/11.3.1/../../../../arm-none-eabi/lib/thumb/v7e-m+fp/hard\libc_nano.a(libc_a-mallocr.o)
                0x000000000800c618                _malloc_r
 .text.__malloc_lock
                0x000000000800c718        0xc C:/ST/STM32CubeIDE_1.13.1/STM32CubeIDE/plugins/com.st.stm32cube.ide.mcu.externaltools.gnu-tools-for-stm32.11.3.rel1.win32_1.1.100.202309141235/tools/bin/../lib/gcc/arm-none-eabi/11.3.1/../../../../arm-none-eabi/lib/thumb/v7e-m+fp/hard\libc_nano.a(libc_a-mlock.o)
                0x000000000800c718                __malloc_lock
 .text.__malloc_unlock
                0x000000000800c724        0xc C:/ST/STM32CubeIDE_1.13.1/STM32CubeIDE/plugins/com.st.stm32cube.ide.mcu.externaltools.gnu-tools-for-stm32.11.3.rel1.win32_1.1.100.202309141235/tools/bin/../lib/gcc/arm-none-eabi/11.3.1/../../../../arm-none-eabi/lib/thumb/v7e-m+fp/hard\libc_nano.a(libc_a-mlock.o)
                0x000000000800c724                __malloc_unlock
 .text.sprintf  0x000000000800c730       0x40 C:/ST/STM32CubeIDE_1.13.1/STM32CubeIDE/plugins/com.st.stm32cube.ide.mcu.externaltools.gnu-tools-for-stm32.11.3.rel1.win32_1.1.100.202309141235/tools/bin/../lib/gcc/arm-none-eabi/11.3.1/../../../../arm-none-eabi/lib/thumb/v7e-m+fp/hard\libc_nano.a(libc_a-sprintf.o)
                0x000000000800c730                siprintf
                0x000000000800c730                sprintf
 .text.memset   0x000000000800c770       0x10 C:/ST/STM32CubeIDE_1.13.1/STM32CubeIDE/plugins/com.st.stm32cube.ide.mcu.externaltools.gnu-tools-for-stm32.11.3.rel1.win32_1.1.100.202309141235/tools/bin/../lib/gcc/arm-none-eabi/11.3.1/../../../../arm-none-eabi/lib/thumb/v7e-m+fp/hard\libc_nano.a(libc_a-memset.o)
                0x000000000800c770                memset
 .text._sbrk_r  0x000000000800c780       0x20 C:/ST/STM32CubeIDE_1.13.1/STM32CubeIDE/plugins/com.st.stm32cube.ide.mcu.externaltools.gnu-tools-for-stm32.11.3.rel1.win32_1.1.100.202309141235/tools/bin/../lib/gcc/arm-none-eabi/11.3.1/../../../../arm-none-eabi/lib/thumb/v7e-m+fp/hard\libc_nano.a(libc_a-sbrkr.o)
                0x000000000800c780                _sbrk_r
 .text.__errno  0x000000000800c7a0        0xc C:/ST/STM32CubeIDE_1.13.1/STM32CubeIDE/plugins/com.st.stm32cube.ide.mcu.externaltools.gnu-tools-for-stm32.11.3.rel1.win32_1.1.100.202309141235/tools/bin/../lib/gcc/arm-none-eabi/11.3.1/../../../../arm-none-eabi/lib/thumb/v7e-m+fp/hard\libc_nano.a(libc_a-errno.o)
                0x000000000800c7a0                __errno
 .text.__libc_init_array
                0x000000000800c7ac       0x48 C:/ST/STM32CubeIDE_1.13.1/STM32CubeIDE/plugins/com.st.stm32cube.ide.mcu.externaltools.gnu-tools-for-stm32.11.3.rel1.win32_1.1.100.202309141235/tools/bin/../lib/gcc/arm-none-eabi/11.3.1/../../../../arm-none-eabi/lib/thumb/v7e-m+fp/hard\libc_nano.a(libc_a-init.o)
                0x000000000800c7ac                __libc_init_array
 .text.__retarget_lock_acquire_recursive
                0x000000000800c7f4        0x2 C:/ST/STM32CubeIDE_1.13.1/STM32CubeIDE/plugins/com.st.stm32cube.ide.mcu.externaltools.gnu-tools-for-stm32.11.3.rel1.win32_1.1.100.202309141235/tools/bin/../lib/gcc/arm-none-eabi/11.3.1/../../../../arm-none-eabi/lib/thumb/v7e-m+fp/hard\libc_nano.a(libc_a-lock.o)
                0x000000000800c7f4                __retarget_lock_acquire_recursive
 .text.__retarget_lock_release_recursive
                0x000000000800c7f6        0x2 C:/ST/STM32CubeIDE_1.13.1/STM32CubeIDE/plugins/com.st.stm32cube.ide.mcu.externaltools.gnu-tools-for-stm32.11.3.rel1.win32_1.1.100.202309141235/tools/bin/../lib/gcc/arm-none-eabi/11.3.1/../../../../arm-none-eabi/lib/thumb/v7e-m+fp/hard\libc_nano.a(libc_a-lock.o)
                0x000000000800c7f6                __retarget_lock_release_recursive
 .text._free_r  0x000000000800c7f8       0x98 C:/ST/STM32CubeIDE_1.13.1/STM32CubeIDE/plugins/com.st.stm32cube.ide.mcu.externaltools.gnu-tools-for-stm32.11.3.rel1.win32_1.1.100.202309141235/tools/bin/../lib/gcc/arm-none-eabi/11.3.1/../../../../arm-none-eabi/lib/thumb/v7e-m+fp/hard\libc_nano.a(libc_a-freer.o)
                0x000000000800c7f8                _free_r
 .text.__ssputs_r
                0x000000000800c890       0xb4 C:/ST/STM32CubeIDE_1.13.1/STM32CubeIDE/plugins/com.st.stm32cube.ide.mcu.externaltools.gnu-tools-for-stm32.11.3.rel1.win32_1.1.100.202309141235/tools/bin/../lib/gcc/arm-none-eabi/11.3.1/../../../../arm-none-eabi/lib/thumb/v7e-m+fp/hard\libc_nano.a(libc_a-nano-svfprintf.o)
                0x000000000800c890                __ssputs_r
 .text._svfprintf_r
                0x000000000800c944      0x1fc C:/ST/STM32CubeIDE_1.13.1/STM32CubeIDE/plugins/com.st.stm32cube.ide.mcu.externaltools.gnu-tools-for-stm32.11.3.rel1.win32_1.1.100.202309141235/tools/bin/../lib/gcc/arm-none-eabi/11.3.1/../../../../arm-none-eabi/lib/thumb/v7e-m+fp/hard\libc_nano.a(libc_a-nano-svfprintf.o)
                0x000000000800c944                _svfiprintf_r
                0x000000000800c944                _svfprintf_r
 .text._printf_common
                0x000000000800cb40       0xda C:/ST/STM32CubeIDE_1.13.1/STM32CubeIDE/plugins/com.st.stm32cube.ide.mcu.externaltools.gnu-tools-for-stm32.11.3.rel1.win32_1.1.100.202309141235/tools/bin/../lib/gcc/arm-none-eabi/11.3.1/../../../../arm-none-eabi/lib/thumb/v7e-m+fp/hard\libc_nano.a(libc_a-nano-vfprintf_i.o)
                0x000000000800cb40                _printf_common
 *fill*         0x000000000800cc1a        0x2 
 .text._printf_i
                0x000000000800cc1c      0x244 C:/ST/STM32CubeIDE_1.13.1/STM32CubeIDE/plugins/com.st.stm32cube.ide.mcu.externaltools.gnu-tools-for-stm32.11.3.rel1.win32_1.1.100.202309141235/tools/bin/../lib/gcc/arm-none-eabi/11.3.1/../../../../arm-none-eabi/lib/thumb/v7e-m+fp/hard\libc_nano.a(libc_a-nano-vfprintf_i.o)
                0x000000000800cc1c                _printf_i
 .text.memmove  0x000000000800ce60       0x34 C:/ST/STM32CubeIDE_1.13.1/STM32CubeIDE/plugins/com.st.stm32cube.ide.mcu.externaltools.gnu-tools-for-stm32.11.3.rel1.win32_1.1.100.202309141235/tools/bin/../lib/gcc/arm-none-eabi/11.3.1/../../../../arm-none-eabi/lib/thumb/v7e-m+fp/hard\libc_nano.a(libc_a-memmove.o)
                0x000000000800ce60                memmove
 .text.memcpy   0x000000000800ce94       0x1c C:/ST/STM32CubeIDE_1.13.1/STM32CubeIDE/plugins/com.st.stm32cube.ide.mcu.externaltools.gnu-tools-for-stm32.11.3.rel1.win32_1.1.100.202309141235/tools/bin/../lib/gcc/arm-none-eabi/11.3.1/../../../../arm-none-eabi/lib/thumb/v7e-m+fp/hard\libc_nano.a(libc_a-memcpy-stub.o)
                0x000000000800ce94                memcpy
 .text._realloc_r
                0x000000000800ceb0       0x5e C:/ST/STM32CubeIDE_1.13.1/STM32CubeIDE/plugins/com.st.stm32cube.ide.mcu.externaltools.gnu-tools-for-stm32.11.3.rel1.win32_1.1.100.202309141235/tools/bin/../lib/gcc/arm-none-eabi/11.3.1/../../../../arm-none-eabi/lib/thumb/v7e-m+fp/hard\libc_nano.a(libc_a-reallocr.o)
                0x000000000800ceb0                _realloc_r
 .text._malloc_usable_size_r
                0x000000000800cf0e       0x10 C:/ST/STM32CubeIDE_1.13.1/STM32CubeIDE/plugins/com.st.stm32cube.ide.mcu.externaltools.gnu-tools-for-stm32.11.3.rel1.win32_1.1.100.202309141235/tools/bin/../lib/gcc/arm-none-eabi/11.3.1/../../../../arm-none-eabi/lib/thumb/v7e-m+fp/hard\libc_nano.a(libc_a-msizer.o)
                0x000000000800cf0e                _malloc_usable_size_r
 *(.glue_7)
 .glue_7        0x000000000800cf1e        0x0 linker stubs
 *(.glue_7t)
 .glue_7t       0x000000000800cf1e        0x0 linker stubs
 *(.eh_frame)
 *fill*         0x000000000800cf1e        0x2 
 .eh_frame      0x000000000800cf20        0x0 C:/ST/STM32CubeIDE_1.13.1/STM32CubeIDE/plugins/com.st.stm32cube.ide.mcu.externaltools.gnu-tools-for-stm32.11.3.rel1.win32_1.1.100.202309141235/tools/bin/../lib/gcc/arm-none-eabi/11.3.1/thumb/v7e-m+fp/hard/crtbegin.o
 *(.init)
 .init          0x000000000800cf20        0x4 C:/ST/STM32CubeIDE_1.13.1/STM32CubeIDE/plugins/com.st.stm32cube.ide.mcu.externaltools.gnu-tools-for-stm32.11.3.rel1.win32_1.1.100.202309141235/tools/bin/../lib/gcc/arm-none-eabi/11.3.1/thumb/v7e-m+fp/hard/crti.o
                0x000000000800cf20                _init
 .init          0x000000000800cf24        0x8 C:/ST/STM32CubeIDE_1.13.1/STM32CubeIDE/plugins/com.st.stm32cube.ide.mcu.externaltools.gnu-tools-for-stm32.11.3.rel1.win32_1.1.100.202309141235/tools/bin/../lib/gcc/arm-none-eabi/11.3.1/thumb/v7e-m+fp/hard/crtn.o
 *(.fini)
 .fini          0x000000000800cf2c        0x4 C:/ST/STM32CubeIDE_1.13.1/STM32CubeIDE/plugins/com.st.stm32cube.ide.mcu.externaltools.gnu-tools-for-stm32.11.3.rel1.win32_1.1.100.202309141235/tools/bin/../lib/gcc/arm-none-eabi/11.3.1/thumb/v7e-m+fp/hard/crti.o
                0x000000000800cf2c                _fini
 .fini          0x000000000800cf30        0x8 C:/ST/STM32CubeIDE_1.13.1/STM32CubeIDE/plugins/com.st.stm32cube.ide.mcu.externaltools.gnu-tools-for-stm32.11.3.rel1.win32_1.1.100.202309141235/tools/bin/../lib/gcc/arm-none-eabi/11.3.1/thumb/v7e-m+fp/hard/crtn.o
                0x000000000800cf38                . = ALIGN (0x4)
                0x000000000800cf38                _etext = .

.vfp11_veneer   0x000000000800cf38        0x0
 .vfp11_veneer  0x000000000800cf38        0x0 linker stubs

.v4_bx          0x000000000800cf38        0x0
 .v4_bx         0x000000000800cf38        0x0 linker stubs

.iplt           0x000000000800cf38        0x0
 .iplt          0x000000000800cf38        0x0 C:/ST/STM32CubeIDE_1.13.1/STM32CubeIDE/plugins/com.st.stm32cube.ide.mcu.externaltools.gnu-tools-for-stm32.11.3.rel1.win32_1.1.100.202309141235/tools/bin/../lib/gcc/arm-none-eabi/11.3.1/thumb/v7e-m+fp/hard/crtbegin.o

.rodata         0x000000000800cf38     0xf64c
                0x000000000800cf38                . = ALIGN (0x4)
 *(.rodata)
 .rodata        0x000000000800cf38      0x17d ./Core/Src/frucd_display.o
 *fill*         0x000000000800d0b5        0x3 
 .rodata        0x000000000800d0b8       0x46 ./USB_DEVICE/App/usbd_desc.o
 *(.rodata*)
 *fill*         0x000000000800d0fe        0x2 
 .rodata.THROTTLE_MAP
                0x000000000800d100        0x8 ./Core/Src/sensors.o
                0x000000000800d100                THROTTLE_MAP
 .rodata.AHBPrescTable
                0x000000000800d108       0x10 ./Core/Src/system_stm32f7xx.o
                0x000000000800d108                AHBPrescTable
 .rodata.APBPrescTable
                0x000000000800d118        0x8 ./Core/Src/system_stm32f7xx.o
                0x000000000800d118                APBPrescTable
 .rodata.font_12x16
                0x000000000800d120     0x2000 ./Core/Src/ugui.o
                0x000000000800d120                font_12x16
 .rodata.font_32x53
                0x000000000800f120     0xd400 ./Core/Src/ugui.o
                0x000000000800f120                font_32x53
 .rodata.FONT_12X16
                0x000000000801c520       0x14 ./Core/Src/ugui.o
                0x000000000801c520                FONT_12X16
 .rodata.FONT_32X53
                0x000000000801c534       0x14 ./Core/Src/ugui.o
                0x000000000801c534                FONT_32X53
 .rodata.flagBitshiftOffset.0
                0x000000000801c548        0x8 ./Drivers/STM32F7xx_HAL_Driver/Src/stm32f7xx_hal_dma.o
 .rodata._svfprintf_r.str1.1
                0x000000000801c550       0x11 C:/ST/STM32CubeIDE_1.13.1/STM32CubeIDE/plugins/com.st.stm32cube.ide.mcu.externaltools.gnu-tools-for-stm32.11.3.rel1.win32_1.1.100.202309141235/tools/bin/../lib/gcc/arm-none-eabi/11.3.1/../../../../arm-none-eabi/lib/thumb/v7e-m+fp/hard\libc_nano.a(libc_a-nano-svfprintf.o)
 .rodata._printf_i.str1.1
                0x000000000801c561       0x22 C:/ST/STM32CubeIDE_1.13.1/STM32CubeIDE/plugins/com.st.stm32cube.ide.mcu.externaltools.gnu-tools-for-stm32.11.3.rel1.win32_1.1.100.202309141235/tools/bin/../lib/gcc/arm-none-eabi/11.3.1/../../../../arm-none-eabi/lib/thumb/v7e-m+fp/hard\libc_nano.a(libc_a-nano-vfprintf_i.o)
                0x000000000801c584                . = ALIGN (0x4)
 *fill*         0x000000000801c583        0x1 

.ARM.extab      0x000000000801c584        0x0
                0x000000000801c584                . = ALIGN (0x4)
 *(.ARM.extab* .gnu.linkonce.armextab.*)
                0x000000000801c584                . = ALIGN (0x4)

.ARM            0x000000000801c584        0x8
                0x000000000801c584                . = ALIGN (0x4)
                0x000000000801c584                __exidx_start = .
 *(.ARM.exidx*)
 .ARM.exidx     0x000000000801c584        0x8 C:/ST/STM32CubeIDE_1.13.1/STM32CubeIDE/plugins/com.st.stm32cube.ide.mcu.externaltools.gnu-tools-for-stm32.11.3.rel1.win32_1.1.100.202309141235/tools/bin/../lib/gcc/arm-none-eabi/11.3.1/thumb/v7e-m+fp/hard\libgcc.a(_udivmoddi4.o)
                0x000000000801c58c                __exidx_end = .
                0x000000000801c58c                . = ALIGN (0x4)

.rel.dyn        0x000000000801c58c        0x0
 .rel.iplt      0x000000000801c58c        0x0 C:/ST/STM32CubeIDE_1.13.1/STM32CubeIDE/plugins/com.st.stm32cube.ide.mcu.externaltools.gnu-tools-for-stm32.11.3.rel1.win32_1.1.100.202309141235/tools/bin/../lib/gcc/arm-none-eabi/11.3.1/thumb/v7e-m+fp/hard/crtbegin.o

.preinit_array  0x000000000801c58c        0x0
                0x000000000801c58c                . = ALIGN (0x4)
                0x000000000801c58c                PROVIDE (__preinit_array_start = .)
 *(.preinit_array*)
                0x000000000801c58c                PROVIDE (__preinit_array_end = .)
                0x000000000801c58c                . = ALIGN (0x4)

.init_array     0x000000000801c58c        0x4
                0x000000000801c58c                . = ALIGN (0x4)
                0x000000000801c58c                PROVIDE (__init_array_start = .)
 *(SORT_BY_NAME(.init_array.*))
 *(.init_array*)
 .init_array    0x000000000801c58c        0x4 C:/ST/STM32CubeIDE_1.13.1/STM32CubeIDE/plugins/com.st.stm32cube.ide.mcu.externaltools.gnu-tools-for-stm32.11.3.rel1.win32_1.1.100.202309141235/tools/bin/../lib/gcc/arm-none-eabi/11.3.1/thumb/v7e-m+fp/hard/crtbegin.o
                0x000000000801c590                PROVIDE (__init_array_end = .)
                0x000000000801c590                . = ALIGN (0x4)

.fini_array     0x000000000801c590        0x4
                0x000000000801c590                . = ALIGN (0x4)
                [!provide]                        PROVIDE (__fini_array_start = .)
 *(SORT_BY_NAME(.fini_array.*))
 *(.fini_array*)
 .fini_array    0x000000000801c590        0x4 C:/ST/STM32CubeIDE_1.13.1/STM32CubeIDE/plugins/com.st.stm32cube.ide.mcu.externaltools.gnu-tools-for-stm32.11.3.rel1.win32_1.1.100.202309141235/tools/bin/../lib/gcc/arm-none-eabi/11.3.1/thumb/v7e-m+fp/hard/crtbegin.o
                [!provide]                        PROVIDE (__fini_array_end = .)
                0x000000000801c594                . = ALIGN (0x4)
                0x000000000801c594                _sidata = LOADADDR (.data)

.data           0x0000000020000000      0x1e8 load address 0x000000000801c594
                0x0000000020000000                . = ALIGN (0x4)
                0x0000000020000000                _sdata = .
 *(.data)
 *(.data*)
 .data.shutdown_flags
                0x0000000020000000        0x1 ./Core/Src/can_manager.o
                0x0000000020000000                shutdown_flags
 *fill*         0x0000000020000001        0x3 
 .data.soc_box  0x0000000020000004       0x2c ./Core/Src/frucd_display.o
                0x0000000020000004                soc_box
 .data.bms_temp_box
                0x0000000020000030       0x2c ./Core/Src/frucd_display.o
                0x0000000020000030                bms_temp_box
 .data.glv_v_box
                0x000000002000005c       0x2c ./Core/Src/frucd_display.o
                0x000000002000005c                glv_v_box
 .data.last_state.1
                0x0000000020000088        0x1 ./Core/Src/frucd_display.o
 .data.THROTTLE_MULTIPLIER
                0x0000000020000089        0x1 ./Core/Src/sensors.o
                0x0000000020000089                THROTTLE_MULTIPLIER
 *fill*         0x000000002000008a        0x2 
 .data.SystemCoreClock
                0x000000002000008c        0x4 ./Core/Src/system_stm32f7xx.o
                0x000000002000008c                SystemCoreClock
 .data.uwTickPrio
                0x0000000020000090        0x4 ./Drivers/STM32F7xx_HAL_Driver/Src/stm32f7xx_hal.o
                0x0000000020000090                uwTickPrio
 .data.uwTickFreq
                0x0000000020000094        0x1 ./Drivers/STM32F7xx_HAL_Driver/Src/stm32f7xx_hal.o
                0x0000000020000094                uwTickFreq
 *fill*         0x0000000020000095        0x3 
 .data.USBD_CDC_DeviceQualifierDesc
                0x0000000020000098        0xa ./Middlewares/ST/STM32_USB_Device_Library/Class/CDC/Src/usbd_cdc.o
 *fill*         0x00000000200000a2        0x2 
 .data.USBD_CDC
                0x00000000200000a4       0x38 ./Middlewares/ST/STM32_USB_Device_Library/Class/CDC/Src/usbd_cdc.o
                0x00000000200000a4                USBD_CDC
 .data.USBD_CDC_CfgDesc
                0x00000000200000dc       0x43 ./Middlewares/ST/STM32_USB_Device_Library/Class/CDC/Src/usbd_cdc.o
 .data.CDCInEpAdd
                0x000000002000011f        0x1 ./Middlewares/ST/STM32_USB_Device_Library/Class/CDC/Src/usbd_cdc.o
 .data.CDCOutEpAdd
                0x0000000020000120        0x1 ./Middlewares/ST/STM32_USB_Device_Library/Class/CDC/Src/usbd_cdc.o
 .data.CDCCmdEpAdd
                0x0000000020000121        0x1 ./Middlewares/ST/STM32_USB_Device_Library/Class/CDC/Src/usbd_cdc.o
 *fill*         0x0000000020000122        0x2 
 .data.USBD_Interface_fops_HS
                0x0000000020000124       0x14 ./USB_DEVICE/App/usbd_cdc_if.o
                0x0000000020000124                USBD_Interface_fops_HS
 .data.HS_Desc  0x0000000020000138       0x20 ./USB_DEVICE/App/usbd_desc.o
                0x0000000020000138                HS_Desc
 .data.USBD_HS_DeviceDesc
                0x0000000020000158       0x12 ./USB_DEVICE/App/usbd_desc.o
                0x0000000020000158                USBD_HS_DeviceDesc
 *fill*         0x000000002000016a        0x2 
 .data.USBD_HS_BOSDesc
                0x000000002000016c        0xc ./USB_DEVICE/App/usbd_desc.o
                0x000000002000016c                USBD_HS_BOSDesc
 .data.USBD_LangIDDesc
                0x0000000020000178        0x4 ./USB_DEVICE/App/usbd_desc.o
                0x0000000020000178                USBD_LangIDDesc
 .data.USBD_StringSerial
                0x000000002000017c       0x1a ./USB_DEVICE/App/usbd_desc.o
                0x000000002000017c                USBD_StringSerial
 *fill*         0x0000000020000196        0x2 
 .data._impure_data
                0x0000000020000198       0x4c C:/ST/STM32CubeIDE_1.13.1/STM32CubeIDE/plugins/com.st.stm32cube.ide.mcu.externaltools.gnu-tools-for-stm32.11.3.rel1.win32_1.1.100.202309141235/tools/bin/../lib/gcc/arm-none-eabi/11.3.1/../../../../arm-none-eabi/lib/thumb/v7e-m+fp/hard\libc_nano.a(libc_a-impure.o)
                0x0000000020000198                _impure_data
 .data._impure_ptr
                0x00000000200001e4        0x4 C:/ST/STM32CubeIDE_1.13.1/STM32CubeIDE/plugins/com.st.stm32cube.ide.mcu.externaltools.gnu-tools-for-stm32.11.3.rel1.win32_1.1.100.202309141235/tools/bin/../lib/gcc/arm-none-eabi/11.3.1/../../../../arm-none-eabi/lib/thumb/v7e-m+fp/hard\libc_nano.a(libc_a-impure.o)
                0x00000000200001e4                _impure_ptr
 *(.RamFunc)
 *(.RamFunc*)
                0x00000000200001e8                . = ALIGN (0x4)
                0x00000000200001e8                _edata = .

.igot.plt       0x00000000200001e8        0x0 load address 0x000000000801c77c
 .igot.plt      0x00000000200001e8        0x0 C:/ST/STM32CubeIDE_1.13.1/STM32CubeIDE/plugins/com.st.stm32cube.ide.mcu.externaltools.gnu-tools-for-stm32.11.3.rel1.win32_1.1.100.202309141235/tools/bin/../lib/gcc/arm-none-eabi/11.3.1/thumb/v7e-m+fp/hard/crtbegin.o
                0x00000000200001e8                . = ALIGN (0x4)

.bss            0x00000000200001e8     0x1fac load address 0x000000000801c77c
                0x00000000200001e8                _sbss = .
                0x00000000200001e8                __bss_start__ = _sbss
 *(.bss)
 .bss           0x00000000200001e8       0x1c C:/ST/STM32CubeIDE_1.13.1/STM32CubeIDE/plugins/com.st.stm32cube.ide.mcu.externaltools.gnu-tools-for-stm32.11.3.rel1.win32_1.1.100.202309141235/tools/bin/../lib/gcc/arm-none-eabi/11.3.1/thumb/v7e-m+fp/hard/crtbegin.o
 *(.bss*)
 .bss.mc_lockout
                0x0000000020000204        0x1 ./Core/Src/can_manager.o
                0x0000000020000204                mc_lockout
 .bss.mc_enabled
                0x0000000020000205        0x1 ./Core/Src/can_manager.o
                0x0000000020000205                mc_enabled
 .bss.capacitor_volt
                0x0000000020000206        0x2 ./Core/Src/can_manager.o
                0x0000000020000206                capacitor_volt
 .bss.PACK_TEMP
                0x0000000020000208        0x1 ./Core/Src/can_manager.o
                0x0000000020000208                PACK_TEMP
 .bss.mc_fault  0x0000000020000209        0x1 ./Core/Src/can_manager.o
                0x0000000020000209                mc_fault
 .bss.front_right_wheel_speed
                0x000000002000020a        0x2 ./Core/Src/can_manager.o
                0x000000002000020a                front_right_wheel_speed
 .bss.front_left_wheel_speed
                0x000000002000020c        0x2 ./Core/Src/can_manager.o
                0x000000002000020c                front_left_wheel_speed
 .bss.back_right_wheel_speed
                0x000000002000020e        0x2 ./Core/Src/can_manager.o
                0x000000002000020e                back_right_wheel_speed
 .bss.back_left_wheel_speed
                0x0000000020000210        0x2 ./Core/Src/can_manager.o
                0x0000000020000210                back_left_wheel_speed
 *fill*         0x0000000020000212        0x2 
 .bss.state_box
                0x0000000020000214       0x2c ./Core/Src/frucd_display.o
                0x0000000020000214                state_box
 .bss.debug_mode
                0x0000000020000240        0x1 ./Core/Src/frucd_display.o
                0x0000000020000240                debug_mode
 *fill*         0x0000000020000241        0x3 
 .bss.gui1963   0x0000000020000244       0x84 ./Core/Src/frucd_display.o
                0x0000000020000244                gui1963
 .bss.soc.3     0x00000000200002c8        0x1 ./Core/Src/frucd_display.o
 *fill*         0x00000000200002c9        0x3 
 .bss.glv_v.2   0x00000000200002cc        0x4 ./Core/Src/frucd_display.o
 .bss.last_bms_status.0
                0x00000000200002d0        0x2 ./Core/Src/frucd_display.o
 *fill*         0x00000000200002d2        0x2 
 .bss.hadc1     0x00000000200002d4       0x48 ./Core/Src/main.o
                0x00000000200002d4                hadc1
 .bss.hadc3     0x000000002000031c       0x48 ./Core/Src/main.o
                0x000000002000031c                hadc3
 .bss.hdma_adc1
                0x0000000020000364       0x60 ./Core/Src/main.o
                0x0000000020000364                hdma_adc1
 .bss.hcan1     0x00000000200003c4       0x28 ./Core/Src/main.o
                0x00000000200003c4                hcan1
 .bss.hcan2     0x00000000200003ec       0x28 ./Core/Src/main.o
                0x00000000200003ec                hcan2
 .bss.htim2     0x0000000020000414       0x4c ./Core/Src/main.o
                0x0000000020000414                htim2
 .bss.htim4     0x0000000020000460       0x4c ./Core/Src/main.o
                0x0000000020000460                htim4
 .bss.huart4    0x00000000200004ac       0x88 ./Core/Src/main.o
                0x00000000200004ac                huart4
 .bss.huart7    0x0000000020000534       0x88 ./Core/Src/main.o
                0x0000000020000534                huart7
 .bss.hsram1    0x00000000200005bc       0x4c ./Core/Src/main.o
                0x00000000200005bc                hsram1
 .bss.RxHeader  0x0000000020000608       0x1c ./Core/Src/main.o
                0x0000000020000608                RxHeader
 .bss.RxData    0x0000000020000624        0x8 ./Core/Src/main.o
                0x0000000020000624                RxData
 .bss.throttle1
                0x000000002000062c        0xa ./Core/Src/sensors.o
                0x000000002000062c                throttle1
 *fill*         0x0000000020000636        0x2 
 .bss.throttle2
                0x0000000020000638        0xa ./Core/Src/sensors.o
                0x0000000020000638                throttle2
 *fill*         0x0000000020000642        0x2 
 .bss.brake     0x0000000020000644        0xa ./Core/Src/sensors.o
                0x0000000020000644                brake
 *fill*         0x000000002000064e        0x2 
 .bss.HAL_RCC_CAN1_CLK_ENABLED
                0x0000000020000650        0x4 ./Core/Src/stm32f7xx_hal_msp.o
 .bss.FMC_Initialized
                0x0000000020000654        0x4 ./Core/Src/stm32f7xx_hal_msp.o
 .bss.__sbrk_heap_end
                0x0000000020000658        0x4 ./Core/Src/sysmem.o
 .bss.gui       0x000000002000065c        0x4 ./Core/Src/ugui.o
 .bss.uwTick    0x0000000020000660        0x4 ./Drivers/STM32F7xx_HAL_Driver/Src/stm32f7xx_hal.o
                0x0000000020000660                uwTick
 .bss.cfgidx.0  0x0000000020000664        0x1 ./Middlewares/ST/STM32_USB_Device_Library/Core/Src/usbd_ctlreq.o
 *fill*         0x0000000020000665        0x3 
 .bss.hUsbDeviceHS
                0x0000000020000668      0x2dc ./USB_DEVICE/App/usb_device.o
                0x0000000020000668                hUsbDeviceHS
 .bss.UserRxBufferHS
                0x0000000020000944      0x800 ./USB_DEVICE/App/usbd_cdc_if.o
                0x0000000020000944                UserRxBufferHS
 .bss.UserTxBufferHS
                0x0000000020001144      0x800 ./USB_DEVICE/App/usbd_cdc_if.o
                0x0000000020001144                UserTxBufferHS
 .bss.USBD_StrDesc
                0x0000000020001944      0x200 ./USB_DEVICE/App/usbd_desc.o
                0x0000000020001944                USBD_StrDesc
 .bss.hpcd_USB_OTG_HS
                0x0000000020001b44      0x508 ./USB_DEVICE/Target/usbd_conf.o
                0x0000000020001b44                hpcd_USB_OTG_HS
 .bss.__malloc_free_list
                0x000000002000204c        0x4 C:/ST/STM32CubeIDE_1.13.1/STM32CubeIDE/plugins/com.st.stm32cube.ide.mcu.externaltools.gnu-tools-for-stm32.11.3.rel1.win32_1.1.100.202309141235/tools/bin/../lib/gcc/arm-none-eabi/11.3.1/../../../../arm-none-eabi/lib/thumb/v7e-m+fp/hard\libc_nano.a(libc_a-mallocr.o)
                0x000000002000204c                __malloc_free_list
 .bss.__malloc_sbrk_start
                0x0000000020002050        0x4 C:/ST/STM32CubeIDE_1.13.1/STM32CubeIDE/plugins/com.st.stm32cube.ide.mcu.externaltools.gnu-tools-for-stm32.11.3.rel1.win32_1.1.100.202309141235/tools/bin/../lib/gcc/arm-none-eabi/11.3.1/../../../../arm-none-eabi/lib/thumb/v7e-m+fp/hard\libc_nano.a(libc_a-mallocr.o)
                0x0000000020002050                __malloc_sbrk_start