Archive member included to satisfy reference by file (symbol)

C:/ST/STM32CubeIDE_1.13.1/STM32CubeIDE/plugins/com.st.stm32cube.ide.mcu.externaltools.gnu-tools-for-stm32.11.3.rel1.win32_1.1.100.202309141235/tools/bin/../lib/gcc/arm-none-eabi/11.3.1/../../../../arm-none-eabi/lib/thumb/v7e-m+fp/hard\libc_nano.a(libc_a-exit.o)
                              C:/ST/STM32CubeIDE_1.13.1/STM32CubeIDE/plugins/com.st.stm32cube.ide.mcu.externaltools.gnu-tools-for-stm32.11.3.rel1.win32_1.1.100.202309141235/tools/bin/../lib/gcc/arm-none-eabi/11.3.1/../../../../arm-none-eabi/lib/thumb/v7e-m+fp/hard/crt0.o (exit)
C:/ST/STM32CubeIDE_1.13.1/STM32CubeIDE/plugins/com.st.stm32cube.ide.mcu.externaltools.gnu-tools-for-stm32.11.3.rel1.win32_1.1.100.202309141235/tools/bin/../lib/gcc/arm-none-eabi/11.3.1/../../../../arm-none-eabi/lib/thumb/v7e-m+fp/hard\libc_nano.a(libc_a-malloc.o)
                              ./Middlewares/ST/STM32_USB_Device_Library/Class/CDC/Src/usbd_cdc.o (malloc)
C:/ST/STM32CubeIDE_1.13.1/STM32CubeIDE/plugins/com.st.stm32cube.ide.mcu.externaltools.gnu-tools-for-stm32.11.3.rel1.win32_1.1.100.202309141235/tools/bin/../lib/gcc/arm-none-eabi/11.3.1/../../../../arm-none-eabi/lib/thumb/v7e-m+fp/hard\libc_nano.a(libc_a-mallocr.o)
                              C:/ST/STM32CubeIDE_1.13.1/STM32CubeIDE/plugins/com.st.stm32cube.ide.mcu.externaltools.gnu-tools-for-stm32.11.3.rel1.win32_1.1.100.202309141235/tools/bin/../lib/gcc/arm-none-eabi/11.3.1/../../../../arm-none-eabi/lib/thumb/v7e-m+fp/hard\libc_nano.a(libc_a-malloc.o) (_malloc_r)
C:/ST/STM32CubeIDE_1.13.1/STM32CubeIDE/plugins/com.st.stm32cube.ide.mcu.externaltools.gnu-tools-for-stm32.11.3.rel1.win32_1.1.100.202309141235/tools/bin/../lib/gcc/arm-none-eabi/11.3.1/../../../../arm-none-eabi/lib/thumb/v7e-m+fp/hard\libc_nano.a(libc_a-mlock.o)
                              C:/ST/STM32CubeIDE_1.13.1/STM32CubeIDE/plugins/com.st.stm32cube.ide.mcu.externaltools.gnu-tools-for-stm32.11.3.rel1.win32_1.1.100.202309141235/tools/bin/../lib/gcc/arm-none-eabi/11.3.1/../../../../arm-none-eabi/lib/thumb/v7e-m+fp/hard\libc_nano.a(libc_a-mallocr.o) (__malloc_lock)
C:/ST/STM32CubeIDE_1.13.1/STM32CubeIDE/plugins/com.st.stm32cube.ide.mcu.externaltools.gnu-tools-for-stm32.11.3.rel1.win32_1.1.100.202309141235/tools/bin/../lib/gcc/arm-none-eabi/11.3.1/../../../../arm-none-eabi/lib/thumb/v7e-m+fp/hard\libc_nano.a(libc_a-findfp.o)
                              C:/ST/STM32CubeIDE_1.13.1/STM32CubeIDE/plugins/com.st.stm32cube.ide.mcu.externaltools.gnu-tools-for-stm32.11.3.rel1.win32_1.1.100.202309141235/tools/bin/../lib/gcc/arm-none-eabi/11.3.1/../../../../arm-none-eabi/lib/thumb/v7e-m+fp/hard\libc_nano.a(libc_a-exit.o) (__stdio_exit_handler)
C:/ST/STM32CubeIDE_1.13.1/STM32CubeIDE/plugins/com.st.stm32cube.ide.mcu.externaltools.gnu-tools-for-stm32.11.3.rel1.win32_1.1.100.202309141235/tools/bin/../lib/gcc/arm-none-eabi/11.3.1/../../../../arm-none-eabi/lib/thumb/v7e-m+fp/hard\libc_nano.a(libc_a-fwalk.o)
                              C:/ST/STM32CubeIDE_1.13.1/STM32CubeIDE/plugins/com.st.stm32cube.ide.mcu.externaltools.gnu-tools-for-stm32.11.3.rel1.win32_1.1.100.202309141235/tools/bin/../lib/gcc/arm-none-eabi/11.3.1/../../../../arm-none-eabi/lib/thumb/v7e-m+fp/hard\libc_nano.a(libc_a-findfp.o) (_fwalk_sglue)
C:/ST/STM32CubeIDE_1.13.1/STM32CubeIDE/plugins/com.st.stm32cube.ide.mcu.externaltools.gnu-tools-for-stm32.11.3.rel1.win32_1.1.100.202309141235/tools/bin/../lib/gcc/arm-none-eabi/11.3.1/../../../../arm-none-eabi/lib/thumb/v7e-m+fp/hard\libc_nano.a(libc_a-sprintf.o)
                              ./Core/Src/frucd_display.o (sprintf)
C:/ST/STM32CubeIDE_1.13.1/STM32CubeIDE/plugins/com.st.stm32cube.ide.mcu.externaltools.gnu-tools-for-stm32.11.3.rel1.win32_1.1.100.202309141235/tools/bin/../lib/gcc/arm-none-eabi/11.3.1/../../../../arm-none-eabi/lib/thumb/v7e-m+fp/hard\libc_nano.a(libc_a-stdio.o)
                              C:/ST/STM32CubeIDE_1.13.1/STM32CubeIDE/plugins/com.st.stm32cube.ide.mcu.externaltools.gnu-tools-for-stm32.11.3.rel1.win32_1.1.100.202309141235/tools/bin/../lib/gcc/arm-none-eabi/11.3.1/../../../../arm-none-eabi/lib/thumb/v7e-m+fp/hard\libc_nano.a(libc_a-findfp.o) (__sread)
C:/ST/STM32CubeIDE_1.13.1/STM32CubeIDE/plugins/com.st.stm32cube.ide.mcu.externaltools.gnu-tools-for-stm32.11.3.rel1.win32_1.1.100.202309141235/tools/bin/../lib/gcc/arm-none-eabi/11.3.1/../../../../arm-none-eabi/lib/thumb/v7e-m+fp/hard\libc_nano.a(libc_a-memset.o)
                              C:/ST/STM32CubeIDE_1.13.1/STM32CubeIDE/plugins/com.st.stm32cube.ide.mcu.externaltools.gnu-tools-for-stm32.11.3.rel1.win32_1.1.100.202309141235/tools/bin/../lib/gcc/arm-none-eabi/11.3.1/../../../../arm-none-eabi/lib/thumb/v7e-m+fp/hard/crt0.o (memset)
C:/ST/STM32CubeIDE_1.13.1/STM32CubeIDE/plugins/com.st.stm32cube.ide.mcu.externaltools.gnu-tools-for-stm32.11.3.rel1.win32_1.1.100.202309141235/tools/bin/../lib/gcc/arm-none-eabi/11.3.1/../../../../arm-none-eabi/lib/thumb/v7e-m+fp/hard\libc_nano.a(libc_a-closer.o)
[...]
Memory Configuration

Name             Origin             Length             Attributes
RAM              0x0000000020000000 0x0000000000050000 xrw
FLASH            0x0000000008000000 0x0000000000100000 xr
*default*        0x0000000000000000 0xffffffffffffffff

Linker script and memory map

LOAD C:/ST/STM32CubeIDE_1.13.1/STM32CubeIDE/plugins/com.st.stm32cube.ide.mcu.externaltools.gnu-tools-for-stm32.11.3.rel1.win32_1.1.100.202309141235/tools/bin/../lib/gcc/arm-none-eabi/11.3.1/thumb/v7e-m+fp/hard/crti.o
LOAD C:/ST/STM32CubeIDE_1.13.1/STM32CubeIDE/plugins/com.st.stm32cube.ide.mcu.externaltools.gnu-tools-for-stm32.11.3.rel1.win32_1.1.100.202309141235/tools/bin/../lib/gcc/arm-none-eabi/11.3.1/thumb/v7e-m+fp/hard/crtbegin.o
LOAD C:/ST/STM32CubeIDE_1.13.1/STM32CubeIDE/plugins/com.st.stm32cube.ide.mcu.externaltools.gnu-tools-for-stm32.11.3.rel1.win32_1.1.100.202309141235/tools/bin/../lib/gcc/arm-none-eabi/11.3.1/../../../../arm-none-eabi/lib/thumb/v7e-m+fp/hard/crt0.o
LOAD ./Core/Src/can_manager.o
LOAD ./Core/Src/frucd_display.o
LOAD ./Core/Src/fsm.o
LOAD ./Core/Src/main.o
LOAD ./Core/Src/sensors.o
LOAD ./Core/Src/serial_print.o
LOAD ./Core/Src/stm32f7xx_hal_msp.o
LOAD ./Core/Src/stm32f7xx_it.o
LOAD ./Core/Src/syscalls.o
LOAD ./Core/Src/sysmem.o
LOAD ./Core/Src/system_stm32f7xx.o
LOAD ./Core/Src/traction_control.o
LOAD ./Core/Src/ugui.o
LOAD ./Core/Src/ugui_SSD1963.o
LOAD ./Core/Startup/startup_stm32f746zgtx.o
LOAD ./Drivers/STM32F7xx_HAL_Driver/Src/stm32f7xx_hal.o
LOAD ./Drivers/STM32F7xx_HAL_Driver/Src/stm32f7xx_hal_adc.o
LOAD ./Drivers/STM32F7xx_HAL_Driver/Src/stm32f7xx_hal_adc_ex.o
LOAD ./Drivers/STM32F7xx_HAL_Driver/Src/stm32f7xx_hal_can.o
LOAD ./Drivers/STM32F7xx_HAL_Driver/Src/stm32f7xx_hal_cortex.o
LOAD ./Drivers/STM32F7xx_HAL_Driver/Src/stm32f7xx_hal_dma.o
LOAD ./Drivers/STM32F7xx_HAL_Driver/Src/stm32f7xx_hal_dma_ex.o
LOAD ./Drivers/STM32F7xx_HAL_Driver/Src/stm32f7xx_hal_exti.o
LOAD ./Drivers/STM32F7xx_HAL_Driver/Src/stm32f7xx_hal_flash.o
LOAD ./Drivers/STM32F7xx_HAL_Driver/Src/stm32f7xx_hal_flash_ex.o
LOAD ./Drivers/STM32F7xx_HAL_Driver/Src/stm32f7xx_hal_gpio.o
LOAD ./Drivers/STM32F7xx_HAL_Driver/Src/stm32f7xx_hal_i2c.o
LOAD ./Drivers/STM32F7xx_HAL_Driver/Src/stm32f7xx_hal_i2c_ex.o
LOAD ./Drivers/STM32F7xx_HAL_Driver/Src/stm32f7xx_hal_pcd.o
LOAD ./Drivers/STM32F7xx_HAL_Driver/Src/stm32f7xx_hal_pcd_ex.o
LOAD ./Drivers/STM32F7xx_HAL_Driver/Src/stm32f7xx_hal_pwr.o
LOAD ./Drivers/STM32F7xx_HAL_Driver/Src/stm32f7xx_hal_pwr_ex.o
LOAD ./Drivers/STM32F7xx_HAL_Driver/Src/stm32f7xx_hal_rcc.o
LOAD ./Drivers/STM32F7xx_HAL_Driver/Src/stm32f7xx_hal_rcc_ex.o
LOAD ./Drivers/STM32F7xx_HAL_Driver/Src/stm32f7xx_hal_sd.o
LOAD ./Drivers/STM32F7xx_HAL_Driver/Src/stm32f7xx_hal_sram.o
LOAD ./Drivers/STM32F7xx_HAL_Driver/Src/stm32f7xx_hal_tim.o
LOAD ./Drivers/STM32F7xx_HAL_Driver/Src/stm32f7xx_hal_tim_ex.o
LOAD ./Drivers/STM32F7xx_HAL_Driver/Src/stm32f7xx_hal_uart.o
LOAD ./Drivers/STM32F7xx_HAL_Driver/Src/stm32f7xx_hal_uart_ex.o
LOAD ./Drivers/STM32F7xx_HAL_Driver/Src/stm32f7xx_ll_fmc.o
LOAD ./Drivers/STM32F7xx_HAL_Driver/Src/stm32f7xx_ll_sdmmc.o
LOAD ./Drivers/STM32F7xx_HAL_Driver/Src/stm32f7xx_ll_usb.o
LOAD ./Middlewares/ST/STM32_USB_Device_Library/Class/CDC/Src/usbd_cdc.o
LOAD ./Middlewares/ST/STM32_USB_Device_Library/Core/Src/usbd_core.o
LOAD ./Middlewares/ST/STM32_USB_Device_Library/Core/Src/usbd_ctlreq.o
LOAD ./Middlewares/ST/STM32_USB_Device_Library/Core/Src/usbd_ioreq.o
LOAD ./USB_DEVICE/App/usb_device.o
LOAD ./USB_DEVICE/App/usbd_cdc_if.o
LOAD ./USB_DEVICE/App/usbd_desc.o
LOAD ./USB_DEVICE/Target/usbd_conf.o
START GROUP
LOAD C:/ST/STM32CubeIDE_1.13.1/STM32CubeIDE/plugins/com.st.stm32cube.ide.mcu.externaltools.gnu-tools-for-stm32.11.3.rel1.win32_1.1.100.202309141235/tools/bin/../lib/gcc/arm-none-eabi/11.3.1/../../../../arm-none-eabi/lib/thumb/v7e-m+fp/hard\libc_nano.a
LOAD C:/ST/STM32CubeIDE_1.13.1/STM32CubeIDE/plugins/com.st.stm32cube.ide.mcu.externaltools.gnu-tools-for-stm32.11.3.rel1.win32_1.1.100.202309141235/tools/bin/../lib/gcc/arm-none-eabi/11.3.1/../../../../arm-none-eabi/lib/thumb/v7e-m+fp/hard\libm.a
END GROUP
START GROUP
LOAD C:/ST/STM32CubeIDE_1.13.1/STM32CubeIDE/plugins/com.st.stm32cube.ide.mcu.externaltools.gnu-tools-for-stm32.11.3.rel1.win32_1.1.100.202309141235/tools/bin/../lib/gcc/arm-none-eabi/11.3.1/thumb/v7e-m+fp/hard\libgcc.a
LOAD C:/ST/STM32CubeIDE_1.13.1/STM32CubeIDE/plugins/com.st.stm32cube.ide.mcu.externaltools.gnu-tools-for-stm32.11.3.rel1.win32_1.1.100.202309141235/tools/bin/../lib/gcc/arm-none-eabi/11.3.1/../../../../arm-none-eabi/lib/thumb/v7e-m+fp/hard\libc_nano.a
END GROUP
START GROUP
LOAD C:/ST/STM32CubeIDE_1.13.1/STM32CubeIDE/plugins/com.st.stm32cube.ide.mcu.externaltools.gnu-tools-for-stm32.11.3.rel1.win32_1.1.100.202309141235/tools/bin/../lib/gcc/arm-none-eabi/11.3.1/thumb/v7e-m+fp/hard\libgcc.a
LOAD C:/ST/STM32CubeIDE_1.13.1/STM32CubeIDE/plugins/com.st.stm32cube.ide.mcu.externaltools.gnu-tools-for-stm32.11.3.rel1.win32_1.1.100.202309141235/tools/bin/../lib/gcc/arm-none-eabi/11.3.1/../../../../arm-none-eabi/lib/thumb/v7e-m+fp/hard\libc_nano.a
LOAD C:/ST/STM32CubeIDE_1.13.1/STM32CubeIDE/plugins/com.st.stm32cube.ide.mcu.externaltools.gnu-tools-for-stm32.11.3.rel1.win32_1.1.100.202309141235/tools/bin/../lib/gcc/arm-none-eabi/11.3.1/../../../../arm-none-eabi/lib/thumb/v7e-m+fp/hard\libnosys.a
END GROUP
START GROUP
LOAD C:/ST/STM32CubeIDE_1.13.1/STM32CubeIDE/plugins/com.st.stm32cube.ide.mcu.externaltools.gnu-tools-for-stm32.11.3.rel1.win32_1.1.100.202309141235/tools/bin/../lib/gcc/arm-none-eabi/11.3.1/thumb/v7e-m+fp/hard\libgcc.a
LOAD C:/ST/STM32CubeIDE_1.13.1/STM32CubeIDE/plugins/com.st.stm32cube.ide.mcu.externaltools.gnu-tools-for-stm32.11.3.rel1.win32_1.1.100.202309141235/tools/bin/../lib/gcc/arm-none-eabi/11.3.1/../../../../arm-none-eabi/lib/thumb/v7e-m+fp/hard\libc_nano.a
LOAD C:/ST/STM32CubeIDE_1.13.1/STM32CubeIDE/plugins/com.st.stm32cube.ide.mcu.externaltools.gnu-tools-for-stm32.11.3.rel1.win32_1.1.100.202309141235/tools/bin/../lib/gcc/arm-none-eabi/11.3.1/../../../../arm-none-eabi/lib/thumb/v7e-m+fp/hard\libnosys.a
END GROUP
LOAD C:/ST/STM32CubeIDE_1.13.1/STM32CubeIDE/plugins/com.st.stm32cube.ide.mcu.externaltools.gnu-tools-for-stm32.11.3.rel1.win32_1.1.100.202309141235/tools/bin/../lib/gcc/arm-none-eabi/11.3.1/thumb/v7e-m+fp/hard/crtend.o
LOAD C:/ST/STM32CubeIDE_1.13.1/STM32CubeIDE/plugins/com.st.stm32cube.ide.mcu.externaltools.gnu-tools-for-stm32.11.3.rel1.win32_1.1.100.202309141235/tools/bin/../lib/gcc/arm-none-eabi/11.3.1/thumb/v7e-m+fp/hard/crtn.o
                0x0000000020050000                _estack = (ORIGIN (RAM) + LENGTH (RAM))
                0x0000000000000200                _Min_Heap_Size = 0x200
                0x0000000000000400                _Min_Stack_Size = 0x400

.isr_vector     0x0000000008000000      0x1c8
                0x0000000008000000                . = ALIGN (0x4)
 *(.isr_vector)
 .isr_vector    0x0000000008000000      0x1c8 ./Core/Startup/startup_stm32f746zgtx.o
                0x0000000008000000                g_pfnVectors
                0x00000000080001c8                . = ALIGN (0x4)

.text           0x00000000080001c8     0xcdec
                0x00000000080001c8                . = ALIGN (0x4)
 *(.text)
 .text          0x00000000080001c8       0x40 C:/ST/STM32CubeIDE_1.13.1/STM32CubeIDE/plugins/com.st.stm32cube.ide.mcu.externaltools.gnu-tools-for-stm32.11.3.rel1.win32_1.1.100.202309141235/tools/bin/../lib/gcc/arm-none-eabi/11.3.1/thumb/v7e-m+fp/hard/crtbegin.o
 .text          0x0000000008000208       0x30 C:/ST/STM32CubeIDE_1.13.1/STM32CubeIDE/plugins/com.st.stm32cube.ide.mcu.externaltools.gnu-tools-for-stm32.11.3.rel1.win32_1.1.100.202309141235/tools/bin/../lib/gcc/arm-none-eabi/11.3.1/thumb/v7e-m+fp/hard\libgcc.a(_aeabi_uldivmod.o)
                0x0000000008000208                __aeabi_uldivmod
 .text          0x0000000008000238      0x2c8 C:/ST/STM32CubeIDE_1.13.1/STM32CubeIDE/plugins/com.st.stm32cube.ide.mcu.externaltools.gnu-tools-for-stm32.11.3.rel1.win32_1.1.100.202309141235/tools/bin/../lib/gcc/arm-none-eabi/11.3.1/thumb/v7e-m+fp/hard\libgcc.a(_udivmoddi4.o)
                0x0000000008000238                __udivmoddi4
 .text          0x0000000008000500        0x4 C:/ST/STM32CubeIDE_1.13.1/STM32CubeIDE/plugins/com.st.stm32cube.ide.mcu.externaltools.gnu-tools-for-stm32.11.3.rel1.win32_1.1.100.202309141235/tools/bin/../lib/gcc/arm-none-eabi/11.3.1/thumb/v7e-m+fp/hard\libgcc.a(_dvmd_tls.o)
                0x0000000008000500                __aeabi_idiv0
                0x0000000008000500                __aeabi_ldiv0
 *(.text*)
 .text.save_can_rx_data
                0x0000000008000504      0x1d0 ./Core/Src/can_manager.o
                0x0000000008000504                save_can_rx_data
 .text.Display_Init
                0x00000000080006d4       0x54 ./Core/Src/frucd_display.o
                0x00000000080006d4                Display_Init
 .text.Display_CalibrateScreen
                0x0000000008000728       0x58 ./Core/Src/frucd_display.o
                0x0000000008000728                Display_CalibrateScreen
 .text.HAL_CAN_RxFifo0MsgPendingCallback
                0x0000000008000780       0x4c ./Core/Src/main.o
                0x0000000008000780                HAL_CAN_RxFifo0MsgPendingCallback
 .text.main     0x00000000080007cc       0xb0 ./Core/Src/main.o
                0x00000000080007cc                main
 .text.SystemClock_Config
                0x000000000800087c       0xd8 ./Core/Src/main.o
                0x000000000800087c                SystemClock_Config
 .text.MX_ADC1_Init
                0x0000000008000954       0xa4 ./Core/Src/main.o
 .text.MX_ADC3_Init
                0x00000000080009f8       0xa4 ./Core/Src/main.o
 .text.MX_CAN1_Init
                0x0000000008000a9c       0x68 ./Core/Src/main.o
 .text.MX_CAN2_Init
                0x0000000008000b04       0x68 ./Core/Src/main.o
 .text.MX_SDMMC1_SD_Init
                0x0000000008000b6c       0x60 ./Core/Src/main.o
 .text.MX_TIM2_Init
                0x0000000008000bcc       0xac ./Core/Src/main.o
 .text.MX_TIM4_Init
                0x0000000008000c78       0xac ./Core/Src/main.o
 .text.MX_UART4_Init
                0x0000000008000d24       0x60 ./Core/Src/main.o
 .text.MX_UART7_Init
                0x0000000008000d84       0x60 ./Core/Src/main.o
 .text.MX_FMC_Init
                0x0000000008000de4       0xc4 ./Core/Src/main.o
 .text.MX_GPIO_Init
                0x0000000008000ea8      0x180 ./Core/Src/main.o
 .text.Error_Handler
                0x0000000008001028        0xa ./Core/Src/main.o
                0x0000000008001028                Error_Handler
 .text.temp_attenuate
                0x0000000008001032        0xe ./Core/Src/sensors.o
                0x0000000008001032                temp_attenuate
 .text.init_sensors
                0x0000000008001040       0x58 ./Core/Src/sensors.o
                0x0000000008001040                init_sensors
 .text.HAL_MspInit
                0x0000000008001098       0x48 ./Core/Src/stm32f7xx_hal_msp.o
                0x0000000008001098                HAL_MspInit
 .text.HAL_ADC_MspInit
                0x00000000080010e0       0xdc ./Core/Src/stm32f7xx_hal_msp.o
                0x00000000080010e0                HAL_ADC_MspInit
 .text.HAL_CAN_MspInit
                0x00000000080011bc      0x140 ./Core/Src/stm32f7xx_hal_msp.o
                0x00000000080011bc                HAL_CAN_MspInit
 .text.HAL_SD_MspInit
                0x00000000080012fc      0x10c ./Core/Src/stm32f7xx_hal_msp.o
                0x00000000080012fc                HAL_SD_MspInit
 .text.HAL_TIM_Base_MspInit
                0x0000000008001408       0xe8 ./Core/Src/stm32f7xx_hal_msp.o
                0x0000000008001408                HAL_TIM_Base_MspInit
 .text.HAL_UART_MspInit
                0x00000000080014f0      0x148 ./Core/Src/stm32f7xx_hal_msp.o
                0x00000000080014f0                HAL_UART_MspInit
 .text.HAL_FMC_MspInit
                0x0000000008001638       0xb8 ./Core/Src/stm32f7xx_hal_msp.o
 .text.HAL_SRAM_MspInit
                0x00000000080016f0       0x14 ./Core/Src/stm32f7xx_hal_msp.o
                0x00000000080016f0                HAL_SRAM_MspInit
 .text.NMI_Handler
                0x0000000008001704        0x6 ./Core/Src/stm32f7xx_it.o
                0x0000000008001704                NMI_Handler
 .text.HardFault_Handler
                0x000000000800170a        0x6 ./Core/Src/stm32f7xx_it.o
                0x000000000800170a                HardFault_Handler
 .text.MemManage_Handler
                0x0000000008001710        0x6 ./Core/Src/stm32f7xx_it.o
                0x0000000008001710                MemManage_Handler
 .text.BusFault_Handler
                0x0000000008001716        0x6 ./Core/Src/stm32f7xx_it.o
                0x0000000008001716                BusFault_Handler
 .text.UsageFault_Handler
                0x000000000800171c        0x6 ./Core/Src/stm32f7xx_it.o
                0x000000000800171c                UsageFault_Handler
 .text.SVC_Handler
                0x0000000008001722        0xe ./Core/Src/stm32f7xx_it.o
                0x0000000008001722                SVC_Handler
 .text.DebugMon_Handler
                0x0000000008001730        0xe ./Core/Src/stm32f7xx_it.o
                0x0000000008001730                DebugMon_Handler
 .text.PendSV_Handler
                0x000000000800173e        0xe ./Core/Src/stm32f7xx_it.o
                0x000000000800173e                PendSV_Handler
 .text.SysTick_Handler
                0x000000000800174c        0xc ./Core/Src/stm32f7xx_it.o
                0x000000000800174c                SysTick_Handler
 .text.CAN1_RX0_IRQHandler
                0x0000000008001758       0x14 ./Core/Src/stm32f7xx_it.o
                0x0000000008001758                CAN1_RX0_IRQHandler
 .text.OTG_HS_IRQHandler
                0x000000000800176c       0x14 ./Core/Src/stm32f7xx_it.o
                0x000000000800176c                OTG_HS_IRQHandler
 .text._sbrk    0x0000000008001780       0x6c ./Core/Src/sysmem.o
                0x0000000008001780                _sbrk
 .text.SystemInit
                0x00000000080017ec       0x24 ./Core/Src/system_stm32f7xx.o
                0x00000000080017ec                SystemInit
 .text.UG_Init  0x0000000008001810      0x12c ./Core/Src/ugui.o
                0x0000000008001810                UG_Init
 .text.UG_FontSelect
                0x000000000800193c       0x2c ./Core/Src/ugui.o
                0x000000000800193c                UG_FontSelect
 .text.UG_FillScreen
                0x0000000008001968       0x44 ./Core/Src/ugui.o
                0x0000000008001968                UG_FillScreen
 .text.UG_FillFrame
                0x00000000080019ac       0xe0 ./Core/Src/ugui.o
                0x00000000080019ac                UG_FillFrame
 .text.UG_PutString
                0x0000000008001a8c      0x10c ./Core/Src/ugui.o
                0x0000000008001a8c                UG_PutString
 .text.UG_PutColorString
                0x0000000008001b98      0x108 ./Core/Src/ugui.o
                0x0000000008001b98                UG_PutColorString
 .text.UG_PutChar
                0x0000000008001ca0       0x48 ./Core/Src/ugui.o
                0x0000000008001ca0                UG_PutChar
 .text.UG_SetForecolor
                0x0000000008001ce8       0x24 ./Core/Src/ugui.o
                0x0000000008001ce8                UG_SetForecolor
 .text.UG_SetBackcolor
                0x0000000008001d0c       0x24 ./Core/Src/ugui.o
                0x0000000008001d0c                UG_SetBackcolor
 .text.UG_FontSetHSpace
                0x0000000008001d30       0x28 ./Core/Src/ugui.o
                0x0000000008001d30                UG_FontSetHSpace
 .text.UG_FontSetVSpace
                0x0000000008001d58       0x28 ./Core/Src/ugui.o
                0x0000000008001d58                UG_FontSetVSpace
 .text._UG_PutChar
                0x0000000008001d80      0x530 ./Core/Src/ugui.o
                0x0000000008001d80                _UG_PutChar
 .text.UG_DriverRegister
                0x00000000080022b0       0x44 ./Core/Src/ugui.o
                0x00000000080022b0                UG_DriverRegister
 .text.SSD1963_Reset
                0x00000000080022f4       0x14 ./Core/Src/ugui_SSD1963.o
                0x00000000080022f4                SSD1963_Reset
 .text.SSD1963_Init
                0x0000000008002308      0x130 ./Core/Src/ugui_SSD1963.o
                0x0000000008002308                SSD1963_Init
 .text.SSD1963_WindowSet
                0x0000000008002438       0x92 ./Core/Src/ugui_SSD1963.o
                0x0000000008002438                SSD1963_WindowSet
 .text.SSD1963_PSet
                0x00000000080024ca       0x62 ./Core/Src/ugui_SSD1963.o
                0x00000000080024ca                SSD1963_PSet
 .text.SSD1963_WriteMemoryStart
                0x000000000800252c        0xe ./Core/Src/ugui_SSD1963.o
                0x000000000800252c                SSD1963_WriteMemoryStart
 .text.SSD1963_ConsecutivePSet
                0x000000000800253a       0x1a ./Core/Src/ugui_SSD1963.o
                0x000000000800253a                SSD1963_ConsecutivePSet
 .text.HW_FillFrame
                0x0000000008002554       0xca ./Core/Src/ugui_SSD1963.o
                0x0000000008002554                HW_FillFrame
 .text.HW_DrawLine
                0x000000000800261e       0xb4 ./Core/Src/ugui_SSD1963.o
                0x000000000800261e                HW_DrawLine
 .text.HW_DrawImage
                0x00000000080026d2       0xa8 ./Core/Src/ugui_SSD1963.o
                0x00000000080026d2                HW_DrawImage
 .text.write_command
                0x000000000800277a       0x34 ./Core/Src/ugui_SSD1963.o
                0x000000000800277a                write_command
 *fill*         0x00000000080027ae        0x2 
 .text.write_data
                0x00000000080027b0       0x34 ./Core/Src/ugui_SSD1963.o
                0x00000000080027b0                write_data
 .text.write_multi_data
                0x00000000080027e4       0x5c ./Core/Src/ugui_SSD1963.o
                0x00000000080027e4                write_multi_data
 .text.Reset_Handler
                0x0000000008002840       0x50 ./Core/Startup/startup_stm32f746zgtx.o
                0x0000000008002840                Reset_Handler
 .text.Default_Handler
                0x0000000008002890        0x2 ./Core/Startup/startup_stm32f746zgtx.o
                0x0000000008002890                RTC_Alarm_IRQHandler
                0x0000000008002890                EXTI2_IRQHandler
                0x0000000008002890                TIM8_CC_IRQHandler
                0x0000000008002890                UART8_IRQHandler
                0x0000000008002890                SPI4_IRQHandler
                0x0000000008002890                TIM1_CC_IRQHandler
                0x0000000008002890                DMA2_Stream5_IRQHandler
                0x0000000008002890                DMA1_Stream5_IRQHandler
                0x0000000008002890                PVD_IRQHandler
                0x0000000008002890                TAMP_STAMP_IRQHandler
                0x0000000008002890                CAN2_RX1_IRQHandler
                0x0000000008002890                EXTI3_IRQHandler
                0x0000000008002890                TIM8_TRG_COM_TIM14_IRQHandler
                0x0000000008002890                TIM1_UP_TIM10_IRQHandler
                0x0000000008002890                TIM8_UP_TIM13_IRQHandler
                0x0000000008002890                I2C3_ER_IRQHandler
                0x0000000008002890                EXTI0_IRQHandler
                0x0000000008002890                I2C2_EV_IRQHandler
                0x0000000008002890                DMA1_Stream2_IRQHandler
                0x0000000008002890                FPU_IRQHandler
                0x0000000008002890                OTG_HS_WKUP_IRQHandler
                0x0000000008002890                LTDC_ER_IRQHandler
                0x0000000008002890                CAN2_SCE_IRQHandler
                0x0000000008002890                DMA2_Stream2_IRQHandler
                0x0000000008002890                SPI1_IRQHandler
                0x0000000008002890                TIM6_DAC_IRQHandler
                0x0000000008002890                TIM1_BRK_TIM9_IRQHandler
                0x0000000008002890                DCMI_IRQHandler
                0x0000000008002890                CAN2_RX0_IRQHandler
                0x0000000008002890                DMA2_Stream3_IRQHandler
                0x0000000008002890                SAI2_IRQHandler
                0x0000000008002890                USART6_IRQHandler
                0x0000000008002890                USART3_IRQHandler
                0x0000000008002890                CAN1_RX1_IRQHandler
                0x0000000008002890                UART5_IRQHandler
                0x0000000008002890                DMA2_Stream0_IRQHandler
                0x0000000008002890                TIM4_IRQHandler
                0x0000000008002890                QUADSPI_IRQHandler
                0x0000000008002890                I2C1_EV_IRQHandler
                0x0000000008002890                DMA1_Stream6_IRQHandler
                0x0000000008002890                DMA1_Stream1_IRQHandler
                0x0000000008002890                UART4_IRQHandler
                0x0000000008002890                TIM3_IRQHandler
                0x0000000008002890                RCC_IRQHandler
                0x0000000008002890                TIM8_BRK_TIM12_IRQHandler
                0x0000000008002890                Default_Handler
                0x0000000008002890                CEC_IRQHandler
                0x0000000008002890                EXTI15_10_IRQHandler
                0x0000000008002890                ADC_IRQHandler
                0x0000000008002890                DMA1_Stream7_IRQHandler
                0x0000000008002890                SPI5_IRQHandler
                0x0000000008002890                TIM7_IRQHandler
                0x0000000008002890                SDMMC1_IRQHandler
                0x0000000008002890                CAN2_TX_IRQHandler
                0x0000000008002890                TIM5_IRQHandler
                0x0000000008002890                DMA2_Stream7_IRQHandler
                0x0000000008002890                I2C3_EV_IRQHandler
                0x0000000008002890                EXTI9_5_IRQHandler
                0x0000000008002890                RTC_WKUP_IRQHandler
                0x0000000008002890                LTDC_IRQHandler
                0x0000000008002890                ETH_WKUP_IRQHandler
                0x0000000008002890                SPDIF_RX_IRQHandler
                0x0000000008002890                SPI2_IRQHandler
                0x0000000008002890                OTG_HS_EP1_IN_IRQHandler
                0x0000000008002890                DMA1_Stream0_IRQHandler
                0x0000000008002890                CAN1_TX_IRQHandler
                0x0000000008002890                EXTI4_IRQHandler
                0x0000000008002890                RNG_IRQHandler
                0x0000000008002890                ETH_IRQHandler
                0x0000000008002890                OTG_HS_EP1_OUT_IRQHandler
                0x0000000008002890                WWDG_IRQHandler
                0x0000000008002890                SPI6_IRQHandler
                0x0000000008002890                I2C4_EV_IRQHandler
                0x0000000008002890                TIM2_IRQHandler
                0x0000000008002890                OTG_FS_WKUP_IRQHandler
                0x0000000008002890                TIM1_TRG_COM_TIM11_IRQHandler
                0x0000000008002890                DMA2D_IRQHandler
                0x0000000008002890                EXTI1_IRQHandler
                0x0000000008002890                UART7_IRQHandler
                0x0000000008002890                USART2_IRQHandler
                0x0000000008002890                I2C2_ER_IRQHandler
                0x0000000008002890                DMA2_Stream1_IRQHandler
                0x0000000008002890                CAN1_SCE_IRQHandler
                0x0000000008002890                FLASH_IRQHandler
                0x0000000008002890                DMA2_Stream4_IRQHandler
                0x0000000008002890                USART1_IRQHandler
                0x0000000008002890                OTG_FS_IRQHandler
                0x0000000008002890                SPI3_IRQHandler
                0x0000000008002890                DMA1_Stream4_IRQHandler
                0x0000000008002890                I2C1_ER_IRQHandler
                0x0000000008002890                FMC_IRQHandler
                0x0000000008002890                LPTIM1_IRQHandler
                0x0000000008002890                I2C4_ER_IRQHandler
                0x0000000008002890                DMA2_Stream6_IRQHandler
                0x0000000008002890                SAI1_IRQHandler
                0x0000000008002890                DMA1_Stream3_IRQHandler
 .text.HAL_Init
                0x0000000008002892       0x1a ./Drivers/STM32F7xx_HAL_Driver/Src/stm32f7xx_hal.o
                0x0000000008002892                HAL_Init
 .text.HAL_InitTick
                0x00000000080028ac       0x60 ./Drivers/STM32F7xx_HAL_Driver/Src/stm32f7xx_hal.o
                0x00000000080028ac                HAL_InitTick
 .text.HAL_IncTick
                0x000000000800290c       0x28 ./Drivers/STM32F7xx_HAL_Driver/Src/stm32f7xx_hal.o
                0x000000000800290c                HAL_IncTick
 .text.HAL_GetTick
                0x0000000008002934       0x18 ./Drivers/STM32F7xx_HAL_Driver/Src/stm32f7xx_hal.o
                0x0000000008002934                HAL_GetTick
 .text.HAL_Delay
                0x000000000800294c       0x48 ./Drivers/STM32F7xx_HAL_Driver/Src/stm32f7xx_hal.o
                0x000000000800294c                HAL_Delay
 .text.HAL_ADC_Init
                0x0000000008002994       0x88 ./Drivers/STM32F7xx_HAL_Driver/Src/stm32f7xx_hal_adc.o
                0x0000000008002994                HAL_ADC_Init
 .text.HAL_ADC_ConfigChannel
                0x0000000008002a1c      0x2ac ./Drivers/STM32F7xx_HAL_Driver/Src/stm32f7xx_hal_adc.o
                0x0000000008002a1c                HAL_ADC_ConfigChannel
 .text.ADC_Init
                0x0000000008002cc8      0x1f4 ./Drivers/STM32F7xx_HAL_Driver/Src/stm32f7xx_hal_adc.o
 .text.HAL_CAN_Init
                0x0000000008002ebc      0x1f6 ./Drivers/STM32F7xx_HAL_Driver/Src/stm32f7xx_hal_can.o
                0x0000000008002ebc                HAL_CAN_Init
 .text.HAL_CAN_GetRxMessage
                0x00000000080030b2      0x224 ./Drivers/STM32F7xx_HAL_Driver/Src/stm32f7xx_hal_can.o
                0x00000000080030b2                HAL_CAN_GetRxMessage
 .text.HAL_CAN_IRQHandler
                0x00000000080032d6      0x36e ./Drivers/STM32F7xx_HAL_Driver/Src/stm32f7xx_hal_can.o
                0x00000000080032d6                HAL_CAN_IRQHandler
 .text.HAL_CAN_TxMailbox0CompleteCallback
                0x0000000008003644       0x14 ./Drivers/STM32F7xx_HAL_Driver/Src/stm32f7xx_hal_can.o
                0x0000000008003644                HAL_CAN_TxMailbox0CompleteCallback
 .text.HAL_CAN_TxMailbox1CompleteCallback
                0x0000000008003658       0x14 ./Drivers/STM32F7xx_HAL_Driver/Src/stm32f7xx_hal_can.o
                0x0000000008003658                HAL_CAN_TxMailbox1CompleteCallback
 .text.HAL_CAN_TxMailbox2CompleteCallback
                0x000000000800366c       0x14 ./Drivers/STM32F7xx_HAL_Driver/Src/stm32f7xx_hal_can.o
                0x000000000800366c                HAL_CAN_TxMailbox2CompleteCallback
 .text.HAL_CAN_TxMailbox0AbortCallback
                0x0000000008003680       0x14 ./Drivers/STM32F7xx_HAL_Driver/Src/stm32f7xx_hal_can.o
                0x0000000008003680                HAL_CAN_TxMailbox0AbortCallback
 .text.HAL_CAN_TxMailbox1AbortCallback
                0x0000000008003694       0x14 ./Drivers/STM32F7xx_HAL_Driver/Src/stm32f7xx_hal_can.o
                0x0000000008003694                HAL_CAN_TxMailbox1AbortCallback
 .text.HAL_CAN_TxMailbox2AbortCallback
                0x00000000080036a8       0x14 ./Drivers/STM32F7xx_HAL_Driver/Src/stm32f7xx_hal_can.o
                0x00000000080036a8                HAL_CAN_TxMailbox2AbortCallback
 .text.HAL_CAN_RxFifo0FullCallback
                0x00000000080036bc       0x14 ./Drivers/STM32F7xx_HAL_Driver/Src/stm32f7xx_hal_can.o
                0x00000000080036bc                HAL_CAN_RxFifo0FullCallback
 .text.HAL_CAN_RxFifo1MsgPendingCallback
                0x00000000080036d0       0x14 ./Drivers/STM32F7xx_HAL_Driver/Src/stm32f7xx_hal_can.o
                0x00000000080036d0                HAL_CAN_RxFifo1MsgPendingCallback
 .text.HAL_CAN_RxFifo1FullCallback
                0x00000000080036e4       0x14 ./Drivers/STM32F7xx_HAL_Driver/Src/stm32f7xx_hal_can.o
                0x00000000080036e4                HAL_CAN_RxFifo1FullCallback
 .text.HAL_CAN_SleepCallback
                0x00000000080036f8       0x14 ./Drivers/STM32F7xx_HAL_Driver/Src/stm32f7xx_hal_can.o
                0x00000000080036f8                HAL_CAN_SleepCallback
 .text.HAL_CAN_WakeUpFromRxMsgCallback
                0x000000000800370c       0x14 ./Drivers/STM32F7xx_HAL_Driver/Src/stm32f7xx_hal_can.o
                0x000000000800370c                HAL_CAN_WakeUpFromRxMsgCallback
 .text.HAL_CAN_ErrorCallback
                0x0000000008003720       0x14 ./Drivers/STM32F7xx_HAL_Driver/Src/stm32f7xx_hal_can.o
                0x0000000008003720                HAL_CAN_ErrorCallback
 .text.__NVIC_SetPriorityGrouping
                0x0000000008003734       0x48 ./Drivers/STM32F7xx_HAL_Driver/Src/stm32f7xx_hal_cortex.o
 .text.__NVIC_GetPriorityGrouping
                0x000000000800377c       0x1c ./Drivers/STM32F7xx_HAL_Driver/Src/stm32f7xx_hal_cortex.o
 .text.__NVIC_EnableIRQ
                0x0000000008003798       0x3c ./Drivers/STM32F7xx_HAL_Driver/Src/stm32f7xx_hal_cortex.o
 .text.__NVIC_SetPriority
                0x00000000080037d4       0x54 ./Drivers/STM32F7xx_HAL_Driver/Src/stm32f7xx_hal_cortex.o
 .text.NVIC_EncodePriority
                0x0000000008003828       0x66 ./Drivers/STM32F7xx_HAL_Driver/Src/stm32f7xx_hal_cortex.o
 *fill*         0x000000000800388e        0x2 
 .text.SysTick_Config
                0x0000000008003890       0x44 ./Drivers/STM32F7xx_HAL_Driver/Src/stm32f7xx_hal_cortex.o
 .text.HAL_NVIC_SetPriorityGrouping
                0x00000000080038d4       0x16 ./Drivers/STM32F7xx_HAL_Driver/Src/stm32f7xx_hal_cortex.o
                0x00000000080038d4                HAL_NVIC_SetPriorityGrouping
 .text.HAL_NVIC_SetPriority
                0x00000000080038ea       0x38 ./Drivers/STM32F7xx_HAL_Driver/Src/stm32f7xx_hal_cortex.o
                0x00000000080038ea                HAL_NVIC_SetPriority
 .text.HAL_NVIC_EnableIRQ
                0x0000000008003922       0x1c ./Drivers/STM32F7xx_HAL_Driver/Src/stm32f7xx_hal_cortex.o
                0x0000000008003922                HAL_NVIC_EnableIRQ
 .text.HAL_SYSTICK_Config
                0x000000000800393e       0x18 ./Drivers/STM32F7xx_HAL_Driver/Src/stm32f7xx_hal_cortex.o
                0x000000000800393e                HAL_SYSTICK_Config
 *fill*         0x0000000008003956        0x2 
 .text.HAL_GPIO_Init
                0x0000000008003958      0x358 ./Drivers/STM32F7xx_HAL_Driver/Src/stm32f7xx_hal_gpio.o
                0x0000000008003958                HAL_GPIO_Init
 .text.HAL_GPIO_WritePin
                0x0000000008003cb0       0x32 ./Drivers/STM32F7xx_HAL_Driver/Src/stm32f7xx_hal_gpio.o
                0x0000000008003cb0                HAL_GPIO_WritePin
 .text.HAL_GPIO_TogglePin
                0x0000000008003ce2       0x34 ./Drivers/STM32F7xx_HAL_Driver/Src/stm32f7xx_hal_gpio.o
                0x0000000008003ce2                HAL_GPIO_TogglePin
 .text.HAL_PCD_Init
                0x0000000008003d16      0x248 ./Drivers/STM32F7xx_HAL_Driver/Src/stm32f7xx_hal_pcd.o
                0x0000000008003d16                HAL_PCD_Init
 .text.HAL_PCD_Start
                0x0000000008003f5e       0x44 ./Drivers/STM32F7xx_HAL_Driver/Src/stm32f7xx_hal_pcd.o
                0x0000000008003f5e                HAL_PCD_Start
 .text.HAL_PCD_IRQHandler
                0x0000000008003fa2      0x998 ./Drivers/STM32F7xx_HAL_Driver/Src/stm32f7xx_hal_pcd.o
                0x0000000008003fa2                HAL_PCD_IRQHandler
 .text.HAL_PCD_SetAddress
                0x000000000800493a       0x4a ./Drivers/STM32F7xx_HAL_Driver/Src/stm32f7xx_hal_pcd.o
                0x000000000800493a                HAL_PCD_SetAddress
 .text.HAL_PCD_EP_Open
                0x0000000008004984       0xd0 ./Drivers/STM32F7xx_HAL_Driver/Src/stm32f7xx_hal_pcd.o
                0x0000000008004984                HAL_PCD_EP_Open
 .text.HAL_PCD_EP_Close
                0x0000000008004a54       0x94 ./Drivers/STM32F7xx_HAL_Driver/Src/stm32f7xx_hal_pcd.o
                0x0000000008004a54                HAL_PCD_EP_Close
 .text.HAL_PCD_EP_Receive
                0x0000000008004ae8       0x96 ./Drivers/STM32F7xx_HAL_Driver/Src/stm32f7xx_hal_pcd.o
                0x0000000008004ae8                HAL_PCD_EP_Receive
 .text.HAL_PCD_EP_GetRxCount
                0x0000000008004b7e       0x30 ./Drivers/STM32F7xx_HAL_Driver/Src/stm32f7xx_hal_pcd.o
                0x0000000008004b7e                HAL_PCD_EP_GetRxCount
 .text.HAL_PCD_EP_Transmit
                0x0000000008004bae       0x94 ./Drivers/STM32F7xx_HAL_Driver/Src/stm32f7xx_hal_pcd.o
                0x0000000008004bae                HAL_PCD_EP_Transmit
 .text.HAL_PCD_EP_SetStall
                0x0000000008004c42       0xc8 ./Drivers/STM32F7xx_HAL_Driver/Src/stm32f7xx_hal_pcd.o
                0x0000000008004c42                HAL_PCD_EP_SetStall
 .text.HAL_PCD_EP_ClrStall
                0x0000000008004d0a       0xac ./Drivers/STM32F7xx_HAL_Driver/Src/stm32f7xx_hal_pcd.o
                0x0000000008004d0a                HAL_PCD_EP_ClrStall
 .text.HAL_PCD_EP_Abort
                0x0000000008004db6       0x62 ./Drivers/STM32F7xx_HAL_Driver/Src/stm32f7xx_hal_pcd.o
                0x0000000008004db6                HAL_PCD_EP_Abort
 .text.PCD_WriteEmptyTxFifo
                0x0000000008004e18      0x11a ./Drivers/STM32F7xx_HAL_Driver/Src/stm32f7xx_hal_pcd.o
 *fill*         0x0000000008004f32        0x2 
 .text.PCD_EP_OutXfrComplete_int
                0x0000000008004f34      0x1d0 ./Drivers/STM32F7xx_HAL_Driver/Src/stm32f7xx_hal_pcd.o
 .text.PCD_EP_OutSetupPacket_int
                0x0000000008005104       0x8c ./Drivers/STM32F7xx_HAL_Driver/Src/stm32f7xx_hal_pcd.o
 .text.HAL_PCDEx_SetTxFiFo
                0x0000000008005190       0x8e ./Drivers/STM32F7xx_HAL_Driver/Src/stm32f7xx_hal_pcd_ex.o
                0x0000000008005190                HAL_PCDEx_SetTxFiFo
 .text.HAL_PCDEx_SetRxFiFo
                0x000000000800521e       0x22 ./Drivers/STM32F7xx_HAL_Driver/Src/stm32f7xx_hal_pcd_ex.o
                0x000000000800521e                HAL_PCDEx_SetRxFiFo
 .text.HAL_PCDEx_ActivateLPM
                0x0000000008005240       0x48 ./Drivers/STM32F7xx_HAL_Driver/Src/stm32f7xx_hal_pcd_ex.o
                0x0000000008005240                HAL_PCDEx_ActivateLPM
 .text.HAL_PWREx_EnableOverDrive
                0x0000000008005288       0xa0 ./Drivers/STM32F7xx_HAL_Driver/Src/stm32f7xx_hal_pwr_ex.o
                0x0000000008005288                HAL_PWREx_EnableOverDrive
 .text.HAL_RCC_OscConfig
                0x0000000008005328      0x548 ./Drivers/STM32F7xx_HAL_Driver/Src/stm32f7xx_hal_rcc.o
                0x0000000008005328                HAL_RCC_OscConfig
 .text.HAL_RCC_ClockConfig
                0x0000000008005870      0x1d8 ./Drivers/STM32F7xx_HAL_Driver/Src/stm32f7xx_hal_rcc.o
                0x0000000008005870                HAL_RCC_ClockConfig
 .text.HAL_RCC_GetSysClockFreq
                0x0000000008005a48      0x208 ./Drivers/STM32F7xx_HAL_Driver/Src/stm32f7xx_hal_rcc.o
                0x0000000008005a48                HAL_RCC_GetSysClockFreq
 .text.HAL_RCC_GetHCLKFreq
                0x0000000008005c50       0x18 ./Drivers/STM32F7xx_HAL_Driver/Src/stm32f7xx_hal_rcc.o
                0x0000000008005c50                HAL_RCC_GetHCLKFreq
 .text.HAL_RCC_GetPCLK1Freq
                0x0000000008005c68       0x28 ./Drivers/STM32F7xx_HAL_Driver/Src/stm32f7xx_hal_rcc.o
                0x0000000008005c68                HAL_RCC_GetPCLK1Freq
 .text.HAL_RCC_GetPCLK2Freq
                0x0000000008005c90       0x28 ./Drivers/STM32F7xx_HAL_Driver/Src/stm32f7xx_hal_rcc.o
                0x0000000008005c90                HAL_RCC_GetPCLK2Freq
 .text.HAL_RCCEx_PeriphCLKConfig
                0x0000000008005cb8      0x7e0 ./Drivers/STM32F7xx_HAL_Driver/Src/stm32f7xx_hal_rcc_ex.o
                0x0000000008005cb8                HAL_RCCEx_PeriphCLKConfig
 .text.HAL_SD_Init
                0x0000000008006498       0x60 ./Drivers/STM32F7xx_HAL_Driver/Src/stm32f7xx_hal_sd.o
                0x0000000008006498                HAL_SD_Init
 .text.HAL_SD_InitCard
                0x00000000080064f8      0x110 ./Drivers/STM32F7xx_HAL_Driver/Src/stm32f7xx_hal_sd.o
                0x00000000080064f8                HAL_SD_InitCard
 .text.HAL_SD_GetCardCSD
                0x0000000008006608      0x348 ./Drivers/STM32F7xx_HAL_Driver/Src/stm32f7xx_hal_sd.o
                0x0000000008006608                HAL_SD_GetCardCSD
 .text.HAL_SD_ConfigWideBusOperation
                0x0000000008006950      0x134 ./Drivers/STM32F7xx_HAL_Driver/Src/stm32f7xx_hal_sd.o
                0x0000000008006950                HAL_SD_ConfigWideBusOperation
 .text.SD_InitCard
                0x0000000008006a84      0x19c ./Drivers/STM32F7xx_HAL_Driver/Src/stm32f7xx_hal_sd.o
 .text.SD_PowerON
                0x0000000008006c20      0x11c ./Drivers/STM32F7xx_HAL_Driver/Src/stm32f7xx_hal_sd.o
 .text.SD_WideBus_Enable
                0x0000000008006d3c       0x96 ./Drivers/STM32F7xx_HAL_Driver/Src/stm32f7xx_hal_sd.o
 .text.SD_WideBus_Disable
                0x0000000008006dd2       0x96 ./Drivers/STM32F7xx_HAL_Driver/Src/stm32f7xx_hal_sd.o
 .text.SD_FindSCR
                0x0000000008006e68      0x1a6 ./Drivers/STM32F7xx_HAL_Driver/Src/stm32f7xx_hal_sd.o
 .text.HAL_SRAM_Init
                0x000000000800700e       0x90 ./Drivers/STM32F7xx_HAL_Driver/Src/stm32f7xx_hal_sram.o
                0x000000000800700e                HAL_SRAM_Init
 .text.HAL_TIM_Base_Init
                0x000000000800709e       0xae ./Drivers/STM32F7xx_HAL_Driver/Src/stm32f7xx_hal_tim.o
                0x000000000800709e                HAL_TIM_Base_Init
 .text.HAL_TIM_SlaveConfigSynchro
                0x000000000800714c       0x84 ./Drivers/STM32F7xx_HAL_Driver/Src/stm32f7xx_hal_tim.o
                0x000000000800714c                HAL_TIM_SlaveConfigSynchro
 .text.TIM_Base_SetConfig
                0x00000000080071d0      0x140 ./Drivers/STM32F7xx_HAL_Driver/Src/stm32f7xx_hal_tim.o
                0x00000000080071d0                TIM_Base_SetConfig
 .text.TIM_SlaveTimer_SetConfig
                0x0000000008007310      0x128 ./Drivers/STM32F7xx_HAL_Driver/Src/stm32f7xx_hal_tim.o
 .text.TIM_TI1_ConfigInputStage
                0x0000000008007438       0x5e ./Drivers/STM32F7xx_HAL_Driver/Src/stm32f7xx_hal_tim.o
 .text.TIM_TI2_ConfigInputStage
                0x0000000008007496       0x60 ./Drivers/STM32F7xx_HAL_Driver/Src/stm32f7xx_hal_tim.o
 .text.TIM_ETR_SetConfig
                0x00000000080074f6       0x40 ./Drivers/STM32F7xx_HAL_Driver/Src/stm32f7xx_hal_tim.o
                0x00000000080074f6                TIM_ETR_SetConfig
 *fill*         0x0000000008007536        0x2 
 .text.HAL_TIMEx_MasterConfigSynchronization
                0x0000000008007538      0x11c ./Drivers/STM32F7xx_HAL_Driver/Src/stm32f7xx_hal_tim_ex.o
                0x0000000008007538                HAL_TIMEx_MasterConfigSynchronization
 .text.HAL_UART_Init
                0x0000000008007654       0x9c ./Drivers/STM32F7xx_HAL_Driver/Src/stm32f7xx_hal_uart.o
                0x0000000008007654                HAL_UART_Init
 .text.UART_SetConfig
                0x00000000080076f0      0x4c8 ./Drivers/STM32F7xx_HAL_Driver/Src/stm32f7xx_hal_uart.o
                0x00000000080076f0                UART_SetConfig
 .text.UART_AdvFeatureConfig
                0x0000000008007bb8      0x144 ./Drivers/STM32F7xx_HAL_Driver/Src/stm32f7xx_hal_uart.o
                0x0000000008007bb8                UART_AdvFeatureConfig
 .text.UART_CheckIdleState
                0x0000000008007cfc       0x6e ./Drivers/STM32F7xx_HAL_Driver/Src/stm32f7xx_hal_uart.o
                0x0000000008007cfc                UART_CheckIdleState
 .text.UART_WaitOnFlagUntilTimeout
                0x0000000008007d6a      0x18c ./Drivers/STM32F7xx_HAL_Driver/Src/stm32f7xx_hal_uart.o
                0x0000000008007d6a                UART_WaitOnFlagUntilTimeout
 *fill*         0x0000000008007ef6        0x2 
 .text.FMC_NORSRAM_Init
                0x0000000008007ef8      0x120 ./Drivers/STM32F7xx_HAL_Driver/Src/stm32f7xx_ll_fmc.o
                0x0000000008007ef8                FMC_NORSRAM_Init
 .text.FMC_NORSRAM_Timing_Init
                0x0000000008008018       0xa0 ./Drivers/STM32F7xx_HAL_Driver/Src/stm32f7xx_ll_fmc.o
                0x0000000008008018                FMC_NORSRAM_Timing_Init
 .text.FMC_NORSRAM_Extended_Timing_Init
                0x00000000080080b8       0x70 ./Drivers/STM32F7xx_HAL_Driver/Src/stm32f7xx_ll_fmc.o
                0x00000000080080b8                FMC_NORSRAM_Extended_Timing_Init
 .text.SDMMC_Init
                0x0000000008008128       0x58 ./Drivers/STM32F7xx_HAL_Driver/Src/stm32f7xx_ll_sdmmc.o
                0x0000000008008128                SDMMC_Init
 .text.SDMMC_ReadFIFO
                0x0000000008008180       0x1a ./Drivers/STM32F7xx_HAL_Driver/Src/stm32f7xx_ll_sdmmc.o
                0x0000000008008180                SDMMC_ReadFIFO
 .text.SDMMC_PowerState_ON
                0x000000000800819a       0x1c ./Drivers/STM32F7xx_HAL_Driver/Src/stm32f7xx_ll_sdmmc.o
                0x000000000800819a                SDMMC_PowerState_ON
 .text.SDMMC_GetPowerState
                0x00000000080081b6       0x1c ./Drivers/STM32F7xx_HAL_Driver/Src/stm32f7xx_ll_sdmmc.o
                0x00000000080081b6                SDMMC_GetPowerState
 *fill*         0x00000000080081d2        0x2 
 .text.SDMMC_SendCommand
                0x00000000080081d4       0x54 ./Drivers/STM32F7xx_HAL_Driver/Src/stm32f7xx_ll_sdmmc.o
                0x00000000080081d4                SDMMC_SendCommand
 .text.SDMMC_GetCommandResponse
                0x0000000008008228       0x1a ./Drivers/STM32F7xx_HAL_Driver/Src/stm32f7xx_ll_sdmmc.o
                0x0000000008008228                SDMMC_GetCommandResponse
 .text.SDMMC_GetResponse
                0x0000000008008242       0x26 ./Drivers/STM32F7xx_HAL_Driver/Src/stm32f7xx_ll_sdmmc.o
                0x0000000008008242                SDMMC_GetResponse
 .text.SDMMC_ConfigData
                0x0000000008008268       0x58 ./Drivers/STM32F7xx_HAL_Driver/Src/stm32f7xx_ll_sdmmc.o
                0x0000000008008268                SDMMC_ConfigData
 .text.SDMMC_CmdBlockLength
                0x00000000080082c0       0x44 ./Drivers/STM32F7xx_HAL_Driver/Src/stm32f7xx_ll_sdmmc.o
                0x00000000080082c0                SDMMC_CmdBlockLength
 .text.SDMMC_CmdSelDesel
                0x0000000008008304       0x46 ./Drivers/STM32F7xx_HAL_Driver/Src/stm32f7xx_ll_sdmmc.o
                0x0000000008008304                SDMMC_CmdSelDesel
 .text.SDMMC_CmdGoIdleState
                0x000000000800834a       0x3c ./Drivers/STM32F7xx_HAL_Driver/Src/stm32f7xx_ll_sdmmc.o
                0x000000000800834a                SDMMC_CmdGoIdleState
 .text.SDMMC_CmdOperCond
                0x0000000008008386       0x3e ./Drivers/STM32F7xx_HAL_Driver/Src/stm32f7xx_ll_sdmmc.o
                0x0000000008008386                SDMMC_CmdOperCond
 .text.SDMMC_CmdAppCommand
                0x00000000080083c4       0x44 ./Drivers/STM32F7xx_HAL_Driver/Src/stm32f7xx_ll_sdmmc.o
                0x00000000080083c4                SDMMC_CmdAppCommand
 .text.SDMMC_CmdAppOperCommand
                0x0000000008008408       0x48 ./Drivers/STM32F7xx_HAL_Driver/Src/stm32f7xx_ll_sdmmc.o
                0x0000000008008408                SDMMC_CmdAppOperCommand
 .text.SDMMC_CmdBusWidth
                0x0000000008008450       0x44 ./Drivers/STM32F7xx_HAL_Driver/Src/stm32f7xx_ll_sdmmc.o
                0x0000000008008450                SDMMC_CmdBusWidth
 .text.SDMMC_CmdSendSCR
                0x0000000008008494       0x42 ./Drivers/STM32F7xx_HAL_Driver/Src/stm32f7xx_ll_sdmmc.o
                0x0000000008008494                SDMMC_CmdSendSCR
 .text.SDMMC_CmdSendCID
                0x00000000080084d6       0x3c ./Drivers/STM32F7xx_HAL_Driver/Src/stm32f7xx_ll_sdmmc.o
                0x00000000080084d6                SDMMC_CmdSendCID
 .text.SDMMC_CmdSendCSD
                0x0000000008008512       0x3e ./Drivers/STM32F7xx_HAL_Driver/Src/stm32f7xx_ll_sdmmc.o
                0x0000000008008512                SDMMC_CmdSendCSD
 .text.SDMMC_CmdSetRelAdd
                0x0000000008008550       0x42 ./Drivers/STM32F7xx_HAL_Driver/Src/stm32f7xx_ll_sdmmc.o
                0x0000000008008550                SDMMC_CmdSetRelAdd
 *fill*         0x0000000008008592        0x2 
 .text.SDMMC_GetCmdResp1
                0x0000000008008594      0x1dc ./Drivers/STM32F7xx_HAL_Driver/Src/stm32f7xx_ll_sdmmc.o
                0x0000000008008594                SDMMC_GetCmdResp1
 .text.SDMMC_GetCmdResp2
                0x0000000008008770       0x90 ./Drivers/STM32F7xx_HAL_Driver/Src/stm32f7xx_ll_sdmmc.o
                0x0000000008008770                SDMMC_GetCmdResp2
 .text.SDMMC_GetCmdResp3
                0x0000000008008800       0x7c ./Drivers/STM32F7xx_HAL_Driver/Src/stm32f7xx_ll_sdmmc.o
                0x0000000008008800                SDMMC_GetCmdResp3
 .text.SDMMC_GetCmdResp6
                0x000000000800887c       0xec ./Drivers/STM32F7xx_HAL_Driver/Src/stm32f7xx_ll_sdmmc.o
                0x000000000800887c                SDMMC_GetCmdResp6
 .text.SDMMC_GetCmdResp7
                0x0000000008008968       0x9c ./Drivers/STM32F7xx_HAL_Driver/Src/stm32f7xx_ll_sdmmc.o
                0x0000000008008968                SDMMC_GetCmdResp7
 .text.SDMMC_GetCmdError
                0x0000000008008a04       0x58 ./Drivers/STM32F7xx_HAL_Driver/Src/stm32f7xx_ll_sdmmc.o
 .text.USB_CoreInit
                0x0000000008008a5c       0xb0 ./Drivers/STM32F7xx_HAL_Driver/Src/stm32f7xx_ll_usb.o
                0x0000000008008a5c                USB_CoreInit
 .text.USB_SetTurnaroundTime
                0x0000000008008b0c      0x144 ./Drivers/STM32F7xx_HAL_Driver/Src/stm32f7xx_ll_usb.o
                0x0000000008008b0c                USB_SetTurnaroundTime
 .text.USB_EnableGlobalInt
                0x0000000008008c50       0x22 ./Drivers/STM32F7xx_HAL_Driver/Src/stm32f7xx_ll_usb.o
                0x0000000008008c50                USB_EnableGlobalInt
 .text.USB_DisableGlobalInt
                0x0000000008008c72       0x22 ./Drivers/STM32F7xx_HAL_Driver/Src/stm32f7xx_ll_usb.o
                0x0000000008008c72                USB_DisableGlobalInt
 .text.USB_SetCurrentMode
                0x0000000008008c94       0x98 ./Drivers/STM32F7xx_HAL_Driver/Src/stm32f7xx_ll_usb.o
                0x0000000008008c94                USB_SetCurrentMode
 .text.USB_DevInit
                0x0000000008008d2c      0x2bc ./Drivers/STM32F7xx_HAL_Driver/Src/stm32f7xx_ll_usb.o
                0x0000000008008d2c                USB_DevInit
 .text.USB_FlushTxFifo
                0x0000000008008fe8       0x68 ./Drivers/STM32F7xx_HAL_Driver/Src/stm32f7xx_ll_usb.o
                0x0000000008008fe8                USB_FlushTxFifo
 .text.USB_FlushRxFifo
                0x0000000008009050       0x60 ./Drivers/STM32F7xx_HAL_Driver/Src/stm32f7xx_ll_usb.o
                0x0000000008009050                USB_FlushRxFifo
 .text.USB_SetDevSpeed
                0x00000000080090b0       0x32 ./Drivers/STM32F7xx_HAL_Driver/Src/stm32f7xx_ll_usb.o
                0x00000000080090b0                USB_SetDevSpeed
 .text.USB_GetDevSpeed
                0x00000000080090e2       0x4a ./Drivers/STM32F7xx_HAL_Driver/Src/stm32f7xx_ll_usb.o
                0x00000000080090e2                USB_GetDevSpeed
 .text.USB_ActivateEndpoint
                0x000000000800912c      0x110 ./Drivers/STM32F7xx_HAL_Driver/Src/stm32f7xx_ll_usb.o
                0x000000000800912c                USB_ActivateEndpoint
 .text.USB_DeactivateEndpoint
                0x000000000800923c      0x1b8 ./Drivers/STM32F7xx_HAL_Driver/Src/stm32f7xx_ll_usb.o
                0x000000000800923c                USB_DeactivateEndpoint
 .text.USB_EPStartXfer
                0x00000000080093f4      0x4a0 ./Drivers/STM32F7xx_HAL_Driver/Src/stm32f7xx_ll_usb.o
                0x00000000080093f4                USB_EPStartXfer
 .text.USB_EP0StartXfer
                0x0000000008009894      0x2b8 ./Drivers/STM32F7xx_HAL_Driver/Src/stm32f7xx_ll_usb.o
                0x0000000008009894                USB_EP0StartXfer
 .text.USB_EPStopXfer
                0x0000000008009b4c      0x154 ./Drivers/STM32F7xx_HAL_Driver/Src/stm32f7xx_ll_usb.o
                0x0000000008009b4c                USB_EPStopXfer
 .text.USB_WritePacket
                0x0000000008009ca0       0x7c ./Drivers/STM32F7xx_HAL_Driver/Src/stm32f7xx_ll_usb.o
                0x0000000008009ca0                USB_WritePacket
 .text.USB_ReadPacket
                0x0000000008009d1c       0xb0 ./Drivers/STM32F7xx_HAL_Driver/Src/stm32f7xx_ll_usb.o
                0x0000000008009d1c                USB_ReadPacket
 .text.USB_EPSetStall
                0x0000000008009dcc       0xdc ./Drivers/STM32F7xx_HAL_Driver/Src/stm32f7xx_ll_usb.o
                0x0000000008009dcc                USB_EPSetStall
 .text.USB_EPClearStall
                0x0000000008009ea8       0xcc ./Drivers/STM32F7xx_HAL_Driver/Src/stm32f7xx_ll_usb.o
                0x0000000008009ea8                USB_EPClearStall
 .text.USB_SetDevAddress
                0x0000000008009f74       0x4c ./Drivers/STM32F7xx_HAL_Driver/Src/stm32f7xx_ll_usb.o
                0x0000000008009f74                USB_SetDevAddress
 .text.USB_DevConnect
                0x0000000008009fc0       0x42 ./Drivers/STM32F7xx_HAL_Driver/Src/stm32f7xx_ll_usb.o
                0x0000000008009fc0                USB_DevConnect
 .text.USB_DevDisconnect
                0x000000000800a002       0x42 ./Drivers/STM32F7xx_HAL_Driver/Src/stm32f7xx_ll_usb.o
                0x000000000800a002                USB_DevDisconnect
 .text.USB_ReadInterrupts
                0x000000000800a044       0x26 ./Drivers/STM32F7xx_HAL_Driver/Src/stm32f7xx_ll_usb.o
                0x000000000800a044                USB_ReadInterrupts
 .text.USB_ReadDevAllOutEpInterrupt
                0x000000000800a06a       0x34 ./Drivers/STM32F7xx_HAL_Driver/Src/stm32f7xx_ll_usb.o
                0x000000000800a06a                USB_ReadDevAllOutEpInterrupt
 .text.USB_ReadDevAllInEpInterrupt
                0x000000000800a09e       0x34 ./Drivers/STM32F7xx_HAL_Driver/Src/stm32f7xx_ll_usb.o
                0x000000000800a09e                USB_ReadDevAllInEpInterrupt
 .text.USB_ReadDevOutEPInterrupt
                0x000000000800a0d2       0x3c ./Drivers/STM32F7xx_HAL_Driver/Src/stm32f7xx_ll_usb.o
                0x000000000800a0d2                USB_ReadDevOutEPInterrupt
 .text.USB_ReadDevInEPInterrupt
                0x000000000800a10e       0x5c ./Drivers/STM32F7xx_HAL_Driver/Src/stm32f7xx_ll_usb.o
                0x000000000800a10e                USB_ReadDevInEPInterrupt
 .text.USB_GetMode
                0x000000000800a16a       0x1c ./Drivers/STM32F7xx_HAL_Driver/Src/stm32f7xx_ll_usb.o
                0x000000000800a16a                USB_GetMode
 *fill*         0x000000000800a186        0x2 
 .text.USB_ActivateSetup
                0x000000000800a188       0x48 ./Drivers/STM32F7xx_HAL_Driver/Src/stm32f7xx_ll_usb.o
                0x000000000800a188                USB_ActivateSetup
 .text.USB_EP0_OutStart
                0x000000000800a1d0       0xbc ./Drivers/STM32F7xx_HAL_Driver/Src/stm32f7xx_ll_usb.o
                0x000000000800a1d0                USB_EP0_OutStart
 .text.USB_CoreReset
                0x000000000800a28c       0x68 ./Drivers/STM32F7xx_HAL_Driver/Src/stm32f7xx_ll_usb.o
 .text.USBD_CDC_Init
                0x000000000800a2f4      0x1f0 ./Middlewares/ST/STM32_USB_Device_Library/Class/CDC/Src/usbd_cdc.o
 .text.USBD_CDC_DeInit
                0x000000000800a4e4      0x104 ./Middlewares/ST/STM32_USB_Device_Library/Class/CDC/Src/usbd_cdc.o
 .text.USBD_CDC_Setup
                0x000000000800a5e8      0x1b8 ./Middlewares/ST/STM32_USB_Device_Library/Class/CDC/Src/usbd_cdc.o
 .text.USBD_CDC_DataIn
                0x000000000800a7a0       0xfe ./Middlewares/ST/STM32_USB_Device_Library/Class/CDC/Src/usbd_cdc.o
 .text.USBD_CDC_DataOut
                0x000000000800a89e       0x70 ./Middlewares/ST/STM32_USB_Device_Library/Class/CDC/Src/usbd_cdc.o
 .text.USBD_CDC_EP0_RxReady
                0x000000000800a90e       0x76 ./Middlewares/ST/STM32_USB_Device_Library/Class/CDC/Src/usbd_cdc.o
 .text.USBD_CDC_GetFSCfgDesc
                0x000000000800a984       0x70 ./Middlewares/ST/STM32_USB_Device_Library/Class/CDC/Src/usbd_cdc.o
 .text.USBD_CDC_GetHSCfgDesc
                0x000000000800a9f4       0x70 ./Middlewares/ST/STM32_USB_Device_Library/Class/CDC/Src/usbd_cdc.o
 .text.USBD_CDC_GetOtherSpeedCfgDesc
                0x000000000800aa64       0x70 ./Middlewares/ST/STM32_USB_Device_Library/Class/CDC/Src/usbd_cdc.o
 .text.USBD_CDC_GetDeviceQualifierDescriptor
                0x000000000800aad4       0x20 ./Middlewares/ST/STM32_USB_Device_Library/Class/CDC/Src/usbd_cdc.o
                0x000000000800aad4                USBD_CDC_GetDeviceQualifierDescriptor
 .text.USBD_CDC_RegisterInterface
                0x000000000800aaf4       0x34 ./Middlewares/ST/STM32_USB_Device_Library/Class/CDC/Src/usbd_cdc.o
                0x000000000800aaf4                USBD_CDC_RegisterInterface
 .text.USBD_CDC_SetTxBuffer
                0x000000000800ab28       0x44 ./Middlewares/ST/STM32_USB_Device_Library/Class/CDC/Src/usbd_cdc.o
                0x000000000800ab28                USBD_CDC_SetTxBuffer
 .text.USBD_CDC_SetRxBuffer
                0x000000000800ab6c       0x3a ./Middlewares/ST/STM32_USB_Device_Library/Class/CDC/Src/usbd_cdc.o
                0x000000000800ab6c                USBD_CDC_SetRxBuffer
 *fill*         0x000000000800aba6        0x2 
 .text.USBD_CDC_ReceivePacket
                0x000000000800aba8       0x6c ./Middlewares/ST/STM32_USB_Device_Library/Class/CDC/Src/usbd_cdc.o
                0x000000000800aba8                USBD_CDC_ReceivePacket
 .text.USBD_Init
                0x000000000800ac14       0x60 ./Middlewares/ST/STM32_USB_Device_Library/Core/Src/usbd_core.o
                0x000000000800ac14                USBD_Init
 .text.USBD_RegisterClass
                0x000000000800ac74       0x6c ./Middlewares/ST/STM32_USB_Device_Library/Core/Src/usbd_core.o
                0x000000000800ac74                USBD_RegisterClass
 .text.USBD_Start
                0x000000000800ace0       0x18 ./Middlewares/ST/STM32_USB_Device_Library/Core/Src/usbd_core.o
                0x000000000800ace0                USBD_Start
 .text.USBD_RunTestMode
                0x000000000800acf8       0x16 ./Middlewares/ST/STM32_USB_Device_Library/Core/Src/usbd_core.o
                0x000000000800acf8                USBD_RunTestMode
 .text.USBD_SetClassConfig
                0x000000000800ad0e       0x38 ./Middlewares/ST/STM32_USB_Device_Library/Core/Src/usbd_core.o
                0x000000000800ad0e                USBD_SetClassConfig
 .text.USBD_ClrClassConfig
                0x000000000800ad46       0x34 ./Middlewares/ST/STM32_USB_Device_Library/Core/Src/usbd_core.o
                0x000000000800ad46                USBD_ClrClassConfig
 .text.USBD_LL_SetupStage
                0x000000000800ad7a       0xaa ./Middlewares/ST/STM32_USB_Device_Library/Core/Src/usbd_core.o
                0x000000000800ad7a                USBD_LL_SetupStage
 .text.USBD_LL_DataOutStage
                0x000000000800ae24      0x166 ./Middlewares/ST/STM32_USB_Device_Library/Core/Src/usbd_core.o
                0x000000000800ae24                USBD_LL_DataOutStage
 .text.USBD_LL_DataInStage
                0x000000000800af8a      0x164 ./Middlewares/ST/STM32_USB_Device_Library/Core/Src/usbd_core.o
                0x000000000800af8a                USBD_LL_DataInStage
 .text.USBD_LL_Reset
                0x000000000800b0ee       0xa4 ./Middlewares/ST/STM32_USB_Device_Library/Core/Src/usbd_core.o
                0x000000000800b0ee                USBD_LL_Reset
 .text.USBD_LL_SetSpeed
                0x000000000800b192       0x20 ./Middlewares/ST/STM32_USB_Device_Library/Core/Src/usbd_core.o
                0x000000000800b192                USBD_LL_SetSpeed
 .text.USBD_LL_Suspend
                0x000000000800b1b2       0x2c ./Middlewares/ST/STM32_USB_Device_Library/Core/Src/usbd_core.o
                0x000000000800b1b2                USBD_LL_Suspend
 .text.USBD_LL_Resume
                0x000000000800b1de       0x30 ./Middlewares/ST/STM32_USB_Device_Library/Core/Src/usbd_core.o
                0x000000000800b1de                USBD_LL_Resume
 .text.USBD_LL_SOF
                0x000000000800b20e       0x40 ./Middlewares/ST/STM32_USB_Device_Library/Core/Src/usbd_core.o
                0x000000000800b20e                USBD_LL_SOF
 .text.USBD_LL_IsoINIncomplete
                0x000000000800b24e       0x64 ./Middlewares/ST/STM32_USB_Device_Library/Core/Src/usbd_core.o
                0x000000000800b24e                USBD_LL_IsoINIncomplete
 .text.USBD_LL_IsoOUTIncomplete
                0x000000000800b2b2       0x64 ./Middlewares/ST/STM32_USB_Device_Library/Core/Src/usbd_core.o
                0x000000000800b2b2                USBD_LL_IsoOUTIncomplete
 .text.USBD_LL_DevConnected
                0x000000000800b316       0x16 ./Middlewares/ST/STM32_USB_Device_Library/Core/Src/usbd_core.o
                0x000000000800b316                USBD_LL_DevConnected
 .text.USBD_LL_DevDisconnected
                0x000000000800b32c       0x46 ./Middlewares/ST/STM32_USB_Device_Library/Core/Src/usbd_core.o
                0x000000000800b32c                USBD_LL_DevDisconnected
 .text.USBD_CoreFindIF
                0x000000000800b372       0x1a ./Middlewares/ST/STM32_USB_Device_Library/Core/Src/usbd_core.o
                0x000000000800b372                USBD_CoreFindIF
 .text.USBD_CoreFindEP
                0x000000000800b38c       0x1a ./Middlewares/ST/STM32_USB_Device_Library/Core/Src/usbd_core.o
                0x000000000800b38c                USBD_CoreFindEP
 .text.USBD_GetEpDesc
                0x000000000800b3a6       0x74 ./Middlewares/ST/STM32_USB_Device_Library/Core/Src/usbd_core.o
                0x000000000800b3a6                USBD_GetEpDesc
 .text.USBD_GetNextDesc
                0x000000000800b41a       0x3a ./Middlewares/ST/STM32_USB_Device_Library/Core/Src/usbd_core.o
                0x000000000800b41a                USBD_GetNextDesc
 .text.SWAPBYTE
                0x000000000800b454       0x3c ./Middlewares/ST/STM32_USB_Device_Library/Core/Src/usbd_ctlreq.o
 .text.USBD_StdDevReq
                0x000000000800b490       0xe4 ./Middlewares/ST/STM32_USB_Device_Library/Core/Src/usbd_ctlreq.o
                0x000000000800b490                USBD_StdDevReq
 .text.USBD_StdItfReq
                0x000000000800b574       0xd8 ./Middlewares/ST/STM32_USB_Device_Library/Core/Src/usbd_ctlreq.o
                0x000000000800b574                USBD_StdItfReq
 .text.USBD_StdEPReq
                0x000000000800b64c      0x33a ./Middlewares/ST/STM32_USB_Device_Library/Core/Src/usbd_ctlreq.o
                0x000000000800b64c                USBD_StdEPReq
 *fill*         0x000000000800b986        0x2 
 .text.USBD_GetDescriptor
                0x000000000800b988      0x328 ./Middlewares/ST/STM32_USB_Device_Library/Core/Src/usbd_ctlreq.o
 .text.USBD_SetAddress
                0x000000000800bcb0       0x88 ./Middlewares/ST/STM32_USB_Device_Library/Core/Src/usbd_ctlreq.o
 .text.USBD_SetConfig
                0x000000000800bd38      0x154 ./Middlewares/ST/STM32_USB_Device_Library/Core/Src/usbd_ctlreq.o
 .text.USBD_GetConfig
                0x000000000800be8c       0x6c ./Middlewares/ST/STM32_USB_Device_Library/Core/Src/usbd_ctlreq.o
 .text.USBD_GetStatus
                0x000000000800bef8       0x68 ./Middlewares/ST/STM32_USB_Device_Library/Core/Src/usbd_ctlreq.o
 .text.USBD_SetFeature
                0x000000000800bf60       0x52 ./Middlewares/ST/STM32_USB_Device_Library/Core/Src/usbd_ctlreq.o
 .text.USBD_ClrFeature
                0x000000000800bfb2       0x44 ./Middlewares/ST/STM32_USB_Device_Library/Core/Src/usbd_ctlreq.o
 .text.USBD_ParseSetupRequest
                0x000000000800bff6       0x74 ./Middlewares/ST/STM32_USB_Device_Library/Core/Src/usbd_ctlreq.o
                0x000000000800bff6                USBD_ParseSetupRequest
 .text.USBD_CtlError
                0x000000000800c06a       0x22 ./Middlewares/ST/STM32_USB_Device_Library/Core/Src/usbd_ctlreq.o
                0x000000000800c06a                USBD_CtlError
 .text.USBD_GetString
                0x000000000800c08c       0x8c ./Middlewares/ST/STM32_USB_Device_Library/Core/Src/usbd_ctlreq.o
                0x000000000800c08c                USBD_GetString
 .text.USBD_GetLen
                0x000000000800c118       0x34 ./Middlewares/ST/STM32_USB_Device_Library/Core/Src/usbd_ctlreq.o
 .text.USBD_CtlSendData
                0x000000000800c14c       0x36 ./Middlewares/ST/STM32_USB_Device_Library/Core/Src/usbd_ioreq.o
                0x000000000800c14c                USBD_CtlSendData
 .text.USBD_CtlContinueSendData
                0x000000000800c182       0x22 ./Middlewares/ST/STM32_USB_Device_Library/Core/Src/usbd_ioreq.o
                0x000000000800c182                USBD_CtlContinueSendData
 .text.USBD_CtlPrepareRx
                0x000000000800c1a4       0x3a ./Middlewares/ST/STM32_USB_Device_Library/Core/Src/usbd_ioreq.o
                0x000000000800c1a4                USBD_CtlPrepareRx
 .text.USBD_CtlContinueRx
                0x000000000800c1de       0x22 ./Middlewares/ST/STM32_USB_Device_Library/Core/Src/usbd_ioreq.o
                0x000000000800c1de                USBD_CtlContinueRx
 .text.USBD_CtlSendStatus
                0x000000000800c200       0x26 ./Middlewares/ST/STM32_USB_Device_Library/Core/Src/usbd_ioreq.o
                0x000000000800c200                USBD_CtlSendStatus
 .text.USBD_CtlReceiveStatus
                0x000000000800c226       0x26 ./Middlewares/ST/STM32_USB_Device_Library/Core/Src/usbd_ioreq.o
                0x000000000800c226                USBD_CtlReceiveStatus
 .text.MX_USB_DEVICE_Init
                0x000000000800c24c       0x60 ./USB_DEVICE/App/usb_device.o
                0x000000000800c24c                MX_USB_DEVICE_Init
 .text.CDC_Init_HS
                0x000000000800c2ac       0x28 ./USB_DEVICE/App/usbd_cdc_if.o
 .text.CDC_DeInit_HS
                0x000000000800c2d4       0x10 ./USB_DEVICE/App/usbd_cdc_if.o
 .text.CDC_Control_HS
                0x000000000800c2e4       0xbc ./USB_DEVICE/App/usbd_cdc_if.o
 .text.CDC_Receive_HS
                0x000000000800c3a0       0x28 ./USB_DEVICE/App/usbd_cdc_if.o
 .text.CDC_TransmitCplt_HS
                0x000000000800c3c8       0x22 ./USB_DEVICE/App/usbd_cdc_if.o
 *fill*         0x000000000800c3ea        0x2 
 .text.USBD_HS_DeviceDescriptor
                0x000000000800c3ec       0x24 ./USB_DEVICE/App/usbd_desc.o
                0x000000000800c3ec                USBD_HS_DeviceDescriptor
 .text.USBD_HS_LangIDStrDescriptor
                0x000000000800c410       0x24 ./USB_DEVICE/App/usbd_desc.o
                0x000000000800c410                USBD_HS_LangIDStrDescriptor
 .text.USBD_HS_ProductStrDescriptor
                0x000000000800c434       0x3c ./USB_DEVICE/App/usbd_desc.o
                0x000000000800c434                USBD_HS_ProductStrDescriptor
 .text.USBD_HS_ManufacturerStrDescriptor
                0x000000000800c470       0x28 ./USB_DEVICE/App/usbd_desc.o
                0x000000000800c470                USBD_HS_ManufacturerStrDescriptor
 .text.USBD_HS_SerialStrDescriptor
                0x000000000800c498       0x24 ./USB_DEVICE/App/usbd_desc.o
                0x000000000800c498                USBD_HS_SerialStrDescriptor
 .text.USBD_HS_ConfigStrDescriptor
                0x000000000800c4bc       0x3c ./USB_DEVICE/App/usbd_desc.o
                0x000000000800c4bc                USBD_HS_ConfigStrDescriptor
 .text.USBD_HS_InterfaceStrDescriptor
                0x000000000800c4f8       0x3c ./USB_DEVICE/App/usbd_desc.o
                0x000000000800c4f8                USBD_HS_InterfaceStrDescriptor
 .text.USBD_HS_USR_BOSDescriptor
                0x000000000800c534       0x24 ./USB_DEVICE/App/usbd_desc.o
                0x000000000800c534                USBD_HS_USR_BOSDescriptor
 .text.Get_SerialNum
                0x000000000800c558       0x58 ./USB_DEVICE/App/usbd_desc.o
 .text.IntToUnicode
                0x000000000800c5b0       0x7e ./USB_DEVICE/App/usbd_desc.o
 *fill*         0x000000000800c62e        0x2 
 .text.HAL_PCD_MspInit
                0x000000000800c630       0xd0 ./USB_DEVICE/Target/usbd_conf.o
                0x000000000800c630                HAL_PCD_MspInit
 .text.HAL_PCD_SetupStageCallback
                0x000000000800c700       0x24 ./USB_DEVICE/Target/usbd_conf.o
                0x000000000800c700                HAL_PCD_SetupStageCallback
 .text.HAL_PCD_DataOutStageCallback
                0x000000000800c724       0x36 ./USB_DEVICE/Target/usbd_conf.o
                0x000000000800c724                HAL_PCD_DataOutStageCallback
 .text.HAL_PCD_DataInStageCallback
                0x000000000800c75a       0x34 ./USB_DEVICE/Target/usbd_conf.o
                0x000000000800c75a                HAL_PCD_DataInStageCallback
 .text.HAL_PCD_SOFCallback
                0x000000000800c78e       0x1c ./USB_DEVICE/Target/usbd_conf.o
                0x000000000800c78e                HAL_PCD_SOFCallback
 .text.HAL_PCD_ResetCallback
                0x000000000800c7aa       0x50 ./USB_DEVICE/Target/usbd_conf.o
                0x000000000800c7aa                HAL_PCD_ResetCallback
 *fill*         0x000000000800c7fa        0x2 
 .text.HAL_PCD_SuspendCallback
                0x000000000800c7fc       0x4c ./USB_DEVICE/Target/usbd_conf.o
                0x000000000800c7fc                HAL_PCD_SuspendCallback
 .text.HAL_PCD_ResumeCallback
                0x000000000800c848       0x1c ./USB_DEVICE/Target/usbd_conf.o
                0x000000000800c848                HAL_PCD_ResumeCallback
 .text.HAL_PCD_ISOOUTIncompleteCallback
                0x000000000800c864       0x24 ./USB_DEVICE/Target/usbd_conf.o
                0x000000000800c864                HAL_PCD_ISOOUTIncompleteCallback
 .text.HAL_PCD_ISOINIncompleteCallback
                0x000000000800c888       0x24 ./USB_DEVICE/Target/usbd_conf.o
                0x000000000800c888                HAL_PCD_ISOINIncompleteCallback
 .text.HAL_PCD_ConnectCallback
                0x000000000800c8ac       0x1c ./USB_DEVICE/Target/usbd_conf.o
                0x000000000800c8ac                HAL_PCD_ConnectCallback
 .text.HAL_PCD_DisconnectCallback
                0x000000000800c8c8       0x1c ./USB_DEVICE/Target/usbd_conf.o
                0x000000000800c8c8                HAL_PCD_DisconnectCallback
 .text.USBD_LL_Init
                0x000000000800c8e4       0xa4 ./USB_DEVICE/Target/usbd_conf.o
                0x000000000800c8e4                USBD_LL_Init
 .text.USBD_LL_Start
                0x000000000800c988       0x36 ./USB_DEVICE/Target/usbd_conf.o
                0x000000000800c988                USBD_LL_Start
 .text.USBD_LL_OpenEP
                0x000000000800c9be       0x4c ./USB_DEVICE/Target/usbd_conf.o
                0x000000000800c9be                USBD_LL_OpenEP
 .text.USBD_LL_CloseEP
                0x000000000800ca0a       0x3e ./USB_DEVICE/Target/usbd_conf.o
                0x000000000800ca0a                USBD_LL_CloseEP
 .text.USBD_LL_StallEP
                0x000000000800ca48       0x3e ./USB_DEVICE/Target/usbd_conf.o
                0x000000000800ca48                USBD_LL_StallEP
 .text.USBD_LL_ClearStallEP
                0x000000000800ca86       0x3e ./USB_DEVICE/Target/usbd_conf.o
                0x000000000800ca86                USBD_LL_ClearStallEP
 .text.USBD_LL_IsStallEP
                0x000000000800cac4       0x58 ./USB_DEVICE/Target/usbd_conf.o
                0x000000000800cac4                USBD_LL_IsStallEP
 .text.USBD_LL_SetUSBAddress
                0x000000000800cb1c       0x3e ./USB_DEVICE/Target/usbd_conf.o
                0x000000000800cb1c                USBD_LL_SetUSBAddress
 .text.USBD_LL_Transmit
                0x000000000800cb5a       0x42 ./USB_DEVICE/Target/usbd_conf.o
                0x000000000800cb5a                USBD_LL_Transmit
 .text.USBD_LL_PrepareReceive
                0x000000000800cb9c       0x42 ./USB_DEVICE/Target/usbd_conf.o
                0x000000000800cb9c                USBD_LL_PrepareReceive
 .text.USBD_LL_GetRxDataSize
                0x000000000800cbde       0x26 ./USB_DEVICE/Target/usbd_conf.o
                0x000000000800cbde                USBD_LL_GetRxDataSize
 .text.HAL_PCDEx_LPM_Callback
                0x000000000800cc04       0x9c ./USB_DEVICE/Target/usbd_conf.o
                0x000000000800cc04                HAL_PCDEx_LPM_Callback
 .text.SystemClockConfig_Resume
                0x000000000800cca0        0xc ./USB_DEVICE/Target/usbd_conf.o
 .text.USBD_Get_USB_Status
                0x000000000800ccac       0x58 ./USB_DEVICE/Target/usbd_conf.o
                0x000000000800ccac                USBD_Get_USB_Status
 .text.malloc   0x000000000800cd04       0x10 C:/ST/STM32CubeIDE_1.13.1/STM32CubeIDE/plugins/com.st.stm32cube.ide.mcu.externaltools.gnu-tools-for-stm32.11.3.rel1.win32_1.1.100.202309141235/tools/bin/../lib/gcc/arm-none-eabi/11.3.1/../../../../arm-none-eabi/lib/thumb/v7e-m+fp/hard\libc_nano.a(libc_a-malloc.o)
                0x000000000800cd04                malloc
 .text.free     0x000000000800cd14       0x10 C:/ST/STM32CubeIDE_1.13.1/STM32CubeIDE/plugins/com.st.stm32cube.ide.mcu.externaltools.gnu-tools-for-stm32.11.3.rel1.win32_1.1.100.202309141235/tools/bin/../lib/gcc/arm-none-eabi/11.3.1/../../../../arm-none-eabi/lib/thumb/v7e-m+fp/hard\libc_nano.a(libc_a-malloc.o)
                0x000000000800cd14                free
 .text.sbrk_aligned
                0x000000000800cd24       0x40 C:/ST/STM32CubeIDE_1.13.1/STM32CubeIDE/plugins/com.st.stm32cube.ide.mcu.externaltools.gnu-tools-for-stm32.11.3.rel1.win32_1.1.100.202309141235/tools/bin/../lib/gcc/arm-none-eabi/11.3.1/../../../../arm-none-eabi/lib/thumb/v7e-m+fp/hard\libc_nano.a(libc_a-mallocr.o)
 .text._malloc_r
                0x000000000800cd64      0x100 C:/ST/STM32CubeIDE_1.13.1/STM32CubeIDE/plugins/com.st.stm32cube.ide.mcu.externaltools.gnu-tools-for-stm32.11.3.rel1.win32_1.1.100.202309141235/tools/bin/../lib/gcc/arm-none-eabi/11.3.1/../../../../arm-none-eabi/lib/thumb/v7e-m+fp/hard\libc_nano.a(libc_a-mallocr.o)
                0x000000000800cd64                _malloc_r
 .text.__malloc_lock
                0x000000000800ce64        0xc C:/ST/STM32CubeIDE_1.13.1/STM32CubeIDE/plugins/com.st.stm32cube.ide.mcu.externaltools.gnu-tools-for-stm32.11.3.rel1.win32_1.1.100.202309141235/tools/bin/../lib/gcc/arm-none-eabi/11.3.1/../../../../arm-none-eabi/lib/thumb/v7e-m+fp/hard\libc_nano.a(libc_a-mlock.o)
                0x000000000800ce64                __malloc_lock
 .text.__malloc_unlock
                0x000000000800ce70        0xc C:/ST/STM32CubeIDE_1.13.1/STM32CubeIDE/plugins/com.st.stm32cube.ide.mcu.externaltools.gnu-tools-for-stm32.11.3.rel1.win32_1.1.100.202309141235/tools/bin/../lib/gcc/arm-none-eabi/11.3.1/../../../../arm-none-eabi/lib/thumb/v7e-m+fp/hard\libc_nano.a(libc_a-mlock.o)
                0x000000000800ce70                __malloc_unlock
 .text.memset   0x000000000800ce7c       0x10 C:/ST/STM32CubeIDE_1.13.1/STM32CubeIDE/plugins/com.st.stm32cube.ide.mcu.externaltools.gnu-tools-for-stm32.11.3.rel1.win32_1.1.100.202309141235/tools/bin/../lib/gcc/arm-none-eabi/11.3.1/../../../../arm-none-eabi/lib/thumb/v7e-m+fp/hard\libc_nano.a(libc_a-memset.o)
                0x000000000800ce7c                memset
 .text._sbrk_r  0x000000000800ce8c       0x20 C:/ST/STM32CubeIDE_1.13.1/STM32CubeIDE/plugins/com.st.stm32cube.ide.mcu.externaltools.gnu-tools-for-stm32.11.3.rel1.win32_1.1.100.202309141235/tools/bin/../lib/gcc/arm-none-eabi/11.3.1/../../../../arm-none-eabi/lib/thumb/v7e-m+fp/hard\libc_nano.a(libc_a-sbrkr.o)
                0x000000000800ce8c                _sbrk_r
 .text.__errno  0x000000000800ceac        0xc C:/ST/STM32CubeIDE_1.13.1/STM32CubeIDE/plugins/com.st.stm32cube.ide.mcu.externaltools.gnu-tools-for-stm32.11.3.rel1.win32_1.1.100.202309141235/tools/bin/../lib/gcc/arm-none-eabi/11.3.1/../../../../arm-none-eabi/lib/thumb/v7e-m+fp/hard\libc_nano.a(libc_a-errno.o)
                0x000000000800ceac                __errno
 .text.__libc_init_array
                0x000000000800ceb8       0x48 C:/ST/STM32CubeIDE_1.13.1/STM32CubeIDE/plugins/com.st.stm32cube.ide.mcu.externaltools.gnu-tools-for-stm32.11.3.rel1.win32_1.1.100.202309141235/tools/bin/../lib/gcc/arm-none-eabi/11.3.1/../../../../arm-none-eabi/lib/thumb/v7e-m+fp/hard\libc_nano.a(libc_a-init.o)
                0x000000000800ceb8                __libc_init_array
 .text.__retarget_lock_acquire_recursive
                0x000000000800cf00        0x2 C:/ST/STM32CubeIDE_1.13.1/STM32CubeIDE/plugins/com.st.stm32cube.ide.mcu.externaltools.gnu-tools-for-stm32.11.3.rel1.win32_1.1.100.202309141235/tools/bin/../lib/gcc/arm-none-eabi/11.3.1/../../../../arm-none-eabi/lib/thumb/v7e-m+fp/hard\libc_nano.a(libc_a-lock.o)
                0x000000000800cf00                __retarget_lock_acquire_recursive
 .text.__retarget_lock_release_recursive
                0x000000000800cf02        0x2 C:/ST/STM32CubeIDE_1.13.1/STM32CubeIDE/plugins/com.st.stm32cube.ide.mcu.externaltools.gnu-tools-for-stm32.11.3.rel1.win32_1.1.100.202309141235/tools/bin/../lib/gcc/arm-none-eabi/11.3.1/../../../../arm-none-eabi/lib/thumb/v7e-m+fp/hard\libc_nano.a(libc_a-lock.o)
                0x000000000800cf02                __retarget_lock_release_recursive
 .text._free_r  0x000000000800cf04       0x98 C:/ST/STM32CubeIDE_1.13.1/STM32CubeIDE/plugins/com.st.stm32cube.ide.mcu.externaltools.gnu-tools-for-stm32.11.3.rel1.win32_1.1.100.202309141235/tools/bin/../lib/gcc/arm-none-eabi/11.3.1/../../../../arm-none-eabi/lib/thumb/v7e-m+fp/hard\libc_nano.a(libc_a-freer.o)
                0x000000000800cf04                _free_r
 *(.glue_7)
 .glue_7        0x000000000800cf9c        0x0 linker stubs
 *(.glue_7t)
 .glue_7t       0x000000000800cf9c        0x0 linker stubs
 *(.eh_frame)
 .eh_frame      0x000000000800cf9c        0x0 C:/ST/STM32CubeIDE_1.13.1/STM32CubeIDE/plugins/com.st.stm32cube.ide.mcu.externaltools.gnu-tools-for-stm32.11.3.rel1.win32_1.1.100.202309141235/tools/bin/../lib/gcc/arm-none-eabi/11.3.1/thumb/v7e-m+fp/hard/crtbegin.o
 *(.init)
 .init          0x000000000800cf9c        0x4 C:/ST/STM32CubeIDE_1.13.1/STM32CubeIDE/plugins/com.st.stm32cube.ide.mcu.externaltools.gnu-tools-for-stm32.11.3.rel1.win32_1.1.100.202309141235/tools/bin/../lib/gcc/arm-none-eabi/11.3.1/thumb/v7e-m+fp/hard/crti.o
                0x000000000800cf9c                _init
 .init          0x000000000800cfa0        0x8 C:/ST/STM32CubeIDE_1.13.1/STM32CubeIDE/plugins/com.st.stm32cube.ide.mcu.externaltools.gnu-tools-for-stm32.11.3.rel1.win32_1.1.100.202309141235/tools/bin/../lib/gcc/arm-none-eabi/11.3.1/thumb/v7e-m+fp/hard/crtn.o
 *(.fini)
 .fini          0x000000000800cfa8        0x4 C:/ST/STM32CubeIDE_1.13.1/STM32CubeIDE/plugins/com.st.stm32cube.ide.mcu.externaltools.gnu-tools-for-stm32.11.3.rel1.win32_1.1.100.202309141235/tools/bin/../lib/gcc/arm-none-eabi/11.3.1/thumb/v7e-m+fp/hard/crti.o
                0x000000000800cfa8                _fini
 .fini          0x000000000800cfac        0x8 C:/ST/STM32CubeIDE_1.13.1/STM32CubeIDE/plugins/com.st.stm32cube.ide.mcu.externaltools.gnu-tools-for-stm32.11.3.rel1.win32_1.1.100.202309141235/tools/bin/../lib/gcc/arm-none-eabi/11.3.1/thumb/v7e-m+fp/hard/crtn.o
                0x000000000800cfb4                . = ALIGN (0x4)
                0x000000000800cfb4                _etext = .

.vfp11_veneer   0x000000000800cfb4        0x0
 .vfp11_veneer  0x000000000800cfb4        0x0 linker stubs

.v4_bx          0x000000000800cfb4        0x0
 .v4_bx         0x000000000800cfb4        0x0 linker stubs

.iplt           0x000000000800cfb4        0x0
 .iplt          0x000000000800cfb4        0x0 C:/ST/STM32CubeIDE_1.13.1/STM32CubeIDE/plugins/com.st.stm32cube.ide.mcu.externaltools.gnu-tools-for-stm32.11.3.rel1.win32_1.1.100.202309141235/tools/bin/../lib/gcc/arm-none-eabi/11.3.1/thumb/v7e-m+fp/hard/crtbegin.o

.rodata         0x000000000800cfb4     0xd49c
                0x000000000800cfb4                . = ALIGN (0x4)
 *(.rodata)
 .rodata        0x000000000800cfb4       0x26 ./Core/Src/main.o
 *fill*         0x000000000800cfda        0x2 
 .rodata        0x000000000800cfdc       0x46 ./USB_DEVICE/App/usbd_desc.o
 *(.rodata*)
 *fill*         0x000000000800d022        0x2 
 .rodata.AHBPrescTable
                0x000000000800d024       0x10 ./Core/Src/system_stm32f7xx.o
                0x000000000800d024                AHBPrescTable
 .rodata.APBPrescTable
                0x000000000800d034        0x8 ./Core/Src/system_stm32f7xx.o
                0x000000000800d034                APBPrescTable
 .rodata.font_32x53
                0x000000000800d03c     0xd400 ./Core/Src/ugui.o
                0x000000000800d03c                font_32x53
 .rodata.FONT_32X53
                0x000000000801a43c       0x14 ./Core/Src/ugui.o
                0x000000000801a43c                FONT_32X53
                0x000000000801a450                . = ALIGN (0x4)

.ARM.extab      0x000000000801a450        0x0
                0x000000000801a450                . = ALIGN (0x4)
 *(.ARM.extab* .gnu.linkonce.armextab.*)
                0x000000000801a450                . = ALIGN (0x4)

.ARM            0x000000000801a450        0x8
                0x000000000801a450                . = ALIGN (0x4)
                0x000000000801a450                __exidx_start = .
 *(.ARM.exidx*)
 .ARM.exidx     0x000000000801a450        0x8 C:/ST/STM32CubeIDE_1.13.1/STM32CubeIDE/plugins/com.st.stm32cube.ide.mcu.externaltools.gnu-tools-for-stm32.11.3.rel1.win32_1.1.100.202309141235/tools/bin/../lib/gcc/arm-none-eabi/11.3.1/thumb/v7e-m+fp/hard\libgcc.a(_udivmoddi4.o)
                0x000000000801a458                __exidx_end = .
                0x000000000801a458                . = ALIGN (0x4)

.rel.dyn        0x000000000801a458        0x0
 .rel.iplt      0x000000000801a458        0x0 C:/ST/STM32CubeIDE_1.13.1/STM32CubeIDE/plugins/com.st.stm32cube.ide.mcu.externaltools.gnu-tools-for-stm32.11.3.rel1.win32_1.1.100.202309141235/tools/bin/../lib/gcc/arm-none-eabi/11.3.1/thumb/v7e-m+fp/hard/crtbegin.o

.preinit_array  0x000000000801a458        0x0
                0x000000000801a458                . = ALIGN (0x4)
                0x000000000801a458                PROVIDE (__preinit_array_start = .)
 *(.preinit_array*)
                0x000000000801a458                PROVIDE (__preinit_array_end = .)
                0x000000000801a458                . = ALIGN (0x4)

.init_array     0x000000000801a458        0x4
                0x000000000801a458                . = ALIGN (0x4)
                0x000000000801a458                PROVIDE (__init_array_start = .)
 *(SORT_BY_NAME(.init_array.*))
 *(.init_array*)
 .init_array    0x000000000801a458        0x4 C:/ST/STM32CubeIDE_1.13.1/STM32CubeIDE/plugins/com.st.stm32cube.ide.mcu.externaltools.gnu-tools-for-stm32.11.3.rel1.win32_1.1.100.202309141235/tools/bin/../lib/gcc/arm-none-eabi/11.3.1/thumb/v7e-m+fp/hard/crtbegin.o
                0x000000000801a45c                PROVIDE (__init_array_end = .)
                0x000000000801a45c                . = ALIGN (0x4)

.fini_array     0x000000000801a45c        0x4
                0x000000000801a45c                . = ALIGN (0x4)
                [!provide]                        PROVIDE (__fini_array_start = .)
 *(SORT_BY_NAME(.fini_array.*))
 *(.fini_array*)
 .fini_array    0x000000000801a45c        0x4 C:/ST/STM32CubeIDE_1.13.1/STM32CubeIDE/plugins/com.st.stm32cube.ide.mcu.externaltools.gnu-tools-for-stm32.11.3.rel1.win32_1.1.100.202309141235/tools/bin/../lib/gcc/arm-none-eabi/11.3.1/thumb/v7e-m+fp/hard/crtbegin.o
                [!provide]                        PROVIDE (__fini_array_end = .)
                0x000000000801a460                . = ALIGN (0x4)
                0x000000000801a460                _sidata = LOADADDR (.data)

.data           0x0000000020000000      0x160 load address 0x000000000801a460
                0x0000000020000000                . = ALIGN (0x4)
                0x0000000020000000                _sdata = .
 *(.data)
 *(.data*)
 .data.shutdown_flags
                0x0000000020000000        0x1 ./Core/Src/can_manager.o
                0x0000000020000000                shutdown_flags
 *fill*         0x0000000020000001        0x3 
 .data.SystemCoreClock
                0x0000000020000004        0x4 ./Core/Src/system_stm32f7xx.o
                0x0000000020000004                SystemCoreClock
 .data.uwTickPrio
                0x0000000020000008        0x4 ./Drivers/STM32F7xx_HAL_Driver/Src/stm32f7xx_hal.o
                0x0000000020000008                uwTickPrio
 .data.uwTickFreq
                0x000000002000000c        0x1 ./Drivers/STM32F7xx_HAL_Driver/Src/stm32f7xx_hal.o
                0x000000002000000c                uwTickFreq
 *fill*         0x000000002000000d        0x3 
 .data.USBD_CDC_DeviceQualifierDesc
                0x0000000020000010        0xa ./Middlewares/ST/STM32_USB_Device_Library/Class/CDC/Src/usbd_cdc.o
 *fill*         0x000000002000001a        0x2 
 .data.USBD_CDC
                0x000000002000001c       0x38 ./Middlewares/ST/STM32_USB_Device_Library/Class/CDC/Src/usbd_cdc.o
                0x000000002000001c                USBD_CDC
 .data.USBD_CDC_CfgDesc
                0x0000000020000054       0x43 ./Middlewares/ST/STM32_USB_Device_Library/Class/CDC/Src/usbd_cdc.o
 .data.CDCInEpAdd
                0x0000000020000097        0x1 ./Middlewares/ST/STM32_USB_Device_Library/Class/CDC/Src/usbd_cdc.o
 .data.CDCOutEpAdd
                0x0000000020000098        0x1 ./Middlewares/ST/STM32_USB_Device_Library/Class/CDC/Src/usbd_cdc.o
 .data.CDCCmdEpAdd
                0x0000000020000099        0x1 ./Middlewares/ST/STM32_USB_Device_Library/Class/CDC/Src/usbd_cdc.o
 *fill*         0x000000002000009a        0x2 
 .data.USBD_Interface_fops_HS
                0x000000002000009c       0x14 ./USB_DEVICE/App/usbd_cdc_if.o
                0x000000002000009c                USBD_Interface_fops_HS
 .data.HS_Desc  0x00000000200000b0       0x20 ./USB_DEVICE/App/usbd_desc.o
                0x00000000200000b0                HS_Desc
 .data.USBD_HS_DeviceDesc
                0x00000000200000d0       0x12 ./USB_DEVICE/App/usbd_desc.o
                0x00000000200000d0                USBD_HS_DeviceDesc
 *fill*         0x00000000200000e2        0x2 
 .data.USBD_HS_BOSDesc
                0x00000000200000e4        0xc ./USB_DEVICE/App/usbd_desc.o
                0x00000000200000e4                USBD_HS_BOSDesc
 .data.USBD_LangIDDesc
                0x00000000200000f0        0x4 ./USB_DEVICE/App/usbd_desc.o
                0x00000000200000f0                USBD_LangIDDesc
 .data.USBD_StringSerial
                0x00000000200000f4       0x1a ./USB_DEVICE/App/usbd_desc.o
                0x00000000200000f4                USBD_StringSerial
 *fill*         0x000000002000010e        0x2 
 .data._impure_data
                0x0000000020000110       0x4c C:/ST/STM32CubeIDE_1.13.1/STM32CubeIDE/plugins/com.st.stm32cube.ide.mcu.externaltools.gnu-tools-for-stm32.11.3.rel1.win32_1.1.100.202309141235/tools/bin/../lib/gcc/arm-none-eabi/11.3.1/../../../../arm-none-eabi/lib/thumb/v7e-m+fp/hard\libc_nano.a(libc_a-impure.o)
                0x0000000020000110                _impure_data
 .data._impure_ptr
                0x000000002000015c        0x4 C:/ST/STM32CubeIDE_1.13.1/STM32CubeIDE/plugins/com.st.stm32cube.ide.mcu.externaltools.gnu-tools-for-stm32.11.3.rel1.win32_1.1.100.202309141235/tools/bin/../lib/gcc/arm-none-eabi/11.3.1/../../../../arm-none-eabi/lib/thumb/v7e-m+fp/hard\libc_nano.a(libc_a-impure.o)
                0x000000002000015c                _impure_ptr
 *(.RamFunc)
 *(.RamFunc*)
                0x0000000020000160                . = ALIGN (0x4)
                0x0000000020000160                _edata = .

.igot.plt       0x0000000020000160        0x0 load address 0x000000000801a5c0
 .igot.plt      0x0000000020000160        0x0 C:/ST/STM32CubeIDE_1.13.1/STM32CubeIDE/plugins/com.st.stm32cube.ide.mcu.externaltools.gnu-tools-for-stm32.11.3.rel1.win32_1.1.100.202309141235/tools/bin/../lib/gcc/arm-none-eabi/11.3.1/thumb/v7e-m+fp/hard/crtbegin.o
                0x0000000020000160                . = ALIGN (0x4)

.bss            0x0000000020000160     0x1f94 load address 0x000000000801a5c0
                0x0000000020000160                _sbss = .
                0x0000000020000160                __bss_start__ = _sbss
 *(.bss)
 .bss           0x0000000020000160       0x1c C:/ST/STM32CubeIDE_1.13.1/STM32CubeIDE/plugins/com.st.stm32cube.ide.mcu.externaltools.gnu-tools-for-stm32.11.3.rel1.win32_1.1.100.202309141235/tools/bin/../lib/gcc/arm-none-eabi/11.3.1/thumb/v7e-m+fp/hard/crtbegin.o
 *(.bss*)
 .bss.mc_lockout
                0x000000002000017c        0x1 ./Core/Src/can_manager.o
                0x000000002000017c                mc_lockout
 .bss.mc_enabled
                0x000000002000017d        0x1 ./Core/Src/can_manager.o
                0x000000002000017d                mc_enabled
 .bss.capacitor_volt
                0x000000002000017e        0x2 ./Core/Src/can_manager.o
                0x000000002000017e                capacitor_volt
 .bss.PACK_TEMP
                0x0000000020000180        0x1 ./Core/Src/can_manager.o
                0x0000000020000180                PACK_TEMP
 .bss.mc_fault  0x0000000020000181        0x1 ./Core/Src/can_manager.o
                0x0000000020000181                mc_fault
 .bss.front_right_wheel_speed
                0x0000000020000182        0x2 ./Core/Src/can_manager.o
                0x0000000020000182                front_right_wheel_speed
 .bss.front_left_wheel_speed
                0x0000000020000184        0x2 ./Core/Src/can_manager.o
                0x0000000020000184                front_left_wheel_speed
 .bss.back_right_wheel_speed
                0x0000000020000186        0x2 ./Core/Src/can_manager.o
                0x0000000020000186                back_right_wheel_speed
 .bss.back_left_wheel_speed
                0x0000000020000188        0x2 ./Core/Src/can_manager.o
                0x0000000020000188                back_left_wheel_speed
 *fill*         0x000000002000018a        0x2 
 .bss.gui1963   0x000000002000018c       0x84 ./Core/Src/frucd_display.o
                0x000000002000018c                gui1963
 .bss.hadc1     0x0000000020000210       0x48 ./Core/Src/main.o
                0x0000000020000210                hadc1
 .bss.hadc3     0x0000000020000258       0x48 ./Core/Src/main.o
                0x0000000020000258                hadc3
 .bss.hcan1     0x00000000200002a0       0x28 ./Core/Src/main.o
                0x00000000200002a0                hcan1
 .bss.hcan2     0x00000000200002c8       0x28 ./Core/Src/main.o
                0x00000000200002c8                hcan2
 .bss.hsd1      0x00000000200002f0       0x84 ./Core/Src/main.o
                0x00000000200002f0                hsd1
 .bss.htim2     0x0000000020000374       0x4c ./Core/Src/main.o
                0x0000000020000374                htim2
 .bss.htim4     0x00000000200003c0       0x4c ./Core/Src/main.o
                0x00000000200003c0                htim4
 .bss.huart4    0x000000002000040c       0x88 ./Core/Src/main.o
                0x000000002000040c                huart4
 .bss.huart7    0x0000000020000494       0x88 ./Core/Src/main.o
                0x0000000020000494                huart7
 .bss.hsram1    0x000000002000051c       0x4c ./Core/Src/main.o
                0x000000002000051c                hsram1
 .bss.RxHeader  0x0000000020000568       0x1c ./Core/Src/main.o
                0x0000000020000568                RxHeader
 .bss.RxData    0x0000000020000584        0x8 ./Core/Src/main.o
                0x0000000020000584                RxData
 .bss.throttle1
                0x000000002000058c        0xa ./Core/Src/sensors.o
                0x000000002000058c                throttle1
 *fill*         0x0000000020000596        0x2 
 .bss.throttle2
                0x0000000020000598        0xa ./Core/Src/sensors.o
                0x0000000020000598                throttle2
 *fill*         0x00000000200005a2        0x2 
 .bss.brake     0x00000000200005a4        0xa ./Core/Src/sensors.o
                0x00000000200005a4                brake
 *fill*         0x00000000200005ae        0x2 
 .bss.HAL_RCC_CAN1_CLK_ENABLED
                0x00000000200005b0        0x4 ./Core/Src/stm32f7xx_hal_msp.o
 .bss.FMC_Initialized
                0x00000000200005b4        0x4 ./Core/Src/stm32f7xx_hal_msp.o
 .bss.__sbrk_heap_end
                0x00000000200005b8        0x4 ./Core/Src/sysmem.o
 .bss.gui       0x00000000200005bc        0x4 ./Core/Src/ugui.o
 .bss.uwTick    0x00000000200005c0        0x4 ./Drivers/STM32F7xx_HAL_Driver/Src/stm32f7xx_hal.o
                0x00000000200005c0                uwTick
 .bss.cfgidx.0  0x00000000200005c4        0x1 ./Middlewares/ST/STM32_USB_Device_Library/Core/Src/usbd_ctlreq.o
 *fill*         0x00000000200005c5        0x3 
 .bss.hUsbDeviceHS
                0x00000000200005c8      0x2dc ./USB_DEVICE/App/usb_device.o
                0x00000000200005c8                hUsbDeviceHS
 .bss.UserRxBufferHS
                0x00000000200008a4      0x800 ./USB_DEVICE/App/usbd_cdc_if.o
                0x00000000200008a4                UserRxBufferHS
 .bss.UserTxBufferHS
                0x00000000200010a4      0x800 ./USB_DEVICE/App/usbd_cdc_if.o
                0x00000000200010a4                UserTxBufferHS
 .bss.USBD_StrDesc
                0x00000000200018a4      0x200 ./USB_DEVICE/App/usbd_desc.o
                0x00000000200018a4                USBD_StrDesc
 .bss.hpcd_USB_OTG_HS
                0x0000000020001aa4      0x508 ./USB_DEVICE/Target/usbd_conf.o
                0x0000000020001aa4                hpcd_USB_OTG_HS
 .bss.__malloc_free_list
                0x0000000020001fac        0x4 C:/ST/STM32CubeIDE_1.13.1/STM32CubeIDE/plugins/com.st.stm32cube.ide.mcu.externaltools.gnu-tools-for-stm32.11.3.rel1.win32_1.1.100.202309141235/tools/bin/../lib/gcc/arm-none-eabi/11.3.1/../../../../arm-none-eabi/lib/thumb/v7e-m+fp/hard\libc_nano.a(libc_a-mallocr.o)
                0x0000000020001fac                __malloc_free_list
 .bss.__malloc_sbrk_start
                0x0000000020001fb0        0x4 C:/ST/STM32CubeIDE_1.13.1/STM32CubeIDE/plugins/com.st.stm32cube.ide.mcu.externaltools.gnu-tools-for-stm32.11.3.rel1.win32_1.1.100.202309141235/tools/bin/../lib/gcc/arm-none-eabi/11.3.1/../../../../arm-none-eabi/lib/thumb/v7e-m+fp/hard\libc_nano.a(libc_a-mallocr.o)
                0x0000000020001fb0                __malloc_sbrk_start
 .bss.__sf      0x0000000020001fb4      0x138 C:/ST/STM32CubeIDE_1.13.1/STM32CubeIDE/plugins/com.st.stm32cube.ide.mcu.externaltools.gnu-tools-for-stm32.11.3.rel1.win32_1.1.100.202309141235/tools/bin/../lib/gcc/arm-none-eabi/11.3.1/../../../../arm-none-eabi/lib/thumb/v7e-m+fp/hard\libc_nano.a(libc_a-findfp.o)
                0x0000000020001fb4                __sf
 .bss.errno     0x00000000200020ec        0x4 C:/ST/STM32CubeIDE_1.13.1/STM32CubeIDE/plugins/com.st.stm32cube.ide.mcu.externaltools.gnu-tools-for-stm32.11.3.rel1.win32_1.1.100.202309141235/tools/bin/../lib/gcc/arm-none-eabi/11.3.1/../../../../arm-none-eabi/lib/thumb/v7e-m+fp/hard\libc_nano.a(libc_a-reent.o)
                0x00000000200020ec                errno
 .bss.__lock___malloc_recursive_mutex
                0x00000000200020f0        0x1 C:/ST/STM32CubeIDE_1.13.1/STM32CubeIDE/plugins/com.st.stm32cube.ide.mcu.externaltools.gnu-tools-for-stm32.11.3.rel1.win32_1.1.100.202309141235/tools/bin/../lib/gcc/arm-none-eabi/11.3.1/../../../../arm-none-eabi/lib/thumb/v7e-m+fp/hard\libc_nano.a(libc_a-lock.o)
                0x00000000200020f0                __lock___malloc_recursive_mutex
 *(COMMON)
                0x00000000200020f4                . = ALIGN (0x4)
 *fill*         0x00000000200020f1        0x3 
                0x00000000200020f4                _ebss = .
                0x00000000200020f4                __bss_end__ = _ebss

._user_heap_stack
                0x00000000200020f4      0x604 load address 0x000000000801a5c0
                0x00000000200020f8                . = ALIGN (0x8)
 *fill*         0x00000000200020f4        0x4 
                [!provide]                        PROVIDE (end = .)
                0x00000000200020f8                PROVIDE (_end = .)
                0x00000000200022f8                . = (. + _Min_Heap_Size)
 *fill*         0x00000000200020f8      0x200 
                0x00000000200026f8                . = (. + _Min_Stack_Size)
 *fill*         0x00000000200022f8      0x400 
                0x00000000200026f8                . = ALIGN (0x8)

/DISCARD/
 libc.a(*)
 libm.a(*)
 libgcc.a(*)

.ARM.attributes
                0x0000000000000000       0x30
 *(.ARM.attributes)
 .ARM.attributes
                0x0000000000000000       0x1e C:/ST/STM32CubeIDE_1.13.1/STM32CubeIDE/plugins/com.st.stm32cube.ide.mcu.externaltools.gnu-tools-for-stm32.11.3.rel1.win32_1.1.100.202309141235/tools/bin/../lib/gcc/arm-none-eabi/11.3.1/thumb/v7e-m+fp/hard/crti.o
 .ARM.attributes
                0x000000000000001e       0x34 C:/ST/STM32CubeIDE_1.13.1/STM32CubeIDE/plugins/com.st.stm32cube.ide.mcu.externaltools.gnu-tools-for-stm32.11.3.rel1.win32_1.1.100.202309141235/tools/bin/../lib/gcc/arm-none-eabi/11.3.1/thumb/v7e-m+fp/hard/crtbegin.o
 .ARM.attributes
                0x0000000000000052       0x34 ./Core/Src/can_manager.o
 .ARM.attributes