Archive member included to satisfy reference by file (symbol)

C:/ST/STM32CubeIDE_1.13.1/STM32CubeIDE/plugins/com.st.stm32cube.ide.mcu.externaltools.gnu-tools-for-stm32.11.3.rel1.win32_1.1.100.202309141235/tools/bin/../lib/gcc/arm-none-eabi/11.3.1/../../../../arm-none-eabi/lib/thumb/v7e-m+fp/hard\libc_nano.a(libc_a-exit.o)
                              C:/ST/STM32CubeIDE_1.13.1/STM32CubeIDE/plugins/com.st.stm32cube.ide.mcu.externaltools.gnu-tools-for-stm32.11.3.rel1.win32_1.1.100.202309141235/tools/bin/../lib/gcc/arm-none-eabi/11.3.1/../../../../arm-none-eabi/lib/thumb/v7e-m+fp/hard/crt0.o (exit)
C:/ST/STM32CubeIDE_1.13.1/STM32CubeIDE/plugins/com.st.stm32cube.ide.mcu.externaltools.gnu-tools-for-stm32.11.3.rel1.win32_1.1.100.202309141235/tools/bin/../lib/gcc/arm-none-eabi/11.3.1/../../../../arm-none-eabi/lib/thumb/v7e-m+fp/hard\libc_nano.a(libc_a-findfp.o)
                              C:/ST/STM32CubeIDE_1.13.1/STM32CubeIDE/plugins/com.st.stm32cube.ide.mcu.externaltools.gnu-tools-for-stm32.11.3.rel1.win32_1.1.100.202309141235/tools/bin/../lib/gcc/arm-none-eabi/11.3.1/../../../../arm-none-eabi/lib/thumb/v7e-m+fp/hard\libc_nano.a(libc_a-exit.o) (__stdio_exit_handler)
C:/ST/STM32CubeIDE_1.13.1/STM32CubeIDE/plugins/com.st.stm32cube.ide.mcu.externaltools.gnu-tools-for-stm32.11.3.rel1.win32_1.1.100.202309141235/tools/bin/../lib/gcc/arm-none-eabi/11.3.1/../../../../arm-none-eabi/lib/thumb/v7e-m+fp/hard\libc_nano.a(libc_a-fwalk.o)
                              C:/ST/STM32CubeIDE_1.13.1/STM32CubeIDE/plugins/com.st.stm32cube.ide.mcu.externaltools.gnu-tools-for-stm32.11.3.rel1.win32_1.1.100.202309141235/tools/bin/../lib/gcc/arm-none-eabi/11.3.1/../../../../arm-none-eabi/lib/thumb/v7e-m+fp/hard\libc_nano.a(libc_a-findfp.o) (_fwalk_sglue)
C:/ST/STM32CubeIDE_1.13.1/STM32CubeIDE/plugins/com.st.stm32cube.ide.mcu.externaltools.gnu-tools-for-stm32.11.3.rel1.win32_1.1.100.202309141235/tools/bin/../lib/gcc/arm-none-eabi/11.3.1/../../../../arm-none-eabi/lib/thumb/v7e-m+fp/hard\libc_nano.a(libc_a-sprintf.o)
                              ./Core/Src/frucd_display.o (sprintf)
C:/ST/STM32CubeIDE_1.13.1/STM32CubeIDE/plugins/com.st.stm32cube.ide.mcu.externaltools.gnu-tools-for-stm32.11.3.rel1.win32_1.1.100.202309141235/tools/bin/../lib/gcc/arm-none-eabi/11.3.1/../../../../arm-none-eabi/lib/thumb/v7e-m+fp/hard\libc_nano.a(libc_a-stdio.o)
                              C:/ST/STM32CubeIDE_1.13.1/STM32CubeIDE/plugins/com.st.stm32cube.ide.mcu.externaltools.gnu-tools-for-stm32.11.3.rel1.win32_1.1.100.202309141235/tools/bin/../lib/gcc/arm-none-eabi/11.3.1/../../../../arm-none-eabi/lib/thumb/v7e-m+fp/hard\libc_nano.a(libc_a-findfp.o) (__sread)
C:/ST/STM32CubeIDE_1.13.1/STM32CubeIDE/plugins/com.st.stm32cube.ide.mcu.externaltools.gnu-tools-for-stm32.11.3.rel1.win32_1.1.100.202309141235/tools/bin/../lib/gcc/arm-none-eabi/11.3.1/../../../../arm-none-eabi/lib/thumb/v7e-m+fp/hard\libc_nano.a(libc_a-memset.o)
                              C:/ST/STM32CubeIDE_1.13.1/STM32CubeIDE/plugins/com.st.stm32cube.ide.mcu.externaltools.gnu-tools-for-stm32.11.3.rel1.win32_1.1.100.202309141235/tools/bin/../lib/gcc/arm-none-eabi/11.3.1/../../../../arm-none-eabi/lib/thumb/v7e-m+fp/hard/crt0.o (memset)
C:/ST/STM32CubeIDE_1.13.1/STM32CubeIDE/plugins/com.st.stm32cube.ide.mcu.externaltools.gnu-tools-for-stm32.11.3.rel1.win32_1.1.100.202309141235/tools/bin/../lib/gcc/arm-none-eabi/11.3.1/../../../../arm-none-eabi/lib/thumb/v7e-m+fp/hard\libc_nano.a(libc_a-closer.o)
                              C:/ST/STM32CubeIDE_1.13.1/STM32CubeIDE/plugins/com.st.stm32cube.ide.mcu.externaltools.gnu-tools-for-stm32.11.3.rel1.win32_1.1.100.202309141235/tools/bin/../lib/gcc/arm-none-eabi/11.3.1/../../../../arm-none-eabi/lib/thumb/v7e-m+fp/hard\libc_nano.a(libc_a-stdio.o) (_close_r)
C:/ST/STM32CubeIDE_1.13.1/STM32CubeIDE/plugins/com.st.stm32cube.ide.mcu.externaltools.gnu-tools-for-stm32.11.3.rel1.win32_1.1.100.202309141235/tools/bin/../lib/gcc/arm-none-eabi/11.3.1/../../../../arm-none-eabi/lib/thumb/v7e-m+fp/hard\libc_nano.a(libc_a-reent.o)
                              C:/ST/STM32CubeIDE_1.13.1/STM32CubeIDE/plugins/com.st.stm32cube.ide.mcu.externaltools.gnu-tools-for-stm32.11.3.rel1.win32_1.1.100.202309141235/tools/bin/../lib/gcc/arm-none-eabi/11.3.1/../../../../arm-none-eabi/lib/thumb/v7e-m+fp/hard\libc_nano.a(libc_a-closer.o) (errno)
C:/ST/STM32CubeIDE_1.13.1/STM32CubeIDE/plugins/com.st.stm32cube.ide.mcu.externaltools.gnu-tools-for-stm32.11.3.rel1.win32_1.1.100.202309141235/tools/bin/../lib/gcc/arm-none-eabi/11.3.1/../../../../arm-none-eabi/lib/thumb/v7e-m+fp/hard\libc_nano.a(libc_a-impure.o)
                              C:/ST/STM32CubeIDE_1.13.1/STM32CubeIDE/plugins/com.st.stm32cube.ide.mcu.externaltools.gnu-tools-for-stm32.11.3.rel1.win32_1.1.100.202309141235/tools/bin/../lib/gcc/arm-none-eabi/11.3.1/../../../../arm-none-eabi/lib/thumb/v7e-m+fp/hard\libc_nano.a(libc_a-sprintf.o) (_impure_ptr)
[...]
Memory Configuration

Name             Origin             Length             Attributes
RAM              0x0000000020000000 0x0000000000050000 xrw
FLASH            0x0000000008000000 0x0000000000100000 xr
*default*        0x0000000000000000 0xffffffffffffffff

Linker script and memory map

LOAD C:/ST/STM32CubeIDE_1.13.1/STM32CubeIDE/plugins/com.st.stm32cube.ide.mcu.externaltools.gnu-tools-for-stm32.11.3.rel1.win32_1.1.100.202309141235/tools/bin/../lib/gcc/arm-none-eabi/11.3.1/thumb/v7e-m+fp/hard/crti.o
LOAD C:/ST/STM32CubeIDE_1.13.1/STM32CubeIDE/plugins/com.st.stm32cube.ide.mcu.externaltools.gnu-tools-for-stm32.11.3.rel1.win32_1.1.100.202309141235/tools/bin/../lib/gcc/arm-none-eabi/11.3.1/thumb/v7e-m+fp/hard/crtbegin.o
LOAD C:/ST/STM32CubeIDE_1.13.1/STM32CubeIDE/plugins/com.st.stm32cube.ide.mcu.externaltools.gnu-tools-for-stm32.11.3.rel1.win32_1.1.100.202309141235/tools/bin/../lib/gcc/arm-none-eabi/11.3.1/../../../../arm-none-eabi/lib/thumb/v7e-m+fp/hard/crt0.o
LOAD ./Core/Src/frucd_display.o
LOAD ./Core/Src/main.o
LOAD ./Core/Src/stm32f7xx_hal_msp.o
LOAD ./Core/Src/stm32f7xx_it.o
LOAD ./Core/Src/syscalls.o
LOAD ./Core/Src/sysmem.o
LOAD ./Core/Src/system_stm32f7xx.o
LOAD ./Core/Src/ugui.o
LOAD ./Core/Src/ugui_SSD1963.o
LOAD ./Core/Startup/startup_stm32f746zgtx.o
LOAD ./Drivers/STM32F7xx_HAL_Driver/Src/stm32f7xx_hal.o
LOAD ./Drivers/STM32F7xx_HAL_Driver/Src/stm32f7xx_hal_cortex.o
LOAD ./Drivers/STM32F7xx_HAL_Driver/Src/stm32f7xx_hal_dma.o
LOAD ./Drivers/STM32F7xx_HAL_Driver/Src/stm32f7xx_hal_dma_ex.o
LOAD ./Drivers/STM32F7xx_HAL_Driver/Src/stm32f7xx_hal_exti.o
LOAD ./Drivers/STM32F7xx_HAL_Driver/Src/stm32f7xx_hal_flash.o
LOAD ./Drivers/STM32F7xx_HAL_Driver/Src/stm32f7xx_hal_flash_ex.o
LOAD ./Drivers/STM32F7xx_HAL_Driver/Src/stm32f7xx_hal_gpio.o
LOAD ./Drivers/STM32F7xx_HAL_Driver/Src/stm32f7xx_hal_i2c.o
LOAD ./Drivers/STM32F7xx_HAL_Driver/Src/stm32f7xx_hal_i2c_ex.o
LOAD ./Drivers/STM32F7xx_HAL_Driver/Src/stm32f7xx_hal_pwr.o
LOAD ./Drivers/STM32F7xx_HAL_Driver/Src/stm32f7xx_hal_pwr_ex.o
LOAD ./Drivers/STM32F7xx_HAL_Driver/Src/stm32f7xx_hal_rcc.o
LOAD ./Drivers/STM32F7xx_HAL_Driver/Src/stm32f7xx_hal_rcc_ex.o
LOAD ./Drivers/STM32F7xx_HAL_Driver/Src/stm32f7xx_hal_sram.o
LOAD ./Drivers/STM32F7xx_HAL_Driver/Src/stm32f7xx_hal_tim.o
LOAD ./Drivers/STM32F7xx_HAL_Driver/Src/stm32f7xx_hal_tim_ex.o
LOAD ./Drivers/STM32F7xx_HAL_Driver/Src/stm32f7xx_ll_fmc.o
START GROUP
LOAD C:/ST/STM32CubeIDE_1.13.1/STM32CubeIDE/plugins/com.st.stm32cube.ide.mcu.externaltools.gnu-tools-for-stm32.11.3.rel1.win32_1.1.100.202309141235/tools/bin/../lib/gcc/arm-none-eabi/11.3.1/../../../../arm-none-eabi/lib/thumb/v7e-m+fp/hard\libc_nano.a
LOAD C:/ST/STM32CubeIDE_1.13.1/STM32CubeIDE/plugins/com.st.stm32cube.ide.mcu.externaltools.gnu-tools-for-stm32.11.3.rel1.win32_1.1.100.202309141235/tools/bin/../lib/gcc/arm-none-eabi/11.3.1/../../../../arm-none-eabi/lib/thumb/v7e-m+fp/hard\libm.a
END GROUP
START GROUP
LOAD C:/ST/STM32CubeIDE_1.13.1/STM32CubeIDE/plugins/com.st.stm32cube.ide.mcu.externaltools.gnu-tools-for-stm32.11.3.rel1.win32_1.1.100.202309141235/tools/bin/../lib/gcc/arm-none-eabi/11.3.1/thumb/v7e-m+fp/hard\libgcc.a
LOAD C:/ST/STM32CubeIDE_1.13.1/STM32CubeIDE/plugins/com.st.stm32cube.ide.mcu.externaltools.gnu-tools-for-stm32.11.3.rel1.win32_1.1.100.202309141235/tools/bin/../lib/gcc/arm-none-eabi/11.3.1/../../../../arm-none-eabi/lib/thumb/v7e-m+fp/hard\libc_nano.a
END GROUP
START GROUP
LOAD C:/ST/STM32CubeIDE_1.13.1/STM32CubeIDE/plugins/com.st.stm32cube.ide.mcu.externaltools.gnu-tools-for-stm32.11.3.rel1.win32_1.1.100.202309141235/tools/bin/../lib/gcc/arm-none-eabi/11.3.1/thumb/v7e-m+fp/hard\libgcc.a
LOAD C:/ST/STM32CubeIDE_1.13.1/STM32CubeIDE/plugins/com.st.stm32cube.ide.mcu.externaltools.gnu-tools-for-stm32.11.3.rel1.win32_1.1.100.202309141235/tools/bin/../lib/gcc/arm-none-eabi/11.3.1/../../../../arm-none-eabi/lib/thumb/v7e-m+fp/hard\libc_nano.a
LOAD C:/ST/STM32CubeIDE_1.13.1/STM32CubeIDE/plugins/com.st.stm32cube.ide.mcu.externaltools.gnu-tools-for-stm32.11.3.rel1.win32_1.1.100.202309141235/tools/bin/../lib/gcc/arm-none-eabi/11.3.1/../../../../arm-none-eabi/lib/thumb/v7e-m+fp/hard\libnosys.a
END GROUP
START GROUP
LOAD C:/ST/STM32CubeIDE_1.13.1/STM32CubeIDE/plugins/com.st.stm32cube.ide.mcu.externaltools.gnu-tools-for-stm32.11.3.rel1.win32_1.1.100.202309141235/tools/bin/../lib/gcc/arm-none-eabi/11.3.1/thumb/v7e-m+fp/hard\libgcc.a
LOAD C:/ST/STM32CubeIDE_1.13.1/STM32CubeIDE/plugins/com.st.stm32cube.ide.mcu.externaltools.gnu-tools-for-stm32.11.3.rel1.win32_1.1.100.202309141235/tools/bin/../lib/gcc/arm-none-eabi/11.3.1/../../../../arm-none-eabi/lib/thumb/v7e-m+fp/hard\libc_nano.a
LOAD C:/ST/STM32CubeIDE_1.13.1/STM32CubeIDE/plugins/com.st.stm32cube.ide.mcu.externaltools.gnu-tools-for-stm32.11.3.rel1.win32_1.1.100.202309141235/tools/bin/../lib/gcc/arm-none-eabi/11.3.1/../../../../arm-none-eabi/lib/thumb/v7e-m+fp/hard\libnosys.a
END GROUP
LOAD C:/ST/STM32CubeIDE_1.13.1/STM32CubeIDE/plugins/com.st.stm32cube.ide.mcu.externaltools.gnu-tools-for-stm32.11.3.rel1.win32_1.1.100.202309141235/tools/bin/../lib/gcc/arm-none-eabi/11.3.1/thumb/v7e-m+fp/hard/crtend.o
LOAD C:/ST/STM32CubeIDE_1.13.1/STM32CubeIDE/plugins/com.st.stm32cube.ide.mcu.externaltools.gnu-tools-for-stm32.11.3.rel1.win32_1.1.100.202309141235/tools/bin/../lib/gcc/arm-none-eabi/11.3.1/thumb/v7e-m+fp/hard/crtn.o
                0x0000000020050000                _estack = (ORIGIN (RAM) + LENGTH (RAM))
                0x0000000000000200                _Min_Heap_Size = 0x200
                0x0000000000000400                _Min_Stack_Size = 0x400

.isr_vector     0x0000000008000000      0x1c8
                0x0000000008000000                . = ALIGN (0x4)
 *(.isr_vector)
 .isr_vector    0x0000000008000000      0x1c8 ./Core/Startup/startup_stm32f746zgtx.o
                0x0000000008000000                g_pfnVectors
                0x00000000080001c8                . = ALIGN (0x4)

.text           0x00000000080001c8     0x2c10
                0x00000000080001c8                . = ALIGN (0x4)
 *(.text)
 .text          0x00000000080001c8       0x40 C:/ST/STM32CubeIDE_1.13.1/STM32CubeIDE/plugins/com.st.stm32cube.ide.mcu.externaltools.gnu-tools-for-stm32.11.3.rel1.win32_1.1.100.202309141235/tools/bin/../lib/gcc/arm-none-eabi/11.3.1/thumb/v7e-m+fp/hard/crtbegin.o
 .text          0x0000000008000208       0x30 C:/ST/STM32CubeIDE_1.13.1/STM32CubeIDE/plugins/com.st.stm32cube.ide.mcu.externaltools.gnu-tools-for-stm32.11.3.rel1.win32_1.1.100.202309141235/tools/bin/../lib/gcc/arm-none-eabi/11.3.1/thumb/v7e-m+fp/hard\libgcc.a(_aeabi_uldivmod.o)
                0x0000000008000208                __aeabi_uldivmod
 .text          0x0000000008000238      0x2c8 C:/ST/STM32CubeIDE_1.13.1/STM32CubeIDE/plugins/com.st.stm32cube.ide.mcu.externaltools.gnu-tools-for-stm32.11.3.rel1.win32_1.1.100.202309141235/tools/bin/../lib/gcc/arm-none-eabi/11.3.1/thumb/v7e-m+fp/hard\libgcc.a(_udivmoddi4.o)
                0x0000000008000238                __udivmoddi4
 .text          0x0000000008000500        0x4 C:/ST/STM32CubeIDE_1.13.1/STM32CubeIDE/plugins/com.st.stm32cube.ide.mcu.externaltools.gnu-tools-for-stm32.11.3.rel1.win32_1.1.100.202309141235/tools/bin/../lib/gcc/arm-none-eabi/11.3.1/thumb/v7e-m+fp/hard\libgcc.a(_dvmd_tls.o)
                0x0000000008000500                __aeabi_idiv0
                0x0000000008000500                __aeabi_ldiv0
 *(.text*)
 .text.Display_Init
                0x0000000008000504       0x54 ./Core/Src/frucd_display.o
                0x0000000008000504                Display_Init
 .text.Display_CalibrateScreen
                0x0000000008000558       0x58 ./Core/Src/frucd_display.o
                0x0000000008000558                Display_CalibrateScreen
 .text.main     0x00000000080005b0       0x84 ./Core/Src/main.o
                0x00000000080005b0                main
 .text.SystemClock_Config
                0x0000000008000634       0xdc ./Core/Src/main.o
                0x0000000008000634                SystemClock_Config
 .text.MX_FMC_Init
                0x0000000008000710       0xc4 ./Core/Src/main.o
 .text.MX_GPIO_Init
                0x00000000080007d4       0xa8 ./Core/Src/main.o
 .text.Error_Handler
                0x000000000800087c        0xa ./Core/Src/main.o
                0x000000000800087c                Error_Handler
 *fill*         0x0000000008000886        0x2 
 .text.HAL_MspInit
                0x0000000008000888       0x48 ./Core/Src/stm32f7xx_hal_msp.o
                0x0000000008000888                HAL_MspInit
 .text.HAL_FMC_MspInit
                0x00000000080008d0       0xdc ./Core/Src/stm32f7xx_hal_msp.o
 .text.HAL_SRAM_MspInit
                0x00000000080009ac       0x14 ./Core/Src/stm32f7xx_hal_msp.o
                0x00000000080009ac                HAL_SRAM_MspInit
 .text.NMI_Handler
                0x00000000080009c0        0x6 ./Core/Src/stm32f7xx_it.o
                0x00000000080009c0                NMI_Handler
 .text.HardFault_Handler
                0x00000000080009c6        0x6 ./Core/Src/stm32f7xx_it.o
                0x00000000080009c6                HardFault_Handler
 .text.MemManage_Handler
                0x00000000080009cc        0x6 ./Core/Src/stm32f7xx_it.o
                0x00000000080009cc                MemManage_Handler
 .text.BusFault_Handler
                0x00000000080009d2        0x6 ./Core/Src/stm32f7xx_it.o
                0x00000000080009d2                BusFault_Handler
 .text.UsageFault_Handler
                0x00000000080009d8        0x6 ./Core/Src/stm32f7xx_it.o
                0x00000000080009d8                UsageFault_Handler
 .text.SVC_Handler
                0x00000000080009de        0xe ./Core/Src/stm32f7xx_it.o
                0x00000000080009de                SVC_Handler
 .text.DebugMon_Handler
                0x00000000080009ec        0xe ./Core/Src/stm32f7xx_it.o
                0x00000000080009ec                DebugMon_Handler
 .text.PendSV_Handler
                0x00000000080009fa        0xe ./Core/Src/stm32f7xx_it.o
                0x00000000080009fa                PendSV_Handler
 .text.SysTick_Handler
                0x0000000008000a08        0xc ./Core/Src/stm32f7xx_it.o
                0x0000000008000a08                SysTick_Handler
 .text.SystemInit
                0x0000000008000a14       0x24 ./Core/Src/system_stm32f7xx.o
                0x0000000008000a14                SystemInit
 .text.UG_Init  0x0000000008000a38      0x12c ./Core/Src/ugui.o
                0x0000000008000a38                UG_Init
 .text.UG_FontSelect
                0x0000000008000b64       0x2c ./Core/Src/ugui.o
                0x0000000008000b64                UG_FontSelect
 .text.UG_FillScreen
                0x0000000008000b90       0x44 ./Core/Src/ugui.o
                0x0000000008000b90                UG_FillScreen
 .text.UG_FillFrame
                0x0000000008000bd4       0xe0 ./Core/Src/ugui.o
                0x0000000008000bd4                UG_FillFrame
 .text.UG_PutString
                0x0000000008000cb4      0x10c ./Core/Src/ugui.o
                0x0000000008000cb4                UG_PutString
 .text.UG_PutColorString
                0x0000000008000dc0      0x108 ./Core/Src/ugui.o
                0x0000000008000dc0                UG_PutColorString
 .text.UG_PutChar
                0x0000000008000ec8       0x48 ./Core/Src/ugui.o
                0x0000000008000ec8                UG_PutChar
 .text.UG_SetForecolor
                0x0000000008000f10       0x24 ./Core/Src/ugui.o
                0x0000000008000f10                UG_SetForecolor
 .text.UG_SetBackcolor
                0x0000000008000f34       0x24 ./Core/Src/ugui.o
                0x0000000008000f34                UG_SetBackcolor
 .text.UG_FontSetHSpace
                0x0000000008000f58       0x28 ./Core/Src/ugui.o
                0x0000000008000f58                UG_FontSetHSpace
 .text.UG_FontSetVSpace
                0x0000000008000f80       0x28 ./Core/Src/ugui.o
                0x0000000008000f80                UG_FontSetVSpace
 .text._UG_PutChar
                0x0000000008000fa8      0x530 ./Core/Src/ugui.o
                0x0000000008000fa8                _UG_PutChar
 .text.UG_DriverRegister
                0x00000000080014d8       0x44 ./Core/Src/ugui.o
                0x00000000080014d8                UG_DriverRegister
 .text.SSD1963_Reset
                0x000000000800151c       0x14 ./Core/Src/ugui_SSD1963.o
                0x000000000800151c                SSD1963_Reset
 .text.SSD1963_Init
                0x0000000008001530      0x130 ./Core/Src/ugui_SSD1963.o
                0x0000000008001530                SSD1963_Init
 .text.SSD1963_WindowSet
                0x0000000008001660       0x92 ./Core/Src/ugui_SSD1963.o
                0x0000000008001660                SSD1963_WindowSet
 .text.SSD1963_PSet
                0x00000000080016f2       0x62 ./Core/Src/ugui_SSD1963.o
                0x00000000080016f2                SSD1963_PSet
 .text.SSD1963_WriteMemoryStart
                0x0000000008001754        0xe ./Core/Src/ugui_SSD1963.o
                0x0000000008001754                SSD1963_WriteMemoryStart
 .text.SSD1963_ConsecutivePSet
                0x0000000008001762       0x1a ./Core/Src/ugui_SSD1963.o
                0x0000000008001762                SSD1963_ConsecutivePSet
 .text.HW_FillFrame
                0x000000000800177c       0xca ./Core/Src/ugui_SSD1963.o
                0x000000000800177c                HW_FillFrame
 .text.HW_DrawLine
                0x0000000008001846       0xb4 ./Core/Src/ugui_SSD1963.o
                0x0000000008001846                HW_DrawLine
 .text.HW_DrawImage
                0x00000000080018fa       0xa8 ./Core/Src/ugui_SSD1963.o
                0x00000000080018fa                HW_DrawImage
 .text.write_command
                0x00000000080019a2       0x34 ./Core/Src/ugui_SSD1963.o
                0x00000000080019a2                write_command
 *fill*         0x00000000080019d6        0x2 
 .text.write_data
                0x00000000080019d8       0x34 ./Core/Src/ugui_SSD1963.o
                0x00000000080019d8                write_data
 .text.write_multi_data
                0x0000000008001a0c       0x5c ./Core/Src/ugui_SSD1963.o
                0x0000000008001a0c                write_multi_data
 .text.Reset_Handler
                0x0000000008001a68       0x50 ./Core/Startup/startup_stm32f746zgtx.o
                0x0000000008001a68                Reset_Handler
 .text.Default_Handler
                0x0000000008001ab8        0x2 ./Core/Startup/startup_stm32f746zgtx.o
                0x0000000008001ab8                RTC_Alarm_IRQHandler
                0x0000000008001ab8                EXTI2_IRQHandler
                0x0000000008001ab8                TIM8_CC_IRQHandler
                0x0000000008001ab8                UART8_IRQHandler
                0x0000000008001ab8                SPI4_IRQHandler
                0x0000000008001ab8                TIM1_CC_IRQHandler
                0x0000000008001ab8                DMA2_Stream5_IRQHandler
                0x0000000008001ab8                DMA1_Stream5_IRQHandler
                0x0000000008001ab8                PVD_IRQHandler
                0x0000000008001ab8                TAMP_STAMP_IRQHandler
                0x0000000008001ab8                CAN2_RX1_IRQHandler
                0x0000000008001ab8                EXTI3_IRQHandler
                0x0000000008001ab8                TIM8_TRG_COM_TIM14_IRQHandler
                0x0000000008001ab8                TIM1_UP_TIM10_IRQHandler
                0x0000000008001ab8                TIM8_UP_TIM13_IRQHandler
                0x0000000008001ab8                I2C3_ER_IRQHandler
                0x0000000008001ab8                EXTI0_IRQHandler
                0x0000000008001ab8                I2C2_EV_IRQHandler
                0x0000000008001ab8                DMA1_Stream2_IRQHandler
                0x0000000008001ab8                CAN1_RX0_IRQHandler
                0x0000000008001ab8                FPU_IRQHandler
                0x0000000008001ab8                OTG_HS_WKUP_IRQHandler
                0x0000000008001ab8                LTDC_ER_IRQHandler
                0x0000000008001ab8                CAN2_SCE_IRQHandler
                0x0000000008001ab8                DMA2_Stream2_IRQHandler
                0x0000000008001ab8                SPI1_IRQHandler
                0x0000000008001ab8                TIM6_DAC_IRQHandler
                0x0000000008001ab8                TIM1_BRK_TIM9_IRQHandler
                0x0000000008001ab8                DCMI_IRQHandler
                0x0000000008001ab8                CAN2_RX0_IRQHandler
                0x0000000008001ab8                DMA2_Stream3_IRQHandler
                0x0000000008001ab8                SAI2_IRQHandler
                0x0000000008001ab8                USART6_IRQHandler
                0x0000000008001ab8                USART3_IRQHandler
                0x0000000008001ab8                CAN1_RX1_IRQHandler
                0x0000000008001ab8                UART5_IRQHandler
                0x0000000008001ab8                DMA2_Stream0_IRQHandler
                0x0000000008001ab8                TIM4_IRQHandler
                0x0000000008001ab8                QUADSPI_IRQHandler
                0x0000000008001ab8                I2C1_EV_IRQHandler
                0x0000000008001ab8                DMA1_Stream6_IRQHandler
                0x0000000008001ab8                DMA1_Stream1_IRQHandler
                0x0000000008001ab8                UART4_IRQHandler
                0x0000000008001ab8                TIM3_IRQHandler
                0x0000000008001ab8                RCC_IRQHandler
                0x0000000008001ab8                TIM8_BRK_TIM12_IRQHandler
                0x0000000008001ab8                Default_Handler
                0x0000000008001ab8                CEC_IRQHandler
                0x0000000008001ab8                EXTI15_10_IRQHandler
                0x0000000008001ab8                ADC_IRQHandler
                0x0000000008001ab8                DMA1_Stream7_IRQHandler
                0x0000000008001ab8                SPI5_IRQHandler
                0x0000000008001ab8                TIM7_IRQHandler
                0x0000000008001ab8                SDMMC1_IRQHandler
                0x0000000008001ab8                CAN2_TX_IRQHandler
                0x0000000008001ab8                TIM5_IRQHandler
                0x0000000008001ab8                DMA2_Stream7_IRQHandler
                0x0000000008001ab8                I2C3_EV_IRQHandler
                0x0000000008001ab8                EXTI9_5_IRQHandler
                0x0000000008001ab8                RTC_WKUP_IRQHandler
                0x0000000008001ab8                LTDC_IRQHandler
                0x0000000008001ab8                ETH_WKUP_IRQHandler
                0x0000000008001ab8                SPDIF_RX_IRQHandler
                0x0000000008001ab8                SPI2_IRQHandler
                0x0000000008001ab8                OTG_HS_EP1_IN_IRQHandler
                0x0000000008001ab8                DMA1_Stream0_IRQHandler
                0x0000000008001ab8                CAN1_TX_IRQHandler
                0x0000000008001ab8                EXTI4_IRQHandler
                0x0000000008001ab8                RNG_IRQHandler
                0x0000000008001ab8                ETH_IRQHandler
                0x0000000008001ab8                OTG_HS_EP1_OUT_IRQHandler
                0x0000000008001ab8                WWDG_IRQHandler
                0x0000000008001ab8                SPI6_IRQHandler
                0x0000000008001ab8                I2C4_EV_IRQHandler
                0x0000000008001ab8                TIM2_IRQHandler
                0x0000000008001ab8                OTG_FS_WKUP_IRQHandler
                0x0000000008001ab8                TIM1_TRG_COM_TIM11_IRQHandler
                0x0000000008001ab8                OTG_HS_IRQHandler
                0x0000000008001ab8                DMA2D_IRQHandler
                0x0000000008001ab8                EXTI1_IRQHandler
                0x0000000008001ab8                UART7_IRQHandler
                0x0000000008001ab8                USART2_IRQHandler
                0x0000000008001ab8                I2C2_ER_IRQHandler
                0x0000000008001ab8                DMA2_Stream1_IRQHandler
                0x0000000008001ab8                CAN1_SCE_IRQHandler
                0x0000000008001ab8                FLASH_IRQHandler
                0x0000000008001ab8                DMA2_Stream4_IRQHandler
                0x0000000008001ab8                USART1_IRQHandler
                0x0000000008001ab8                OTG_FS_IRQHandler
                0x0000000008001ab8                SPI3_IRQHandler
                0x0000000008001ab8                DMA1_Stream4_IRQHandler
                0x0000000008001ab8                I2C1_ER_IRQHandler
                0x0000000008001ab8                FMC_IRQHandler
                0x0000000008001ab8                LPTIM1_IRQHandler
                0x0000000008001ab8                I2C4_ER_IRQHandler
                0x0000000008001ab8                DMA2_Stream6_IRQHandler
                0x0000000008001ab8                SAI1_IRQHandler
                0x0000000008001ab8                DMA1_Stream3_IRQHandler
 .text.HAL_Init
                0x0000000008001aba       0x1a ./Drivers/STM32F7xx_HAL_Driver/Src/stm32f7xx_hal.o
                0x0000000008001aba                HAL_Init
 .text.HAL_InitTick
                0x0000000008001ad4       0x60 ./Drivers/STM32F7xx_HAL_Driver/Src/stm32f7xx_hal.o
                0x0000000008001ad4                HAL_InitTick
 .text.HAL_IncTick
                0x0000000008001b34       0x28 ./Drivers/STM32F7xx_HAL_Driver/Src/stm32f7xx_hal.o
                0x0000000008001b34                HAL_IncTick
 .text.HAL_GetTick
                0x0000000008001b5c       0x18 ./Drivers/STM32F7xx_HAL_Driver/Src/stm32f7xx_hal.o
                0x0000000008001b5c                HAL_GetTick
 .text.HAL_Delay
                0x0000000008001b74       0x48 ./Drivers/STM32F7xx_HAL_Driver/Src/stm32f7xx_hal.o
                0x0000000008001b74                HAL_Delay
 .text.__NVIC_SetPriorityGrouping
                0x0000000008001bbc       0x48 ./Drivers/STM32F7xx_HAL_Driver/Src/stm32f7xx_hal_cortex.o
 .text.__NVIC_GetPriorityGrouping
                0x0000000008001c04       0x1c ./Drivers/STM32F7xx_HAL_Driver/Src/stm32f7xx_hal_cortex.o
 .text.__NVIC_SetPriority
                0x0000000008001c20       0x54 ./Drivers/STM32F7xx_HAL_Driver/Src/stm32f7xx_hal_cortex.o
 .text.NVIC_EncodePriority
                0x0000000008001c74       0x66 ./Drivers/STM32F7xx_HAL_Driver/Src/stm32f7xx_hal_cortex.o
 *fill*         0x0000000008001cda        0x2 
 .text.SysTick_Config
                0x0000000008001cdc       0x44 ./Drivers/STM32F7xx_HAL_Driver/Src/stm32f7xx_hal_cortex.o
 .text.HAL_NVIC_SetPriorityGrouping
                0x0000000008001d20       0x16 ./Drivers/STM32F7xx_HAL_Driver/Src/stm32f7xx_hal_cortex.o
                0x0000000008001d20                HAL_NVIC_SetPriorityGrouping
 .text.HAL_NVIC_SetPriority
                0x0000000008001d36       0x38 ./Drivers/STM32F7xx_HAL_Driver/Src/stm32f7xx_hal_cortex.o
                0x0000000008001d36                HAL_NVIC_SetPriority
 .text.HAL_SYSTICK_Config
                0x0000000008001d6e       0x18 ./Drivers/STM32F7xx_HAL_Driver/Src/stm32f7xx_hal_cortex.o
                0x0000000008001d6e                HAL_SYSTICK_Config
 *fill*         0x0000000008001d86        0x2 
 .text.HAL_GPIO_Init
                0x0000000008001d88      0x358 ./Drivers/STM32F7xx_HAL_Driver/Src/stm32f7xx_hal_gpio.o
                0x0000000008001d88                HAL_GPIO_Init
 .text.HAL_PWREx_EnableOverDrive
                0x00000000080020e0       0xa0 ./Drivers/STM32F7xx_HAL_Driver/Src/stm32f7xx_hal_pwr_ex.o
                0x00000000080020e0                HAL_PWREx_EnableOverDrive
 .text.HAL_RCC_OscConfig
                0x0000000008002180      0x548 ./Drivers/STM32F7xx_HAL_Driver/Src/stm32f7xx_hal_rcc.o
                0x0000000008002180                HAL_RCC_OscConfig
 .text.HAL_RCC_ClockConfig
                0x00000000080026c8      0x1d8 ./Drivers/STM32F7xx_HAL_Driver/Src/stm32f7xx_hal_rcc.o
                0x00000000080026c8                HAL_RCC_ClockConfig
 .text.HAL_RCC_GetSysClockFreq
                0x00000000080028a0      0x208 ./Drivers/STM32F7xx_HAL_Driver/Src/stm32f7xx_hal_rcc.o
                0x00000000080028a0                HAL_RCC_GetSysClockFreq
 .text.HAL_SRAM_Init
                0x0000000008002aa8       0x90 ./Drivers/STM32F7xx_HAL_Driver/Src/stm32f7xx_hal_sram.o
                0x0000000008002aa8                HAL_SRAM_Init
 .text.FMC_NORSRAM_Init
                0x0000000008002b38      0x120 ./Drivers/STM32F7xx_HAL_Driver/Src/stm32f7xx_ll_fmc.o
                0x0000000008002b38                FMC_NORSRAM_Init
 .text.FMC_NORSRAM_Timing_Init
                0x0000000008002c58       0xa0 ./Drivers/STM32F7xx_HAL_Driver/Src/stm32f7xx_ll_fmc.o
                0x0000000008002c58                FMC_NORSRAM_Timing_Init
 .text.FMC_NORSRAM_Extended_Timing_Init
                0x0000000008002cf8       0x70 ./Drivers/STM32F7xx_HAL_Driver/Src/stm32f7xx_ll_fmc.o
                0x0000000008002cf8                FMC_NORSRAM_Extended_Timing_Init
 .text.memset   0x0000000008002d68       0x10 C:/ST/STM32CubeIDE_1.13.1/STM32CubeIDE/plugins/com.st.stm32cube.ide.mcu.externaltools.gnu-tools-for-stm32.11.3.rel1.win32_1.1.100.202309141235/tools/bin/../lib/gcc/arm-none-eabi/11.3.1/../../../../arm-none-eabi/lib/thumb/v7e-m+fp/hard\libc_nano.a(libc_a-memset.o)
                0x0000000008002d68                memset
 .text.__libc_init_array
                0x0000000008002d78       0x48 C:/ST/STM32CubeIDE_1.13.1/STM32CubeIDE/plugins/com.st.stm32cube.ide.mcu.externaltools.gnu-tools-for-stm32.11.3.rel1.win32_1.1.100.202309141235/tools/bin/../lib/gcc/arm-none-eabi/11.3.1/../../../../arm-none-eabi/lib/thumb/v7e-m+fp/hard\libc_nano.a(libc_a-init.o)
                0x0000000008002d78                __libc_init_array
 *(.glue_7)
 .glue_7        0x0000000008002dc0        0x0 linker stubs
 *(.glue_7t)
 .glue_7t       0x0000000008002dc0        0x0 linker stubs
 *(.eh_frame)
 .eh_frame      0x0000000008002dc0        0x0 C:/ST/STM32CubeIDE_1.13.1/STM32CubeIDE/plugins/com.st.stm32cube.ide.mcu.externaltools.gnu-tools-for-stm32.11.3.rel1.win32_1.1.100.202309141235/tools/bin/../lib/gcc/arm-none-eabi/11.3.1/thumb/v7e-m+fp/hard/crtbegin.o
 *(.init)
 .init          0x0000000008002dc0        0x4 C:/ST/STM32CubeIDE_1.13.1/STM32CubeIDE/plugins/com.st.stm32cube.ide.mcu.externaltools.gnu-tools-for-stm32.11.3.rel1.win32_1.1.100.202309141235/tools/bin/../lib/gcc/arm-none-eabi/11.3.1/thumb/v7e-m+fp/hard/crti.o
                0x0000000008002dc0                _init
 .init          0x0000000008002dc4        0x8 C:/ST/STM32CubeIDE_1.13.1/STM32CubeIDE/plugins/com.st.stm32cube.ide.mcu.externaltools.gnu-tools-for-stm32.11.3.rel1.win32_1.1.100.202309141235/tools/bin/../lib/gcc/arm-none-eabi/11.3.1/thumb/v7e-m+fp/hard/crtn.o
 *(.fini)
 .fini          0x0000000008002dcc        0x4 C:/ST/STM32CubeIDE_1.13.1/STM32CubeIDE/plugins/com.st.stm32cube.ide.mcu.externaltools.gnu-tools-for-stm32.11.3.rel1.win32_1.1.100.202309141235/tools/bin/../lib/gcc/arm-none-eabi/11.3.1/thumb/v7e-m+fp/hard/crti.o
                0x0000000008002dcc                _fini
 .fini          0x0000000008002dd0        0x8 C:/ST/STM32CubeIDE_1.13.1/STM32CubeIDE/plugins/com.st.stm32cube.ide.mcu.externaltools.gnu-tools-for-stm32.11.3.rel1.win32_1.1.100.202309141235/tools/bin/../lib/gcc/arm-none-eabi/11.3.1/thumb/v7e-m+fp/hard/crtn.o
                0x0000000008002dd8                . = ALIGN (0x4)
                0x0000000008002dd8                _etext = .

.vfp11_veneer   0x0000000008002dd8        0x0
 .vfp11_veneer  0x0000000008002dd8        0x0 linker stubs

.v4_bx          0x0000000008002dd8        0x0
 .v4_bx         0x0000000008002dd8        0x0 linker stubs

.iplt           0x0000000008002dd8        0x0
 .iplt          0x0000000008002dd8        0x0 C:/ST/STM32CubeIDE_1.13.1/STM32CubeIDE/plugins/com.st.stm32cube.ide.mcu.externaltools.gnu-tools-for-stm32.11.3.rel1.win32_1.1.100.202309141235/tools/bin/../lib/gcc/arm-none-eabi/11.3.1/thumb/v7e-m+fp/hard/crtbegin.o

.rodata         0x0000000008002dd8     0xd44c
                0x0000000008002dd8                . = ALIGN (0x4)
 *(.rodata)
 .rodata        0x0000000008002dd8       0x26 ./Core/Src/main.o
 *(.rodata*)
 *fill*         0x0000000008002dfe        0x2 
 .rodata.AHBPrescTable
                0x0000000008002e00       0x10 ./Core/Src/system_stm32f7xx.o
                0x0000000008002e00                AHBPrescTable
 .rodata.font_32x53
                0x0000000008002e10     0xd400 ./Core/Src/ugui.o
                0x0000000008002e10                font_32x53
 .rodata.FONT_32X53
                0x0000000008010210       0x14 ./Core/Src/ugui.o
                0x0000000008010210                FONT_32X53
                0x0000000008010224                . = ALIGN (0x4)

.ARM.extab      0x0000000008010224        0x0
                0x0000000008010224                . = ALIGN (0x4)
 *(.ARM.extab* .gnu.linkonce.armextab.*)
                0x0000000008010224                . = ALIGN (0x4)

.ARM            0x0000000008010224        0x8
                0x0000000008010224                . = ALIGN (0x4)
                0x0000000008010224                __exidx_start = .
 *(.ARM.exidx*)
 .ARM.exidx     0x0000000008010224        0x8 C:/ST/STM32CubeIDE_1.13.1/STM32CubeIDE/plugins/com.st.stm32cube.ide.mcu.externaltools.gnu-tools-for-stm32.11.3.rel1.win32_1.1.100.202309141235/tools/bin/../lib/gcc/arm-none-eabi/11.3.1/thumb/v7e-m+fp/hard\libgcc.a(_udivmoddi4.o)
                0x000000000801022c                __exidx_end = .
                0x000000000801022c                . = ALIGN (0x4)

.rel.dyn        0x000000000801022c        0x0
 .rel.iplt      0x000000000801022c        0x0 C:/ST/STM32CubeIDE_1.13.1/STM32CubeIDE/plugins/com.st.stm32cube.ide.mcu.externaltools.gnu-tools-for-stm32.11.3.rel1.win32_1.1.100.202309141235/tools/bin/../lib/gcc/arm-none-eabi/11.3.1/thumb/v7e-m+fp/hard/crtbegin.o

.preinit_array  0x000000000801022c        0x0
                0x000000000801022c                . = ALIGN (0x4)
                0x000000000801022c                PROVIDE (__preinit_array_start = .)
 *(.preinit_array*)
                0x000000000801022c                PROVIDE (__preinit_array_end = .)
                0x000000000801022c                . = ALIGN (0x4)

.init_array     0x000000000801022c        0x4
                0x000000000801022c                . = ALIGN (0x4)
                0x000000000801022c                PROVIDE (__init_array_start = .)
 *(SORT_BY_NAME(.init_array.*))
 *(.init_array*)
 .init_array    0x000000000801022c        0x4 C:/ST/STM32CubeIDE_1.13.1/STM32CubeIDE/plugins/com.st.stm32cube.ide.mcu.externaltools.gnu-tools-for-stm32.11.3.rel1.win32_1.1.100.202309141235/tools/bin/../lib/gcc/arm-none-eabi/11.3.1/thumb/v7e-m+fp/hard/crtbegin.o
                0x0000000008010230                PROVIDE (__init_array_end = .)
                0x0000000008010230                . = ALIGN (0x4)

.fini_array     0x0000000008010230        0x4
                0x0000000008010230                . = ALIGN (0x4)
                [!provide]                        PROVIDE (__fini_array_start = .)
 *(SORT_BY_NAME(.fini_array.*))
 *(.fini_array*)
 .fini_array    0x0000000008010230        0x4 C:/ST/STM32CubeIDE_1.13.1/STM32CubeIDE/plugins/com.st.stm32cube.ide.mcu.externaltools.gnu-tools-for-stm32.11.3.rel1.win32_1.1.100.202309141235/tools/bin/../lib/gcc/arm-none-eabi/11.3.1/thumb/v7e-m+fp/hard/crtbegin.o
                [!provide]                        PROVIDE (__fini_array_end = .)
                0x0000000008010234                . = ALIGN (0x4)
                0x0000000008010234                _sidata = LOADADDR (.data)

.data           0x0000000020000000        0xc load address 0x0000000008010234
                0x0000000020000000                . = ALIGN (0x4)
                0x0000000020000000                _sdata = .
 *(.data)
 *(.data*)
 .data.SystemCoreClock
                0x0000000020000000        0x4 ./Core/Src/system_stm32f7xx.o
                0x0000000020000000                SystemCoreClock
 .data.uwTickPrio
                0x0000000020000004        0x4 ./Drivers/STM32F7xx_HAL_Driver/Src/stm32f7xx_hal.o
                0x0000000020000004                uwTickPrio
 .data.uwTickFreq
                0x0000000020000008        0x1 ./Drivers/STM32F7xx_HAL_Driver/Src/stm32f7xx_hal.o
                0x0000000020000008                uwTickFreq
 *(.RamFunc)
 *(.RamFunc*)
                0x000000002000000c                . = ALIGN (0x4)
 *fill*         0x0000000020000009        0x3 
                0x000000002000000c                _edata = .

.igot.plt       0x000000002000000c        0x0 load address 0x0000000008010240
 .igot.plt      0x000000002000000c        0x0 C:/ST/STM32CubeIDE_1.13.1/STM32CubeIDE/plugins/com.st.stm32cube.ide.mcu.externaltools.gnu-tools-for-stm32.11.3.rel1.win32_1.1.100.202309141235/tools/bin/../lib/gcc/arm-none-eabi/11.3.1/thumb/v7e-m+fp/hard/crtbegin.o
                0x000000002000000c                . = ALIGN (0x4)

.bss            0x000000002000000c       0xf8 load address 0x0000000008010240
                0x000000002000000c                _sbss = .
                0x000000002000000c                __bss_start__ = _sbss
 *(.bss)
 .bss           0x000000002000000c       0x1c C:/ST/STM32CubeIDE_1.13.1/STM32CubeIDE/plugins/com.st.stm32cube.ide.mcu.externaltools.gnu-tools-for-stm32.11.3.rel1.win32_1.1.100.202309141235/tools/bin/../lib/gcc/arm-none-eabi/11.3.1/thumb/v7e-m+fp/hard/crtbegin.o
 *(.bss*)
 .bss.gui1963   0x0000000020000028       0x84 ./Core/Src/frucd_display.o
                0x0000000020000028                gui1963
 .bss.hsram1    0x00000000200000ac       0x4c ./Core/Src/main.o
                0x00000000200000ac                hsram1
 .bss.FMC_Initialized
                0x00000000200000f8        0x4 ./Core/Src/stm32f7xx_hal_msp.o
 .bss.gui       0x00000000200000fc        0x4 ./Core/Src/ugui.o
 .bss.uwTick    0x0000000020000100        0x4 ./Drivers/STM32F7xx_HAL_Driver/Src/stm32f7xx_hal.o
                0x0000000020000100                uwTick
 *(COMMON)
                0x0000000020000104                . = ALIGN (0x4)
                0x0000000020000104                _ebss = .
                0x0000000020000104                __bss_end__ = _ebss

._user_heap_stack
                0x0000000020000104      0x604 load address 0x0000000008010240
                0x0000000020000108                . = ALIGN (0x8)
 *fill*         0x0000000020000104        0x4 
                [!provide]                        PROVIDE (end = .)
                0x0000000020000108                PROVIDE (_end = .)
                0x0000000020000308                . = (. + _Min_Heap_Size)
 *fill*         0x0000000020000108      0x200 
                0x0000000020000708                . = (. + _Min_Stack_Size)
 *fill*         0x0000000020000308      0x400 
                0x0000000020000708                . = ALIGN (0x8)

/DISCARD/
 libc.a(*)
 libm.a(*)
 libgcc.a(*)

.ARM.attributes
                0x0000000000000000       0x30
 *(.ARM.attributes)
 .ARM.attributes
                0x0000000000000000       0x1e C:/ST/STM32CubeIDE_1.13.1/STM32CubeIDE/plugins/com.st.stm32cube.ide.mcu.externaltools.gnu-tools-for-stm32.11.3.rel1.win32_1.1.100.202309141235/tools/bin/../lib/gcc/arm-none-eabi/11.3.1/thumb/v7e-m+fp/hard/crti.o
 .ARM.attributes
                0x000000000000001e       0x34 C:/ST/STM32CubeIDE_1.13.1/STM32CubeIDE/plugins/com.st.stm32cube.ide.mcu.externaltools.gnu-tools-for-stm32.11.3.rel1.win32_1.1.100.202309141235/tools/bin/../lib/gcc/arm-none-eabi/11.3.1/thumb/v7e-m+fp/hard/crtbegin.o
 .ARM.attributes
                0x0000000000000052       0x34 ./Core/Src/frucd_display.o
 .ARM.attributes
                0x0000000000000086       0x34 ./Core/Src/main.o
 .ARM.attributes
                0x00000000000000ba       0x34 ./Core/Src/stm32f7xx_hal_msp.o
 .ARM.attributes
                0x00000000000000ee       0x34 ./Core/Src/stm32f7xx_it.o
 .ARM.attributes
                0x0000000000000122       0x34 ./Core/Src/system_stm32f7xx.o
 .ARM.attributes
                0x0000000000000156       0x34 ./Core/Src/ugui.o
 .ARM.attributes
                0x000000000000018a       0x34 ./Core/Src/ugui_SSD1963.o
 .ARM.attributes
                0x00000000000001be       0x21 ./Core/Startup/startup_stm32f746zgtx.o
 .ARM.attributes
                0x00000000000001df       0x34 ./Drivers/STM32F7xx_HAL_Driver/Src/stm32f7xx_hal.o
 .ARM.attributes
                0x0000000000000213       0x34 ./Drivers/STM32F7xx_HAL_Driver/Src/stm32f7xx_hal_cortex.o
 .ARM.attributes
                0x0000000000000247       0x34 ./Drivers/STM32F7xx_HAL_Driver/Src/stm32f7xx_hal_gpio.o
 .ARM.attributes
                0x000000000000027b       0x34 ./Drivers/STM32F7xx_HAL_Driver/Src/stm32f7xx_hal_pwr_ex.o
 .ARM.attributes
                0x00000000000002af       0x34 ./Drivers/STM32F7xx_HAL_Driver/Src/stm32f7xx_hal_rcc.o
 .ARM.attributes
                0x00000000000002e3       0x34 ./Drivers/STM32F7xx_HAL_Driver/Src/stm32f7xx_hal_sram.o
 .ARM.attributes
                0x0000000000000317       0x34 ./Drivers/STM32F7xx_HAL_Driver/Src/stm32f7xx_ll_fmc.o
 .ARM.attributes
                0x000000000000034b       0x34 C:/ST/STM32CubeIDE_1.13.1/STM32CubeIDE/plugins/com.st.stm32cube.ide.mcu.externaltools.gnu-tools-for-stm32.11.3.rel1.win32_1.1.100.202309141235/tools/bin/../lib/gcc/arm-none-eabi/11.3.1/../../../../arm-none-eabi/lib/thumb/v7e-m+fp/hard\libc_nano.a(libc_a-memset.o)
 .ARM.attributes
                0x000000000000037f       0x34 C:/ST/STM32CubeIDE_1.13.1/STM32CubeIDE/plugins/com.st.stm32cube.ide.mcu.externaltools.gnu-tools-for-stm32.11.3.rel1.win32_1.1.100.202309141235/tools/bin/../lib/gcc/arm-none-eabi/11.3.1/../../../../arm-none-eabi/lib/thumb/v7e-m+fp/hard\libc_nano.a(libc_a-init.o)
 .ARM.attributes
                0x00000000000003b3       0x1e C:/ST/STM32CubeIDE_1.13.1/STM32CubeIDE/plugins/com.st.stm32cube.ide.mcu.externaltools.gnu-tools-for-stm32.11.3.rel1.win32_1.1.100.202309141235/tools/bin/../lib/gcc/arm-none-eabi/11.3.1/thumb/v7e-m+fp/hard\libgcc.a(_aeabi_uldivmod.o)
 .ARM.attributes
                0x00000000000003d1       0x34 C:/ST/STM32CubeIDE_1.13.1/STM32CubeIDE/plugins/com.st.stm32cube.ide.mcu.externaltools.gnu-tools-for-stm32.11.3.rel1.win32_1.1.100.202309141235/tools/bin/../lib/gcc/arm-none-eabi/11.3.1/thumb/v7e-m+fp/hard\libgcc.a(_udivmoddi4.o)
 .ARM.attributes
                0x0000000000000405       0x1e C:/ST/STM32CubeIDE_1.13.1/STM32CubeIDE/plugins/com.st.stm32cube.ide.mcu.externaltools.gnu-tools-for-stm32.11.3.rel1.win32_1.1.100.202309141235/tools/bin/../lib/gcc/arm-none-eabi/11.3.1/thumb/v7e-m+fp/hard\libgcc.a(_dvmd_tls.o)
 .ARM.attributes
                0x0000000000000423       0x1e C:/ST/STM32CubeIDE_1.13.1/STM32CubeIDE/plugins/com.st.stm32cube.ide.mcu.externaltools.gnu-tools-for-stm32.11.3.rel1.win32_1.1.100.202309141235/tools/bin/../lib/gcc/arm-none-eabi/11.3.1/thumb/v7e-m+fp/hard/crtn.o
OUTPUT(FE11_dash.elf elf32-littlearm)
LOAD linker stubs
LOAD C:/ST/STM32CubeIDE_1.13.1/STM32CubeIDE/plugins/com.st.stm32cube.ide.mcu.externaltools.gnu-tools-for-stm32.11.3.rel1.win32_1.1.100.202309141235/tools/bin/../lib/gcc/arm-none-eabi/11.3.1/../../../../arm-none-eabi/lib/thumb/v7e-m+fp/hard\libc.a
LOAD C:/ST/STM32CubeIDE_1.13.1/STM32CubeIDE/plugins/com.st.stm32cube.ide.mcu.externaltools.gnu-tools-for-stm32.11.3.rel1.win32_1.1.100.202309141235/tools/bin/../lib/gcc/arm-none-eabi/11.3.1/../../../../arm-none-eabi/lib/thumb/v7e-m+fp/hard\libm.a
LOAD C:/ST/STM32CubeIDE_1.13.1/STM32CubeIDE/plugins/com.st.stm32cube.ide.mcu.externaltools.gnu-tools-for-stm32.11.3.rel1.win32_1.1.100.202309141235/tools/bin/../lib/gcc/arm-none-eabi/11.3.1/thumb/v7e-m+fp/hard\libgcc.a

.comment        0x0000000000000000       0x43
 .comment       0x0000000000000000       0x43 C:/ST/STM32CubeIDE_1.13.1/STM32CubeIDE/plugins/com.st.stm32cube.ide.mcu.externaltools.gnu-tools-for-stm32.11.3.rel1.win32_1.1.100.202309141235/tools/bin/../lib/gcc/arm-none-eabi/11.3.1/thumb/v7e-m+fp/hard/crtbegin.o
                                         0x44 (size before relaxing)
 .comment       0x0000000000000043       0x44 ./Core/Src/frucd_display.o
 .comment       0x0000000000000043       0x44 ./Core/Src/main.o
 .comment       0x0000000000000043       0x44 ./Core/Src/stm32f7xx_hal_msp.o
 .comment       0x0000000000000043       0x44 ./Core/Src/stm32f7xx_it.o
 .comment       0x0000000000000043       0x44 ./Core/Src/system_stm32f7xx.o
 .comment       0x0000000000000043       0x44 ./Core/Src/ugui.o
 .comment       0x0000000000000043       0x44 ./Core/Src/ugui_SSD1963.o
 .comment       0x0000000000000043       0x44 ./Drivers/STM32F7xx_HAL_Driver/Src/stm32f7xx_hal.o
 .comment       0x0000000000000043       0x44 ./Drivers/STM32F7xx_HAL_Driver/Src/stm32f7xx_hal_cortex.o
 .comment       0x0000000000000043       0x44 ./Drivers/STM32F7xx_HAL_Driver/Src/stm32f7xx_hal_gpio.o
 .comment       0x0000000000000043       0x44 ./Drivers/STM32F7xx_HAL_Driver/Src/stm32f7xx_hal_pwr_ex.o
 .comment       0x0000000000000043       0x44 ./Drivers/STM32F7xx_HAL_Driver/Src/stm32f7xx_hal_rcc.o
 .comment       0x0000000000000043       0x44 ./Drivers/STM32F7xx_HAL_Driver/Src/stm32f7xx_hal_sram.o
 .comment       0x0000000000000043       0x44 ./Drivers/STM32F7xx_HAL_Driver/Src/stm32f7xx_ll_fmc.o

.debug_info     0x0000000000000000     0xbcce
 .debug_info    0x0000000000000000      0xc90 ./Core/Src/frucd_display.o
 .debug_info    0x0000000000000c90      0xce1 ./Core/Src/main.o
 .debug_info    0x0000000000001971      0x8e2 ./Core/Src/stm32f7xx_hal_msp.o
 .debug_info    0x0000000000002253      0x112 ./Core/Src/stm32f7xx_it.o
 .debug_info    0x0000000000002365      0x6ed ./Core/Src/system_stm32f7xx.o
 .debug_info    0x0000000000002a52     0x438f ./Core/Src/ugui.o
 .debug_info    0x0000000000006de1      0x461 ./Core/Src/ugui_SSD1963.o
 .debug_info    0x0000000000007242       0x23 ./Core/Startup/startup_stm32f746zgtx.o
 .debug_info    0x0000000000007265      0x9d8 ./Drivers/STM32F7xx_HAL_Driver/Src/stm32f7xx_hal.o
 .debug_info    0x0000000000007c3d      0xf49 ./Drivers/STM32F7xx_HAL_Driver/Src/stm32f7xx_hal_cortex.o
 .debug_info    0x0000000000008b86      0x6e7 ./Drivers/STM32F7xx_HAL_Driver/Src/stm32f7xx_hal_gpio.o
 .debug_info    0x000000000000926d      0x8cd ./Drivers/STM32F7xx_HAL_Driver/Src/stm32f7xx_hal_pwr_ex.o
 .debug_info    0x0000000000009b3a      0x8dc ./Drivers/STM32F7xx_HAL_Driver/Src/stm32f7xx_hal_rcc.o
 .debug_info    0x000000000000a416      0xd25 ./Drivers/STM32F7xx_HAL_Driver/Src/stm32f7xx_hal_sram.o
 .debug_info    0x000000000000b13b      0xb93 ./Drivers/STM32F7xx_HAL_Driver/Src/stm32f7xx_ll_fmc.o

.debug_abbrev   0x0000000000000000     0x1c52
 .debug_abbrev  0x0000000000000000      0x2ba ./Core/Src/frucd_display.o
 .debug_abbrev  0x00000000000002ba      0x28a ./Core/Src/main.o
 .debug_abbrev  0x0000000000000544      0x1d4 ./Core/Src/stm32f7xx_hal_msp.o
 .debug_abbrev  0x0000000000000718       0x73 ./Core/Src/stm32f7xx_it.o
 .debug_abbrev  0x000000000000078b      0x13b ./Core/Src/system_stm32f7xx.o
 .debug_abbrev  0x00000000000008c6      0x2b5 ./Core/Src/ugui.o
 .debug_abbrev  0x0000000000000b7b      0x193 ./Core/Src/ugui_SSD1963.o
 .debug_abbrev  0x0000000000000d0e       0x12 ./Core/Startup/startup_stm32f746zgtx.o
 .debug_abbrev  0x0000000000000d20      0x213 ./Drivers/STM32F7xx_HAL_Driver/Src/stm32f7xx_hal.o
 .debug_abbrev  0x0000000000000f33      0x329 ./Drivers/STM32F7xx_HAL_Driver/Src/stm32f7xx_hal_cortex.o
 .debug_abbrev  0x000000000000125c      0x1d4 ./Drivers/STM32F7xx_HAL_Driver/Src/stm32f7xx_hal_gpio.o
 .debug_abbrev  0x0000000000001430      0x1d5 ./Drivers/STM32F7xx_HAL_Driver/Src/stm32f7xx_hal_pwr_ex.o
 .debug_abbrev  0x0000000000001605      0x288 ./Drivers/STM32F7xx_HAL_Driver/Src/stm32f7xx_hal_rcc.o
 .debug_abbrev  0x000000000000188d      0x220 ./Drivers/STM32F7xx_HAL_Driver/Src/stm32f7xx_hal_sram.o
 .debug_abbrev  0x0000000000001aad      0x1a5 ./Drivers/STM32F7xx_HAL_Driver/Src/stm32f7xx_ll_fmc.o

.debug_aranges  0x0000000000000000      0xc80
 .debug_aranges
                0x0000000000000000       0x70 ./Core/Src/frucd_display.o
 .debug_aranges
                0x0000000000000070       0x40 ./Core/Src/main.o
 .debug_aranges
                0x00000000000000b0       0x40 ./Core/Src/stm32f7xx_hal_msp.o
 .debug_aranges
                0x00000000000000f0       0x60 ./Core/Src/stm32f7xx_it.o
 .debug_aranges
                0x0000000000000150       0x28 ./Core/Src/system_stm32f7xx.o
 .debug_aranges
                0x0000000000000178      0x568 ./Core/Src/ugui.o
 .debug_aranges
                0x00000000000006e0       0x80 ./Core/Src/ugui_SSD1963.o
 .debug_aranges
                0x0000000000000760       0x28 ./Core/Startup/startup_stm32f746zgtx.o
 .debug_aranges
                0x0000000000000788      0x100 ./Drivers/STM32F7xx_HAL_Driver/Src/stm32f7xx_hal.o
 .debug_aranges
                0x0000000000000888      0x118 ./Drivers/STM32F7xx_HAL_Driver/Src/stm32f7xx_hal_cortex.o
 .debug_aranges
                0x00000000000009a0       0x58 ./Drivers/STM32F7xx_HAL_Driver/Src/stm32f7xx_hal_gpio.o
 .debug_aranges
                0x00000000000009f8       0x80 ./Drivers/STM32F7xx_HAL_Driver/Src/stm32f7xx_hal_pwr_ex.o
 .debug_aranges
                0x0000000000000a78       0x88 ./Drivers/STM32F7xx_HAL_Driver/Src/stm32f7xx_hal_rcc.o
 .debug_aranges
                0x0000000000000b00       0xb8 ./Drivers/STM32F7xx_HAL_Driver/Src/stm32f7xx_hal_sram.o
 .debug_aranges
                0x0000000000000bb8       0xc8 ./Drivers/STM32F7xx_HAL_Driver/Src/stm32f7xx_ll_fmc.o

.debug_rnglists
                0x0000000000000000      0x966
 .debug_rnglists
                0x0000000000000000       0x53 ./Core/Src/frucd_display.o
 .debug_rnglists
                0x0000000000000053       0x2f ./Core/Src/main.o
 .debug_rnglists
                0x0000000000000082       0x2c ./Core/Src/stm32f7xx_hal_msp.o
 .debug_rnglists
                0x00000000000000ae       0x43 ./Core/Src/stm32f7xx_it.o
 .debug_rnglists
                0x00000000000000f1       0x1a ./Core/Src/system_stm32f7xx.o
 .debug_rnglists
                0x000000000000010b      0x432 ./Core/Src/ugui.o
 .debug_rnglists
                0x000000000000053d       0x60 ./Core/Src/ugui_SSD1963.o
 .debug_rnglists
                0x000000000000059d       0x19 ./Core/Startup/startup_stm32f746zgtx.o
 .debug_rnglists
                0x00000000000005b6       0xbb ./Drivers/STM32F7xx_HAL_Driver/Src/stm32f7xx_hal.o
 .debug_rnglists
                0x0000000000000671       0xce ./Drivers/STM32F7xx_HAL_Driver/Src/stm32f7xx_hal_cortex.o
 .debug_rnglists
                0x000000000000073f       0x3f ./Drivers/STM32F7xx_HAL_Driver/Src/stm32f7xx_hal_gpio.o
 .debug_rnglists
                0x000000000000077e       0x5f ./Drivers/STM32F7xx_HAL_Driver/Src/stm32f7xx_hal_pwr_ex.o
 .debug_rnglists
                0x00000000000007dd       0x67 ./Drivers/STM32F7xx_HAL_Driver/Src/stm32f7xx_hal_rcc.o
 .debug_rnglists
                0x0000000000000844       0x8d ./Drivers/STM32F7xx_HAL_Driver/Src/stm32f7xx_hal_sram.o
 .debug_rnglists
                0x00000000000008d1       0x95 ./Drivers/STM32F7xx_HAL_Driver/Src/stm32f7xx_ll_fmc.o

.debug_macro    0x0000000000000000    0x266cf
 .debug_macro   0x0000000000000000      0x328 ./Core/Src/frucd_display.o
 .debug_macro   0x0000000000000328      0xaa8 ./Core/Src/frucd_display.o
 .debug_macro   0x0000000000000dd0       0x22 ./Core/Src/frucd_display.o
 .debug_macro   0x0000000000000df2       0x5b ./Core/Src/frucd_display.o
 .debug_macro   0x0000000000000e4d       0x2a ./Core/Src/frucd_display.o
 .debug_macro   0x0000000000000e77       0x94 ./Core/Src/frucd_display.o
 .debug_macro   0x0000000000000f0b       0x43 ./Core/Src/frucd_display.o
 .debug_macro   0x0000000000000f4e       0x34 ./Core/Src/frucd_display.o
 .debug_macro   0x0000000000000f82       0x16 ./Core/Src/frucd_display.o
 .debug_macro   0x0000000000000f98       0x57 ./Core/Src/frucd_display.o
 .debug_macro   0x0000000000000fef       0x97 ./Core/Src/frucd_display.o
 .debug_macro   0x0000000000001086      0x369 ./Core/Src/frucd_display.o
 .debug_macro   0x00000000000013ef       0xfd ./Core/Src/frucd_display.o
 .debug_macro   0x00000000000014ec       0x10 ./Core/Src/frucd_display.o
 .debug_macro   0x00000000000014fc       0x16 ./Core/Src/frucd_display.o
 .debug_macro   0x0000000000001512       0x43 ./Core/Src/frucd_display.o
 .debug_macro   0x0000000000001555       0x34 ./Core/Src/frucd_display.o
 .debug_macro   0x0000000000001589       0x10 ./Core/Src/frucd_display.o
 .debug_macro   0x0000000000001599       0x58 ./Core/Src/frucd_display.o
 .debug_macro   0x00000000000015f1       0x8e ./Core/Src/frucd_display.o
 .debug_macro   0x000000000000167f       0x1c ./Core/Src/frucd_display.o
 .debug_macro   0x000000000000169b      0x177 ./Core/Src/frucd_display.o
 .debug_macro   0x0000000000001812       0x16 ./Core/Src/frucd_display.o
 .debug_macro   0x0000000000001828       0x16 ./Core/Src/frucd_display.o
 .debug_macro   0x000000000000183e      0x147 ./Core/Src/frucd_display.o
 .debug_macro   0x0000000000001985      0x103 ./Core/Src/frucd_display.o
 .debug_macro   0x0000000000001a88       0x6a ./Core/Src/frucd_display.o
 .debug_macro   0x0000000000001af2      0x1df ./Core/Src/frucd_display.o
 .debug_macro   0x0000000000001cd1       0x28 ./Core/Src/frucd_display.o
 .debug_macro   0x0000000000001cf9      0x5bb ./Core/Src/frucd_display.o
 .debug_macro   0x00000000000022b4       0x34 ./Core/Src/frucd_display.o
 .debug_macro   0x00000000000022e8      0x28d ./Core/Src/frucd_display.o
 .debug_macro   0x0000000000002575       0x2e ./Core/Src/frucd_display.o
 .debug_macro   0x00000000000025a3       0x3b ./Core/Src/frucd_display.o
 .debug_macro   0x00000000000025de       0x1c ./Core/Src/frucd_display.o
 .debug_macro   0x00000000000025fa       0x22 ./Core/Src/frucd_display.o
 .debug_macro   0x000000000000261c       0xd9 ./Core/Src/frucd_display.o
 .debug_macro   0x00000000000026f5     0x12cd ./Core/Src/frucd_display.o
 .debug_macro   0x00000000000039c2      0x11f ./Core/Src/frucd_display.o
 .debug_macro   0x0000000000003ae1       0x19 ./Core/Src/frucd_display.o
 .debug_macro   0x0000000000003afa    0x1920a ./Core/Src/frucd_display.o
 .debug_macro   0x000000000001cd04       0x6d ./Core/Src/frucd_display.o
 .debug_macro   0x000000000001cd71     0x3749 ./Core/Src/frucd_display.o
 .debug_macro   0x00000000000204ba       0x5d ./Core/Src/frucd_display.o
 .debug_macro   0x0000000000020517     0x18ad ./Core/Src/frucd_display.o
 .debug_macro   0x0000000000021dc4      0x6c4 ./Core/Src/frucd_display.o
 .debug_macro   0x0000000000022488      0x185 ./Core/Src/frucd_display.o
 .debug_macro   0x000000000002260d      0x115 ./Core/Src/frucd_display.o
 .debug_macro   0x0000000000022722      0x1fd ./Core/Src/frucd_display.o
 .debug_macro   0x000000000002291f       0xa5 ./Core/Src/frucd_display.o
 .debug_macro   0x00000000000229c4      0x24f ./Core/Src/frucd_display.o
 .debug_macro   0x0000000000022c13       0x41 ./Core/Src/frucd_display.o
 .debug_macro   0x0000000000022c54       0x58 ./Core/Src/frucd_display.o
 .debug_macro   0x0000000000022cac      0x236 ./Core/Src/frucd_display.o
 .debug_macro   0x0000000000022ee2      0x14e ./Core/Src/frucd_display.o
 .debug_macro   0x0000000000023030      0x25a ./Core/Src/frucd_display.o
 .debug_macro   0x000000000002328a       0x12 ./Core/Src/frucd_display.o
 .debug_macro   0x000000000002329c      0x504 ./Core/Src/frucd_display.o
 .debug_macro   0x00000000000237a0      0x22c ./Core/Src/frucd_display.o
 .debug_macro   0x00000000000239cc       0x61 ./Core/Src/frucd_display.o
 .debug_macro   0x0000000000023a2d       0xa5 ./Core/Src/frucd_display.o
 .debug_macro   0x0000000000023ad2      0x12e ./Core/Src/frucd_display.o
 .debug_macro   0x0000000000023c00      0x108 ./Core/Src/frucd_display.o
 .debug_macro   0x0000000000023d08       0x35 ./Core/Src/frucd_display.o
 .debug_macro   0x0000000000023d3d      0x14d ./Core/Src/frucd_display.o
 .debug_macro   0x0000000000023e8a       0x16 ./Core/Src/frucd_display.o
 .debug_macro   0x0000000000023ea0       0x35 ./Core/Src/frucd_display.o
 .debug_macro   0x0000000000023ed5       0x20 ./Core/Src/frucd_display.o
 .debug_macro   0x0000000000023ef5       0x22 ./Core/Src/frucd_display.o
 .debug_macro   0x0000000000023f17      0x332 ./Core/Src/main.o
 .debug_macro   0x0000000000024249       0x8e ./Core/Src/main.o
 .debug_macro   0x00000000000242d7       0x51 ./Core/Src/main.o
 .debug_macro   0x0000000000024328      0x174 ./Core/Src/main.o
 .debug_macro   0x000000000002449c       0x63 ./Core/Src/main.o
 .debug_macro   0x00000000000244ff       0x61 ./Core/Src/main.o
 .debug_macro   0x0000000000024560       0x2e ./Core/Src/main.o
 .debug_macro   0x000000000002458e      0x1de ./Core/Src/stm32f7xx_hal_msp.o
 .debug_macro   0x000000000002476c      0x1e8 ./Core/Src/stm32f7xx_it.o
 .debug_macro   0x0000000000024954      0x1d4 ./Core/Src/system_stm32f7xx.o
 .debug_macro   0x0000000000024b28       0x98 ./Core/Src/ugui.o
 .debug_macro   0x0000000000024bc0      0x5c1 ./Core/Src/ugui.o
 .debug_macro   0x0000000000025181      0x237 ./Core/Src/ugui_SSD1963.o
 .debug_macro   0x00000000000253b8      0x5bb ./Core/Src/ugui_SSD1963.o
 .debug_macro   0x0000000000025973      0x1f8 ./Drivers/STM32F7xx_HAL_Driver/Src/stm32f7xx_hal.o
 .debug_macro   0x0000000000025b6b      0x1d4 ./Drivers/STM32F7xx_HAL_Driver/Src/stm32f7xx_hal_cortex.o
 .debug_macro   0x0000000000025d3f      0x1da ./Drivers/STM32F7xx_HAL_Driver/Src/stm32f7xx_hal_gpio.o
 .debug_macro   0x0000000000025f19      0x1ec ./Drivers/STM32F7xx_HAL_Driver/Src/stm32f7xx_hal_pwr_ex.o
 .debug_macro   0x0000000000026105      0x1f8 ./Drivers/STM32F7xx_HAL_Driver/Src/stm32f7xx_hal_rcc.o
 .debug_macro   0x00000000000262fd      0x1d4 ./Drivers/STM32F7xx_HAL_Driver/Src/stm32f7xx_hal_sram.o
 .debug_macro   0x00000000000264d1      0x1fe ./Drivers/STM32F7xx_HAL_Driver/Src/stm32f7xx_ll_fmc.o

.debug_line     0x0000000000000000     0xd1ff
 .debug_line    0x0000000000000000      0xbec ./Core/Src/frucd_display.o
 .debug_line    0x0000000000000bec      0xa50 ./Core/Src/main.o
 .debug_line    0x000000000000163c      0x810 ./Core/Src/stm32f7xx_hal_msp.o
 .debug_line    0x0000000000001e4c      0x806 ./Core/Src/stm32f7xx_it.o
 .debug_line    0x0000000000002652      0x7c3 ./Core/Src/system_stm32f7xx.o
 .debug_line    0x0000000000002e15     0x4589 ./Core/Src/ugui.o
 .debug_line    0x000000000000739e      0xa95 ./Core/Src/ugui_SSD1963.o
 .debug_line    0x0000000000007e33       0x7a ./Core/Startup/startup_stm32f746zgtx.o
 .debug_line    0x0000000000007ead      0xa54 ./Drivers/STM32F7xx_HAL_Driver/Src/stm32f7xx_hal.o
 .debug_line    0x0000000000008901      0xcda ./Drivers/STM32F7xx_HAL_Driver/Src/stm32f7xx_hal_cortex.o
 .debug_line    0x00000000000095db      0xbc8 ./Drivers/STM32F7xx_HAL_Driver/Src/stm32f7xx_hal_gpio.o
 .debug_line    0x000000000000a1a3      0x9c0 ./Drivers/STM32F7xx_HAL_Driver/Src/stm32f7xx_hal_pwr_ex.o
 .debug_line    0x000000000000ab63      0xe94 ./Drivers/STM32F7xx_HAL_Driver/Src/stm32f7xx_hal_rcc.o
 .debug_line    0x000000000000b9f7      0xd46 ./Drivers/STM32F7xx_HAL_Driver/Src/stm32f7xx_hal_sram.o
 .debug_line    0x000000000000c73d      0xac2 ./Drivers/STM32F7xx_HAL_Driver/Src/stm32f7xx_ll_fmc.o

.debug_str      0x0000000000000000    0xe69f3
 .debug_str     0x0000000000000000    0xe32d9 ./Core/Src/frucd_display.o
                                      0xe3a1d (size before relaxing)
 .debug_str     0x00000000000e32d9      0x74c ./Core/Src/main.o
                                      0xe3c6e (size before relaxing)
 .debug_str     0x00000000000e3a25      0x120 ./Core/Src/stm32f7xx_hal_msp.o
                                      0xdeda8 (size before relaxing)
 .debug_str     0x00000000000e3b45       0xc9 ./Core/Src/stm32f7xx_it.o
                                      0xde7f6 (size before relaxing)
 .debug_str     0x00000000000e3c0e      0x1a4 ./Core/Src/system_stm32f7xx.o
                                      0xdea06 (size before relaxing)
 .debug_str     0x00000000000e3db2      0xe0e ./Core/Src/ugui.o
                                       0x6242 (size before relaxing)
 .debug_str     0x00000000000e4bc0      0x126 ./Core/Src/ugui_SSD1963.o
                                      0xdfd7e (size before relaxing)
 .debug_str     0x00000000000e4ce6       0x34 ./Core/Startup/startup_stm32f746zgtx.o
                                         0x8c (size before relaxing)
 .debug_str     0x00000000000e4d1a      0x9b9 ./Drivers/STM32F7xx_HAL_Driver/Src/stm32f7xx_hal.o
                                      0xdf36f (size before relaxing)
 .debug_str     0x00000000000e56d3      0x343 ./Drivers/STM32F7xx_HAL_Driver/Src/stm32f7xx_hal_cortex.o
                                      0xdf35a (size before relaxing)
 .debug_str     0x00000000000e5a16      0x141 ./Drivers/STM32F7xx_HAL_Driver/Src/stm32f7xx_hal_gpio.o
                                      0xdeac4 (size before relaxing)
 .debug_str     0x00000000000e5b57      0x1d1 ./Drivers/STM32F7xx_HAL_Driver/Src/stm32f7xx_hal_pwr_ex.o
                                      0xdec75 (size before relaxing)
 .debug_str     0x00000000000e5d28      0x252 ./Drivers/STM32F7xx_HAL_Driver/Src/stm32f7xx_hal_rcc.o
                                      0xded68 (size before relaxing)
 .debug_str     0x00000000000e5f7a      0x2a2 ./Drivers/STM32F7xx_HAL_Driver/Src/stm32f7xx_hal_sram.o
                                      0xdef0b (size before relaxing)
 .debug_str     0x00000000000e621c      0x7d7 ./Drivers/STM32F7xx_HAL_Driver/Src/stm32f7xx_ll_fmc.o
                                      0xdf217 (size before relaxing)

.debug_frame    0x0000000000000000     0x3418
 .debug_frame   0x0000000000000000      0x194 ./Core/Src/frucd_display.o
 .debug_frame   0x0000000000000194       0xb8 ./Core/Src/main.o
 .debug_frame   0x000000000000024c       0xc0 ./Core/Src/stm32f7xx_hal_msp.o
 .debug_frame   0x000000000000030c      0x104 ./Core/Src/stm32f7xx_it.o
 .debug_frame   0x0000000000000410       0x58 ./Core/Src/system_stm32f7xx.o
 .debug_frame   0x0000000000000468     0x1944 ./Core/Src/ugui.o
 .debug_frame   0x0000000000001dac      0x1e0 ./Core/Src/ugui_SSD1963.o
 .debug_frame   0x0000000000001f8c      0x3b4 ./Drivers/STM32F7xx_HAL_Driver/Src/stm32f7xx_hal.o
 .debug_frame   0x0000000000002340      0x498 ./Drivers/STM32F7xx_HAL_Driver/Src/stm32f7xx_hal_cortex.o
 .debug_frame   0x00000000000027d8      0x14c ./Drivers/STM32F7xx_HAL_Driver/Src/stm32f7xx_hal_gpio.o
 .debug_frame   0x0000000000002924      0x1c8 ./Drivers/STM32F7xx_HAL_Driver/Src/stm32f7xx_hal_pwr_ex.o
 .debug_frame   0x0000000000002aec      0x1f8 ./Drivers/STM32F7xx_HAL_Driver/Src/stm32f7xx_hal_rcc.o
 .debug_frame   0x0000000000002ce4      0x30c ./Drivers/STM32F7xx_HAL_Driver/Src/stm32f7xx_hal_sram.o
 .debug_frame   0x0000000000002ff0      0x37c ./Drivers/STM32F7xx_HAL_Driver/Src/stm32f7xx_ll_fmc.o
 .debug_frame   0x000000000000336c       0x20 C:/ST/STM32CubeIDE_1.13.1/STM32CubeIDE/plugins/com.st.stm32cube.ide.mcu.externaltools.gnu-tools-for-stm32.11.3.rel1.win32_1.1.100.202309141235/tools/bin/../lib/gcc/arm-none-eabi/11.3.1/../../../../arm-none-eabi/lib/thumb/v7e-m+fp/hard\libc_nano.a(libc_a-memset.o)
 .debug_frame   0x000000000000338c       0x2c C:/ST/STM32CubeIDE_1.13.1/STM32CubeIDE/plugins/com.st.stm32cube.ide.mcu.externaltools.gnu-tools-for-stm32.11.3.rel1.win32_1.1.100.202309141235/tools/bin/../lib/gcc/arm-none-eabi/11.3.1/../../../../arm-none-eabi/lib/thumb/v7e-m+fp/hard\libc_nano.a(libc_a-init.o)
 .debug_frame   0x00000000000033b8       0x2c C:/ST/STM32CubeIDE_1.13.1/STM32CubeIDE/plugins/com.st.stm32cube.ide.mcu.externaltools.gnu-tools-for-stm32.11.3.rel1.win32_1.1.100.202309141235/tools/bin/../lib/gcc/arm-none-eabi/11.3.1/thumb/v7e-m+fp/hard\libgcc.a(_aeabi_uldivmod.o)
 .debug_frame   0x00000000000033e4       0x34 C:/ST/STM32CubeIDE_1.13.1/STM32CubeIDE/plugins/com.st.stm32cube.ide.mcu.externaltools.gnu-tools-for-stm32.11.3.rel1.win32_1.1.100.202309141235/tools/bin/../lib/gcc/arm-none-eabi/11.3.1/thumb/v7e-m+fp/hard\libgcc.a(_udivmoddi4.o)

.debug_line_str
                0x0000000000000000       0x80
 .debug_line_str
                0x0000000000000000       0x80 ./Core/Startup/startup_stm32f746zgtx.o
                                         0x98 (size before relaxing)
