../Core/Src/frucd_display.c:60:6:Display_Init	8	static
../Core/Src/frucd_display.c:78:6:Display_CalibrateScreen	16	static
../Core/Src/frucd_display.c:99:6:Display_DebugTemplate	8	static
../Core/Src/frucd_display.c:120:6:Display_DriveTemplate	16	static
../Core/Src/frucd_display.c:158:6:Display_Update	8	static
../Core/Src/frucd_display.c:170:6:draw_soc	16	static
../Core/Src/frucd_display.c:175:6:draw_bms_temp	16	static
../Core/Src/frucd_display.c:180:6:draw_state	40	static
../Core/Src/frucd_display.c:311:10:value_to_color	8	static
../Core/Src/frucd_display.c:353:6:draw_value_textbox	80	static
../Core/Src/frucd_display.c:369:6:draw_textbox	48	static
