../Core/Src/sensors.c:27:10:getConversion	16	static
../Core/Src/sensors.c:45:6:run_calibration	8	static
../Core/Src/sensors.c:51:6:update_sensor_vals	4	static
../Core/Src/sensors.c:83:10:requested_throttle	16	static
../Core/Src/sensors.c:91:6:temp_attenuate	16	static
../Core/Src/sensors.c:102:6:sensors_calibrated	4	static
../Core/Src/sensors.c:109:6:braking	4	static
../Core/Src/sensors.c:113:6:brake_mashed	4	static
../Core/Src/sensors.c:120:6:has_discrepancy	4	static
../Core/Src/sensors.c:132:6:brake_implausible	4	static
../Core/Src/sensors.c:144:6:update_percent	24	static
../Core/Src/sensors.c:149:6:update_minmax	16	static
../Core/Src/sensors.c:155:10:clamp	16	static
../Core/Src/sensors.c:161:6:init_sensors	4	static
