../Core/Src/frucd_display.c:92:6:Display_Init	8	static
../Core/Src/frucd_display.c:110:6:Display_CalibrateScreen	16	static
../Core/Src/frucd_display.c:118:6:Display_DebugTemplate	24	static
../Core/Src/frucd_display.c:224:6:Display_DriveTemplate	24	static
../Core/Src/frucd_display.c:530:10:value_to_color	8	static
../Core/Src/frucd_display.c:588:6:draw_textbox	32	static
../Core/Src/frucd_display.c:319:6:draw_motor_temp	24	static
../Core/Src/frucd_display.c:335:6:draw_mc_temp	24	static
../Core/Src/frucd_display.c:350:6:draw_shutdown	24	static
../Core/Src/frucd_display.c:382:6:draw_state	24	static
../Core/Src/frucd_display.c:512:6:draw_glv_v	24	static
../Core/Src/frucd_display.c:572:6:draw_value_textbox	72	static
../Core/Src/frucd_display.c:301:6:draw_speed	0	static
../Core/Src/frucd_display.c:305:6:draw_soc	0	static
../Core/Src/frucd_display.c:310:6:draw_bms_temp	0	static
../Core/Src/frucd_display.c:278:6:Display_Update	8	static
../Core/Src/frucd_display.c:315:6:draw_mc_fault_state	0	static
../Core/Src/frucd_display.c:290:6:Debug_Display_Update	8	static
