../Core/Src/main.c:1231:6:SDCardEntry	8	static
../Core/Inc/driver_input.h:17:9:traction_control_btn_pressed	8	static
../Core/Inc/driver_input.h:22:6:traction_control_enabled_update	8	static
../Core/Inc/driver_input.h:49:9:debug_btn_pressed	8	static
../Core/Inc/driver_input.h:53:6:debug_enabled_update	8	static
../Core/Inc/driver_input.h:75:9:hv_switch	8	static
../Core/Inc/driver_input.h:79:9:drive_switch	8	static
../Core/Src/main.c:130:9:shutdown_closed	0	static
../Core/Src/main.c:135:6:HAL_GPIO_EXTI_Callback	0	static
../Core/Src/main.c:1260:6:HAL_TIM_PeriodElapsedCallback	8	static
../Core/Src/main.c:1287:6:Error_Handler	8	static,ignoring_inline_asm
../Core/Src/main.c:256:6:SystemClock_Config	88	static
../Core/Src/main.c:157:5:main	256	static
../Core/Src/main.c:969:6:MainEntry	120	static
