../Core/Src/sensors.c:30:6:init_sensors	0	static
../Core/Src/sensors.c:42:6:select_adc_channel	32	static
../Core/Src/sensors.c:103:10:get_adc_conversion	8	static
../Core/Src/sensors.c:177:10:get_max_power	0	static
../Core/Src/sensors.c:187:10:get_max_torque	16	static
../Core/Src/sensors.c:161:10:requested_throttle	8	static
../Core/Src/sensors.c:200:6:sensors_calibrated	0	static
../Core/Src/sensors.c:207:6:braking	0	static
../Core/Src/sensors.c:211:6:brake_mashed	0	static
../Core/Src/sensors.c:218:6:has_discrepancy	0	static
../Core/Src/sensors.c:231:6:brake_implausible	0	static
../Core/Src/sensors.c:243:6:update_percent	0	static
../Core/Src/sensors.c:129:6:update_sensor_vals	16	static
../Core/Src/sensors.c:248:6:update_minmax	0	static
../Core/Src/sensors.c:123:6:run_calibration	8	static
../Core/Src/sensors.c:260:6:add_deadzone	0	static
../Core/Src/sensors.c:254:6:add_apps_deadzone	8	static
../Core/Src/sensors.c:270:10:clamp	0	static
