../Core/Src/stm32f7xx_hal_msp.c:74:6:HAL_MspInit	8	static
../Core/Src/stm32f7xx_hal_msp.c:99:6:HAL_ADC_MspInit	56	static
../Core/Src/stm32f7xx_hal_msp.c:195:6:HAL_ADC_MspDeInit	8	static
../Core/Src/stm32f7xx_hal_msp.c:250:6:HAL_CAN_MspInit	48	static
../Core/Src/stm32f7xx_hal_msp.c:320:6:HAL_CAN_MspDeInit	8	static
../Core/Src/stm32f7xx_hal_msp.c:376:6:HAL_SD_MspInit	200	static
../Core/Src/stm32f7xx_hal_msp.c:489:6:HAL_SD_MspDeInit	8	static
../Core/Src/stm32f7xx_hal_msp.c:531:6:HAL_TIM_Base_MspInit	56	static
../Core/Src/stm32f7xx_hal_msp.c:625:6:HAL_TIM_Base_MspDeInit	8	static
../Core/Src/stm32f7xx_hal_msp.c:688:6:HAL_UART_MspInit	192	static
../Core/Src/stm32f7xx_hal_msp.c:822:6:HAL_UART_MspDeInit	8	static
../Core/Src/stm32f7xx_hal_msp.c:950:6:HAL_SRAM_MspInit	48	static
../Core/Src/stm32f7xx_hal_msp.c:1010:6:HAL_SRAM_MspDeInit	8	static
