../Core/Src/ugui.c:4570:8:UG_Init	0	static
../Core/Src/ugui.c:4614:8:UG_SelectGUI	0	static
../Core/Src/ugui.c:4620:6:UG_FontSelect	12	static
../Core/Src/ugui.c:4630:6:UG_FillFrame	40	static
../Core/Src/ugui.c:4625:6:UG_FillScreen	16	static
../Core/Src/ugui.c:4712:6:UG_DrawMesh	32	static
../Core/Src/ugui.c:4775:6:UG_DrawPixel	0	static
../Core/Src/ugui.c:4780:6:UG_DrawCircle	64	static
../Core/Src/ugui.c:4855:6:UG_DrawArc	56	static
../Core/Src/ugui.c:4899:6:UG_DrawLine	64	static
../Core/Src/ugui.c:4662:6:UG_FillRoundFrame	64	static
../Core/Src/ugui.c:4738:6:UG_DrawFrame	32	static
../Core/Src/ugui.c:4746:6:UG_DrawRoundFrame	56	static
../Core/Src/ugui.c:4817:6:UG_FillCircle	72	static
../Core/Src/ugui.c:5057:6:UG_ConsoleSetArea	8	static
../Core/Src/ugui.c:5065:6:UG_ConsoleSetForecolor	0	static
../Core/Src/ugui.c:5070:6:UG_ConsoleSetBackcolor	0	static
../Core/Src/ugui.c:5075:6:UG_SetForecolor	0	static
../Core/Src/ugui.c:5080:6:UG_SetBackcolor	0	static
../Core/Src/ugui.c:5085:8:UG_GetXDim	0	static
../Core/Src/ugui.c:5090:8:UG_GetYDim	0	static
../Core/Src/ugui.c:5095:6:UG_FontSetHSpace	0	static
../Core/Src/ugui.c:5100:6:UG_FontSetVSpace	0	static
../Core/Src/ugui.c:5438:6:_UG_PutChar	56	static
../Core/Src/ugui.c:5017:6:UG_PutChar	16	static
../Core/Src/ugui.c:4952:6:UG_PutString	40	static
../Core/Src/ugui.c:4985:6:UG_PutColorString	56	static
../Core/Src/ugui.c:5022:6:UG_ConsolePutString	32	static
../Core/Src/ugui.c:5575:6:_UG_PutText	72	static
../Core/Src/ugui.c:5651:12:_UG_GetFreeObject	0	static
../Core/Src/ugui.c:5668:12:_UG_SearchObject	12	static
../Core/Src/ugui.c:5688:11:_UG_DeleteObject	8	static
../Core/Src/ugui.c:5711:6:_UG_ProcessTouchData	20	static
../Core/Src/ugui.c:5783:6:_UG_UpdateObjects	32	static
../Core/Src/ugui.c:5814:6:_UG_HandleEvents	40	static
../Core/Src/ugui.c:5850:6:_UG_DrawObjectFrame	64	static
../Core/Src/ugui.c:5870:6:_UG_SendObjectPrerenderEvent	16	static
../Core/Src/ugui.c:5884:6:_UG_SendObjectPostrenderEvent	16	static
../Core/Src/ugui.c:5900:6:UG_DriverRegister	0	static
../Core/Src/ugui.c:5908:6:UG_DriverEnable	0	static
../Core/Src/ugui.c:5917:6:UG_DriverDisable	0	static
../Core/Src/ugui.c:5981:6:UG_WaitForUpdate	0	static
../Core/Src/ugui.c:5992:6:UG_DrawBMP	40	static
../Core/Src/ugui.c:6042:6:UG_TouchUpdate	0	static
../Core/Src/ugui.c:6052:11:UG_WindowCreate	20	static
../Core/Src/ugui.c:6102:11:UG_WindowDelete	0	static
../Core/Src/ugui.c:6123:11:UG_WindowShow	0	static
../Core/Src/ugui.c:6167:11:UG_WindowResize	40	static
../Core/Src/ugui.c:6217:11:UG_WindowSetForeColor	0	static
../Core/Src/ugui.c:6228:11:UG_WindowSetBackColor	0	static
../Core/Src/ugui.c:6239:11:UG_WindowSetTitleTextColor	0	static
../Core/Src/ugui.c:6250:11:UG_WindowSetTitleColor	0	static
../Core/Src/ugui.c:6261:11:UG_WindowSetTitleInactiveTextColor	0	static
../Core/Src/ugui.c:6272:11:UG_WindowSetTitleInactiveColor	0	static
../Core/Src/ugui.c:6283:11:UG_WindowSetTitleText	0	static
../Core/Src/ugui.c:6294:11:UG_WindowSetTitleTextFont	8	static
../Core/Src/ugui.c:6310:11:UG_WindowSetTitleTextHSpace	0	static
../Core/Src/ugui.c:6321:11:UG_WindowSetTitleTextVSpace	0	static
../Core/Src/ugui.c:6332:11:UG_WindowSetTitleTextAlignment	0	static
../Core/Src/ugui.c:6343:11:UG_WindowSetTitleHeight	0	static
../Core/Src/ugui.c:6355:11:UG_WindowSetXStart	16	static
../Core/Src/ugui.c:6366:11:UG_WindowSetYStart	16	static
../Core/Src/ugui.c:6377:11:UG_WindowSetXEnd	16	static
../Core/Src/ugui.c:6388:11:UG_WindowSetYEnd	16	static
../Core/Src/ugui.c:6399:11:UG_WindowSetStyle	0	static
../Core/Src/ugui.c:6427:10:UG_WindowGetForeColor	0	static
../Core/Src/ugui.c:6437:10:UG_WindowGetBackColor	0	static
../Core/Src/ugui.c:6447:10:UG_WindowGetTitleTextColor	0	static
../Core/Src/ugui.c:6457:10:UG_WindowGetTitleColor	0	static
../Core/Src/ugui.c:6208:11:UG_WindowAlert	16	static
../Core/Src/ugui.c:6467:10:UG_WindowGetTitleInactiveTextColor	0	static
../Core/Src/ugui.c:6477:10:UG_WindowGetTitleInactiveColor	0	static
../Core/Src/ugui.c:6487:7:UG_WindowGetTitleText	0	static
../Core/Src/ugui.c:6497:10:UG_WindowGetTitleTextFont	0	static
../Core/Src/ugui.c:6507:7:UG_WindowGetTitleTextHSpace	0	static
../Core/Src/ugui.c:6517:7:UG_WindowGetTitleTextVSpace	0	static
../Core/Src/ugui.c:6527:7:UG_WindowGetTitleTextAlignment	0	static
../Core/Src/ugui.c:6537:7:UG_WindowGetTitleHeight	0	static
../Core/Src/ugui.c:6547:8:UG_WindowGetXStart	0	static
../Core/Src/ugui.c:6557:8:UG_WindowGetYStart	0	static
../Core/Src/ugui.c:6567:8:UG_WindowGetXEnd	0	static
../Core/Src/ugui.c:6577:8:UG_WindowGetYEnd	0	static
../Core/Src/ugui.c:6587:7:UG_WindowGetStyle	0	static
../Core/Src/ugui.c:6597:11:UG_WindowGetArea	16	static
../Core/Src/ugui.c:7225:6:_UG_ButtonUpdate	72	static
../Core/Src/ugui.c:7795:6:_UG_CheckboxUpdate	80	static
../Core/Src/ugui.c:8233:6:_UG_TextboxUpdate	64	static
../Core/Src/ugui.c:8383:6:_UG_ImageUpdate	40	static
../Core/Src/ugui.c:6621:8:UG_WindowGetInnerWidth	0	static
../Core/Src/ugui.c:6636:8:UG_WindowGetOuterWidth	0	static
../Core/Src/ugui.c:6648:8:UG_WindowGetInnerHeight	0	static
../Core/Src/ugui.c:6666:8:UG_WindowGetOuterHeight	0	static
../Core/Src/ugui.c:6678:11:_UG_WindowDrawTitle	64	static
../Core/Src/ugui.c:6733:6:_UG_WindowUpdate	32	static
../Core/Src/ugui.c:5929:6:UG_Update	8	static
../Core/Src/ugui.c:6785:11:_UG_WindowClear	24	static
../Core/Src/ugui.c:6136:11:UG_WindowHide	8	static
../Core/Src/ugui.c:6812:11:UG_ButtonCreate	24	static
../Core/Src/ugui.c:6854:11:UG_ButtonDelete	0	static
../Core/Src/ugui.c:6859:11:UG_ButtonShow	8	static
../Core/Src/ugui.c:6872:11:UG_ButtonHide	8	static
../Core/Src/ugui.c:6891:11:UG_ButtonSetForeColor	8	static
../Core/Src/ugui.c:6906:11:UG_ButtonSetBackColor	8	static
../Core/Src/ugui.c:6921:11:UG_ButtonSetAlternateForeColor	8	static
../Core/Src/ugui.c:6936:11:UG_ButtonSetAlternateBackColor	8	static
../Core/Src/ugui.c:6951:11:UG_ButtonSetText	8	static
../Core/Src/ugui.c:6966:11:UG_ButtonSetFont	8	static
../Core/Src/ugui.c:6981:11:UG_ButtonSetStyle	16	static
../Core/Src/ugui.c:7029:11:UG_ButtonSetHSpace	8	static
../Core/Src/ugui.c:7044:11:UG_ButtonSetVSpace	8	static
../Core/Src/ugui.c:7059:11:UG_ButtonSetAlignment	8	static
../Core/Src/ugui.c:7074:10:UG_ButtonGetForeColor	8	static
../Core/Src/ugui.c:7089:10:UG_ButtonGetBackColor	8	static
../Core/Src/ugui.c:7104:10:UG_ButtonGetAlternateForeColor	8	static
../Core/Src/ugui.c:7119:10:UG_ButtonGetAlternateBackColor	8	static
../Core/Src/ugui.c:7134:7:UG_ButtonGetText	8	static
../Core/Src/ugui.c:7149:10:UG_ButtonGetFont	8	static
../Core/Src/ugui.c:7164:7:UG_ButtonGetStyle	8	static
../Core/Src/ugui.c:7179:7:UG_ButtonGetHSpace	8	static
../Core/Src/ugui.c:7194:7:UG_ButtonGetVSpace	8	static
../Core/Src/ugui.c:7209:7:UG_ButtonGetAlignment	8	static
../Core/Src/ugui.c:7350:11:UG_CheckboxCreate	24	static
../Core/Src/ugui.c:7393:11:UG_CheckboxDelete	0	static
../Core/Src/ugui.c:7398:11:UG_CheckboxShow	8	static
../Core/Src/ugui.c:7411:11:UG_CheckboxHide	8	static
../Core/Src/ugui.c:7430:11:UG_CheckboxSetCheched	8	static
../Core/Src/ugui.c:7446:11:UG_CheckboxSetForeColor	8	static
../Core/Src/ugui.c:7461:11:UG_CheckboxSetBackColor	8	static
../Core/Src/ugui.c:7476:11:UG_CheckboxSetAlternateForeColor	8	static
../Core/Src/ugui.c:7491:11:UG_CheckboxSetAlternateBackColor	8	static
../Core/Src/ugui.c:7506:11:UG_CheckboxSetText	8	static
../Core/Src/ugui.c:7521:11:UG_CheckboxSetFont	8	static
../Core/Src/ugui.c:7536:11:UG_CheckboxSetStyle	16	static
../Core/Src/ugui.c:7584:11:UG_CheckboxSetHSpace	8	static
../Core/Src/ugui.c:7599:11:UG_CheckboxSetVSpace	8	static
../Core/Src/ugui.c:7614:11:UG_CheckboxSetAlignment	8	static
../Core/Src/ugui.c:7629:7:UG_CheckboxGetChecked	8	static
../Core/Src/ugui.c:7644:10:UG_CheckboxGetForeColor	8	static
../Core/Src/ugui.c:7659:10:UG_CheckboxGetBackColor	8	static
../Core/Src/ugui.c:7674:10:UG_CheckboxGetAlternateForeColor	8	static
../Core/Src/ugui.c:7689:10:UG_CheckboxGetAlternateBackColor	8	static
../Core/Src/ugui.c:7704:7:UG_CheckboxGetText	8	static
../Core/Src/ugui.c:7719:10:UG_CheckboxGetFont	8	static
../Core/Src/ugui.c:7734:7:UG_CheckboxGetStyle	8	static
../Core/Src/ugui.c:7749:7:UG_CheckboxGetHSpace	8	static
../Core/Src/ugui.c:7764:7:UG_CheckboxGetVSpace	8	static
../Core/Src/ugui.c:7779:7:UG_CheckboxGetAlignment	8	static
../Core/Src/ugui.c:7951:11:UG_TextboxCreate	24	static
../Core/Src/ugui.c:7992:11:UG_TextboxDelete	0	static
../Core/Src/ugui.c:7997:11:UG_TextboxShow	8	static
../Core/Src/ugui.c:8010:11:UG_TextboxHide	8	static
../Core/Src/ugui.c:8023:11:UG_TextboxSetForeColor	8	static
../Core/Src/ugui.c:8038:11:UG_TextboxSetBackColor	8	static
../Core/Src/ugui.c:8053:11:UG_TextboxSetText	8	static
../Core/Src/ugui.c:8068:11:UG_TextboxSetFont	8	static
../Core/Src/ugui.c:8083:11:UG_TextboxSetHSpace	8	static
../Core/Src/ugui.c:8098:11:UG_TextboxSetVSpace	8	static
../Core/Src/ugui.c:8113:11:UG_TextboxSetAlignment	8	static
../Core/Src/ugui.c:8128:10:UG_TextboxGetForeColor	8	static
../Core/Src/ugui.c:8143:10:UG_TextboxGetBackColor	8	static
../Core/Src/ugui.c:8158:7:UG_TextboxGetText	8	static
../Core/Src/ugui.c:8173:10:UG_TextboxGetFont	8	static
../Core/Src/ugui.c:8188:7:UG_TextboxGetHSpace	8	static
../Core/Src/ugui.c:8203:7:UG_TextboxGetVSpace	8	static
../Core/Src/ugui.c:8218:7:UG_TextboxGetAlignment	8	static
../Core/Src/ugui.c:8302:11:UG_ImageCreate	24	static
../Core/Src/ugui.c:8336:11:UG_ImageDelete	0	static
../Core/Src/ugui.c:8341:11:UG_ImageShow	8	static
../Core/Src/ugui.c:8354:11:UG_ImageHide	8	static
../Core/Src/ugui.c:8367:11:UG_ImageSetBMP	8	static
